
Discarded input sections

 .text          0x0000000000000000        0x0 obj/external/BSW/Eep/EepIO.o
 .data          0x0000000000000000        0x0 obj/external/BSW/Eep/EepIO.o
 .bss           0x0000000000000000      0x100 obj/external/BSW/Eep/EepIO.o
 .text.EepromDriver_CheckRangeContained
                0x0000000000000000       0x2e obj/external/BSW/Eep/EepIO.o
 .text.EepromDriver_InitSync
                0x0000000000000000       0x3c obj/external/BSW/Eep/EepIO.o
 .text.EepromDriver_DeinitSync
                0x0000000000000000        0x4 obj/external/BSW/Eep/EepIO.o
 .text.EepromDriver_RWriteSync
                0x0000000000000000       0x22 obj/external/BSW/Eep/EepIO.o
 .text.EepromDriver_REraseSync
                0x0000000000000000        0x6 obj/external/BSW/Eep/EepIO.o
 .text.EepromDriver_RReadSync
                0x0000000000000000       0x22 obj/external/BSW/Eep/EepIO.o
 .text.EepromDriver_VerifySync
                0x0000000000000000        0x4 obj/external/BSW/Eep/EepIO.o
 .text          0x0000000000000000        0x0 obj/external/BSW/Fbl/fbl_applvect.o
 .data          0x0000000000000000        0x0 obj/external/BSW/Fbl/fbl_applvect.o
 .bss           0x0000000000000000        0x0 obj/external/BSW/Fbl/fbl_applvect.o
 .text          0x0000000000000000        0x0 obj/external/BSW/Fbl/fbl_flio.o
 .data          0x0000000000000000        0x0 obj/external/BSW/Fbl/fbl_flio.o
 .text          0x0000000000000000        0x0 obj/external/BSW/Fbl/fbl_hw.o
 .data          0x0000000000000000        0x0 obj/external/BSW/Fbl/fbl_hw.o
 .text          0x0000000000000000        0x0 obj/external/BSW/Fbl/fbl_lbt_access.o
 .data          0x0000000000000000        0x0 obj/external/BSW/Fbl/fbl_lbt_access.o
 .text.FblLbtBlockFilterInit
                0x0000000000000000        0x8 obj/external/BSW/Fbl/fbl_lbt_access.o
 .text.FblLbtBlockFilterSetMandatoryType
                0x0000000000000000        0x8 obj/external/BSW/Fbl/fbl_lbt_access.o
 .text.FblLbtBlockFilterSetBlockType
                0x0000000000000000        0xa obj/external/BSW/Fbl/fbl_lbt_access.o
 .text.FblLbtBlockNext
                0x0000000000000000       0xc6 obj/external/BSW/Fbl/fbl_lbt_access.o
 .text.FblLbtBlockFirst
                0x0000000000000000       0x32 obj/external/BSW/Fbl/fbl_lbt_access.o
 .text.FblLbtBlockDone
                0x0000000000000000        0xa obj/external/BSW/Fbl/fbl_lbt_access.o
 .text.FblLbtGetBlockCount
                0x0000000000000000        0xc obj/external/BSW/Fbl/fbl_lbt_access.o
 .text.FblLbtGetMagicFlag
                0x0000000000000000        0xc obj/external/BSW/Fbl/fbl_lbt_access.o
 .text.FblLbtGetBlockDescriptorByType
                0x0000000000000000       0x62 obj/external/BSW/Fbl/fbl_lbt_access.o
 .text.FblLbtGetBlockTypeByNr
                0x0000000000000000       0x26 obj/external/BSW/Fbl/fbl_lbt_access.o
 .text.FblLbtGetBlockIndexByNr
                0x0000000000000000       0x26 obj/external/BSW/Fbl/fbl_lbt_access.o
 .text.FblLbtGetBlockHeaderAddressByNr
                0x0000000000000000       0x26 obj/external/BSW/Fbl/fbl_lbt_access.o
 .text.FblLbtGetBlockBmHeaderAddressByNr
                0x0000000000000000       0x26 obj/external/BSW/Fbl/fbl_lbt_access.o
 .text.FblLbtGetBlockVerifyOutputFuncByNr
                0x0000000000000000       0x26 obj/external/BSW/Fbl/fbl_lbt_access.o
 .text.FblLbtGetBlockDescriptorByIndex
                0x0000000000000000       0x62 obj/external/BSW/Fbl/fbl_lbt_access.o
 .text.FblLbtGetBlockNrByIndex
                0x0000000000000000       0x24 obj/external/BSW/Fbl/fbl_lbt_access.o
 .text.FblLbtGetBlockTypeByIndex
                0x0000000000000000       0x26 obj/external/BSW/Fbl/fbl_lbt_access.o
 .text.FblLbtGetBlockHeaderAddressByIndex
                0x0000000000000000       0x26 obj/external/BSW/Fbl/fbl_lbt_access.o
 .text.FblLbtGetBlockBmHeaderAddressByIndex
                0x0000000000000000       0x26 obj/external/BSW/Fbl/fbl_lbt_access.o
 .text.FblLbtGetBlockVerifyOutputFuncByIndex
                0x0000000000000000       0x26 obj/external/BSW/Fbl/fbl_lbt_access.o
 .text.FblLbtCheckAddressRange
                0x0000000000000000       0x10 obj/external/BSW/Fbl/fbl_lbt_access.o
 .text.FblLbtCheckRangeContained
                0x0000000000000000       0x1e obj/external/BSW/Fbl/fbl_lbt_access.o
 .text.FblLbtGetBlockNrByAddressLength
                0x0000000000000000       0x68 obj/external/BSW/Fbl/fbl_lbt_access.o
 .text.FblLbtGetBlockDescriptorByAddressLength
                0x0000000000000000       0x20 obj/external/BSW/Fbl/fbl_lbt_access.o
 .text.FblLbtActivateLbtBlockByAddress
                0x0000000000000000        0xa obj/external/BSW/Fbl/fbl_lbt_access.o
 .text          0x0000000000000000        0x0 obj/external/BSW/Fbl/fbl_mio.o
 .data          0x0000000000000000        0x0 obj/external/BSW/Fbl/fbl_mio.o
 .text          0x0000000000000000        0x0 obj/external/BSW/Fbl/fbl_nvpattern.o
[...]
Memory Configuration

Name             Origin             Length             Used               Free               Attributes
FlashDrvArea     0x0000000070000000 0x0000000000000c00         0x0000000000000c00         0x0000000000000000
EepDummy         0x0000000070001c00 0x0000000000000100         0x0000000000000000         0x0000000000000100
MagicFlag        0x0000000070003c00 0x0000000000000008         0x0000000000000000         0x0000000000000008
Ram_StackC0      0x0000000070003c40 0x0000000000009000         0x0000000000009000         0x0000000000000000
DefaultRamArea   0x000000007000cc40 0x0000000000012000         0x00000000000022b0         0x000000000000fd50
BmRom_Startup    0x00000000a0000000 0x0000000000000300         0x0000000000000000         0x0000000000000300
BmRomArea        0x00000000a0000300 0x000000000001fae0         0x0000000000000000         0x000000000001fae0
BmHeader         0x00000000a001ffe0 0x0000000000000020         0x0000000000000000         0x0000000000000020
FblHeader        0x00000000a0020000 0x0000000000000020         0x0000000000000000         0x0000000000000020
FblBmHdrHeader   0x00000000a0020020 0x0000000000000020         0x0000000000000000         0x0000000000000020
FblRomStartup    0x00000000a0020040 0x0000000000000400         0x0000000000000000         0x0000000000000400
FblRomArea       0x00000000a0020440 0x000000000005ebc0         0x0000000000000000         0x000000000005ebc0
FblReserved      0x00000000a007f000 0x0000000000000fc0         0x0000000000000000         0x0000000000000fc0
FblBlockValPresencePattern 0x00000000a007ffc0 0x0000000000000040         0x0000000000000000         0x0000000000000040
ApplVect         0x00000000a0080000 0x0000000000000008         0x0000000000000008         0x0000000000000000
ApplReserved_Alignment 0x00000000a0080008 0x00000000000000f8         0x0000000000000000         0x00000000000000f8
ApplCoreExceptions_FirstExecInst 0x00000000a0080100 0x0000000000000200         0x0000000000000000         0x0000000000000200
ApplStartupCode_FirstExecInst 0x00000000a0080300 0x0000000000000500         0x0000000000000000         0x0000000000000500
ApplRomArea      0x00000000a0080800 0x000000000007f300         0x0000000000063eb0         0x000000000001b450
ApplBmHdrHeader  0x00000000a00ffb00 0x0000000000000020         0x0000000000000018         0x0000000000000008
ApplReserved     0x00000000a00ffb20 0x00000000000004e0         0x0000000000000000         0x00000000000004e0
BMHD0            0x00000000af400000 0x0000000000000200         0x0000000000000000         0x0000000000000200
*default*        0x0000000000000000 0xffffffffffffffff         0x0000000000000046         0xffffffffffffffb9

Linker script and memory map

LOAD d:/uti/hightec/tricore/v4.9.4.1/toolchains/tricore/v4.9.4.1/bin/../lib/gcc/tricore/4.9.4\libgcc.a
LOAD d:/uti/hightec/tricore/v4.9.4.1/toolchains/tricore/v4.9.4.1/bin/../lib/gcc/tricore/4.9.4/../../../../tricore/lib\libos.a
LOAD obj/external/BSW/Eep/EepIO.o
LOAD obj/external/BSW/Fbl/fbl_applvect.o
LOAD obj/external/BSW/Fbl/fbl_flio.o
LOAD obj/external/BSW/Fbl/fbl_hw.o
LOAD obj/external/BSW/Fbl/fbl_lbt_access.o
LOAD obj/external/BSW/Fbl/fbl_mio.o
LOAD obj/external/BSW/Fbl/fbl_nvpattern.o
LOAD obj/external/BSW/Fbl/fbl_ramio.o
LOAD obj/external/BSW/Fbl/fbl_wd.o
LOAD obj/external/BSW/FblAsrStubs/Dem.o
LOAD obj/external/BSW/FblBm/bm_shared.o
LOAD obj/external/BSW/FblBmHdr/bm_hdr.o
LOAD obj/external/BSW/FblUpd/upd_main.o
LOAD obj/external/BSW/VStdLib/vstdlib.o
LOAD obj/external/Demo/DemoFlashDrv/FlashRom.o
LOAD obj/external/Demo/DemoUpdater/Appl/GenData/FblBmHdr_Lcfg.o
LOAD obj/external/Demo/DemoUpdater/Appl/GenData/FblBm_Lcfg.o
LOAD obj/external/Demo/DemoUpdater/Appl/GenData/Fbl_Fbt.o
LOAD obj/external/Demo/DemoUpdater/Appl/GenData/Fbl_Lbt.o
LOAD obj/external/Demo/DemoUpdater/Appl/GenData/vBrs_Lcfg.o
LOAD obj/external/Demo/DemoUpdater/Appl/GenData/vLinkGen_Lcfg.o
LOAD obj/external/Demo/DemoUpdater/Appl/Source/BrsHw.o
LOAD obj/external/Demo/DemoUpdater/Appl/Source/BrsHwIntTb.o
LOAD obj/external/Demo/DemoUpdater/Appl/Source/BrsHwStartup.o
LOAD obj/external/Demo/DemoUpdater/Appl/Source/BrsMain.o
LOAD obj/external/Demo/DemoUpdater/Appl/Source/BrsMainStartup.o
LOAD obj/external/Demo/DemoUpdater/Appl/Source/BrsMain_Appl.o
LOAD obj/external/Demo/DemoUpdater/Appl/Source/BrsMain_Callout_Stubs.o
LOAD obj/external/Demo/DemoUpdater/Appl/Source/DemoFbl.o
LOAD obj/external/Demo/DemoUpdater/Appl/Source/EcuM.o
LOAD obj/external/Demo/DemoUpdater/Appl/Source/fbl_apwd.o
LOAD obj/external/Demo/DemoUpdater/Appl/Source/upd_ap.o
LOAD obj/external/Demo/DemoUpdater/Appl/Source/upd_hw_ap.o
LOAD obj/external/Demo/DemoUpdater/Appl/Source/upd_oem_ap.o
LOAD ../../../BSW/SecMod/libSecMod.a
LOAD d:/uti/hightec/tricore/v4.9.4.1/toolchains/tricore/v4.9.4.1/bin/../lib/gcc/tricore/4.9.4\libgcc.a
LOAD d:/uti/hightec/tricore/v4.9.4.1/toolchains/tricore/v4.9.4.1/bin/../lib/gcc/tricore/4.9.4/../../../../tricore/lib\libdnk_c.a
LOAD d:/uti/hightec/tricore/v4.9.4.1/toolchains/tricore/v4.9.4.1/bin/../lib/gcc/tricore/4.9.4/../../../../tricore/lib\libos.a
LOAD d:/uti/hightec/tricore/v4.9.4.1/toolchains/tricore/v4.9.4.1/bin/../lib/gcc/tricore/4.9.4/../../../../tricore/lib\libdnk_c.a
LOAD d:/uti/hightec/tricore/v4.9.4.1/toolchains/tricore/v4.9.4.1/bin/../lib/gcc/tricore/4.9.4\libgcc.a

.FblBmHdrHeaderGroup memory region -> ApplBmHdrHeader
                0x00000000a00ffb00       0x18
                0x00000000a00ffb00                _FblBmHdrHeaderGroup_START = ABSOLUTE (.)
 *(*.BmHdrHeaderSection)
 .BmHdrHeaderSection
                0x00000000a00ffb00       0x18 obj/external/Demo/DemoUpdater/Appl/GenData/FblBmHdr_Lcfg.o
                0x00000000a00ffb00                FblBmHdrHeader
                0x00000000a00ffb17                _FblBmHdrHeaderGroup_END = ABSOLUTE ((. - 0x1))
                0x00000000a00ffb18                _FblBmHdrHeaderGroup_LIMIT = ABSOLUTE (.)
                0x00000000a00ffb00                _FblAppl_BmHdrHeader_ALL_START = _FblBmHdrHeaderGroup_START
                0x00000000a00ffb17                _FblAppl_BmHdrHeader_ALL_END = _FblBmHdrHeaderGroup_END
                0x00000000a00ffb18                _FblAppl_BmHdrHeader_ALL_LIMIT = _FblBmHdrHeaderGroup_LIMIT

.RamConstSection memory region -> DefaultRamArea
                0x000000007000cc40        0x0 load address 0x00000000a0080800
                0x000000007000cc40                _RamConstSection_START = ABSOLUTE (.)
 *(*.RamConstSection)
                0x000000007000cc40                . = ALIGN (0x4)
                0x000000007000cc3f                _RamConstSection_END = ABSOLUTE ((. - 0x1))
                0x000000007000cc40                _RamConstSection_LIMIT = ABSOLUTE (.)
                0x00000000a0080800                _RamConstSection_ROM_START = LOADADDR (.RamConstSection)
                0x00000000a0080800                _RamConstSection_ROM_LIMIT = (LOADADDR (.RamConstSection) + SIZEOF (.RamConstSection))
                0x000000007000cc40                _FblRamConst_ALL_START = _RamConstSection_START
                0x000000007000cc3f                _FblRamConst_ALL_END = _RamConstSection_END
                0x000000007000cc40                _FblRamConst_ALL_LIMIT = _RamConstSection_LIMIT

.Brs_Startup_Code memory region -> ApplStartupCode_FirstExecInst
                0x00000000a0080300        0x0
                0x00000000a0080300                _Brs_Startup_Code_START = ABSOLUTE (.)
                0x00000000a0080300                . = ALIGN (0x8)
 *(*.brsStartup)
                0x00000000a00802ff                _Brs_Startup_Code_END = ABSOLUTE ((. - 0x1))
                0x00000000a0080300                _Brs_Startup_Code_LIMIT = ABSOLUTE (.)

.BrsMain_Startup_Code memory region -> ApplStartupCode_FirstExecInst
                0x00000000a0080300        0x0
                0x00000000a0080300                _BrsMain_Startup_Code_START = ABSOLUTE (.)
 *(*.brsMainStartup)
                0x00000000a00802ff                _BrsMain_Startup_Code_END = ABSOLUTE ((. - 0x1))
                0x00000000a0080300                _BrsMain_Startup_Code_LIMIT = ABSOLUTE (.)
                0x00000000a0080300                _Brs_Startup_Code_ALL_START = _Brs_Startup_Code_START
                0x00000000a00802ff                _Brs_Startup_Code_ALL_END = _BrsMain_Startup_Code_END
                0x00000000a0080300                _Brs_Startup_Code_ALL_LIMIT = _BrsMain_Startup_Code_LIMIT

.RamCodeSection memory region -> DefaultRamArea
                0x000000007000cc40     0x1004 load address 0x00000000a0080800
                0x000000007000cc40                _RamCodeSection_START = ABSOLUTE (.)
 *(*.RamCodeCoreSection)
 .RamCodeCoreSection
                0x000000007000cc40      0x7c8 obj/external/BSW/Fbl/fbl_flio.o
                0x000000007000ccfc                FlashDriver_InitSync
                0x000000007000cd8e                FlashDriver_DeinitSync
                0x000000007000cdf4                FlashDriver_RWriteSync
                0x000000007000cf10                FlashDriver_REraseSync
                0x000000007000d12c                FlashDriver_RReadSync
                0x000000007000d2d4                FlashDriver_GetVersionOfDriver
                0x000000007000d320                FlashDriver_ResumeProtection
                0x000000007000d332                FlashDriver_DisableProtection
 .RamCodeCoreSection
                0x000000007000d408      0x1bc obj/external/BSW/Fbl/fbl_hw.o
                0x000000007000d4b8                FblTimerInit
                0x000000007000d4d6                FblGetTimerValue
                0x000000007000d4e8                FblHwRegisterUnlock
                0x000000007000d4fa                FblHwRegisterLock
                0x000000007000d50c                FblHwRegisterModify
                0x000000007000d538                FblOwnMemcpy
                0x000000007000d5b0                FblReadByte
                0x000000007000d5b6                FblReadBlock
 .RamCodeCoreSection
                0x000000007000d5c4      0x5ae obj/external/BSW/Fbl/fbl_mio.o
                0x000000007000d5c4                MemDriver_InitPowerOn
                0x000000007000d612                FblMemSegmentNrGet
                0x000000007000d73e                FblMemGetDeviceByAddr
                0x000000007000d762                FblMemGetDeviceByRange
                0x000000007000d7f8                MemDriver_Begin
                0x000000007000d80a                MemDriver_End
                0x000000007000d820                MemDriver_InitSync
                0x000000007000d886                MemDriver_DeinitSync
                0x000000007000d8ee                MemDriver_RReadSync
                0x000000007000d952                FblReadPromExt
                0x000000007000da9a                FblReadProm
                0x000000007000daaa                MemDriver_RWriteSync
                0x000000007000db0e                MemDriver_REraseSync
 .RamCodeCoreSection
                0x000000007000db72       0xce obj/external/BSW/Fbl/fbl_wd.o
                0x000000007000db72                FblLookForWatchdog
                0x000000007000dc3a                FblLookForWatchdogVoid
 .RamCodeCoreSection
                0x000000007000dc40        0x2 obj/external/Demo/DemoUpdater/Appl/Source/fbl_apwd.o
                0x000000007000dc40                ApplFblWDTrigger
                0x000000007000dc44                . = ALIGN (0x4)
 *fill*         0x000000007000dc42        0x2 00
                0x000000007000dc43                _RamCodeSection_END = ABSOLUTE ((. - 0x1))
                0x000000007000dc44                _RamCodeSection_LIMIT = ABSOLUTE (.)
                0x00000000a0080800                _RamCodeSection_ROM_START = LOADADDR (.RamCodeSection)
                0x00000000a0081804                _RamCodeSection_ROM_LIMIT = (LOADADDR (.RamCodeSection) + SIZEOF (.RamCodeSection))
                0x000000007000cc40                _FblRamCode_ALL_START = _RamCodeSection_START
                0x000000007000dc43                _FblRamCode_ALL_END = _RamCodeSection_END
                0x000000007000dc44                _FblRamCode_ALL_LIMIT = _RamCodeSection_LIMIT

.APPLVECT       memory region -> ApplVect
                0x00000000a0080000        0x8
                0x00000000a0080000                _APPLVECT_START = ABSOLUTE (.)
 *(*.ApplVectSection)
 .ApplVectSection
                0x00000000a0080000        0x8 obj/external/BSW/Fbl/fbl_applvect.o
                0x00000000a0080000                ApplIntJmpTable
                0x00000000a0080007                _APPLVECT_END = ABSOLUTE ((. - 0x1))
                0x00000000a0080008                _APPLVECT_LIMIT = ABSOLUTE (.)
                0x00000000a0080000                _Appl_ApplVect_ALL_START = _APPLVECT_START
                0x00000000a0080007                _Appl_ApplVect_ALL_END = _APPLVECT_END
                0x00000000a0080008                _Appl_ApplVect_ALL_LIMIT = _APPLVECT_LIMIT
                0x00000000a00e4534                RESETVECT = Brs_ApplicationEntry
                0x00000000a00e4534                _start = Brs_ApplicationEntry
                0x00000000a0081900                _Brs_ExcVect_START = _Brs_ExcVectRam_ROM_START

.Brs_ExcVectRam memory region -> DefaultRamArea
                0x000000007000dd00      0x110 load address 0x00000000a0081900
                0x000000007000dd00                _Brs_ExcVectRam_START = ABSOLUTE (.)
 *(*.brsExcVectRam)
 .brsExcVectRam
                0x000000007000dd00      0x100 obj/external/Demo/DemoUpdater/Appl/Source/BrsHwIntTb.o
                0x000000007000dd00                brsTrap_Ram_0_Core0
                0x000000007000dd20                brsTrap_Ram_1_Core0
                0x000000007000dd40                brsTrap_Ram_2_Core0
                0x000000007000dd60                brsTrap_Ram_3_Core0
                0x000000007000dd80                brsTrap_Ram_4_Core0
                0x000000007000dda0                brsTrap_Ram_5_Core0
                0x000000007000ddc0                brsTrap_Ram_6_Core0
                0x000000007000dde0                brsTrap_Ram_7_Core0
                0x000000007000de00                . = ALIGN (0x8)
                0x000000007000ddff                _Brs_ExcVectRam_END = ABSOLUTE ((. - 0x1))
                0x000000007000de00                _Brs_ExcVectRam_LIMIT = ABSOLUTE (.)
                0x000000007000de10                . = (. + 0x10)
 *fill*         0x000000007000de00       0x10 00
                0x00000000a0081900                _Brs_ExcVectRam_ROM_START = LOADADDR (.Brs_ExcVectRam)
                0x00000000a0081a00                _Brs_ExcVectRam_ROM_LIMIT = ((LOADADDR (.Brs_ExcVectRam) + SIZEOF (.Brs_ExcVectRam)) - 0x10)
                0x000000007000dd00                _Brs_ExcVectRam_ALL_START = _Brs_ExcVectRam_START
                0x000000007000ddff                _Brs_ExcVectRam_ALL_END = _Brs_ExcVectRam_END
                0x000000007000de00                _Brs_ExcVectRam_ALL_LIMIT = _Brs_ExcVectRam_LIMIT

.Brs_Shared_Const memory region -> BmRomArea
                0x00000000a0000300        0x0
                0x00000000a0000300                _Brs_Shared_Const_START = ABSOLUTE (.)
 *(*.brsSharedConst)
                0x00000000a00002ff                _Brs_Shared_Const_END = ABSOLUTE ((. - 0x1))
                0x00000000a0000300                _Brs_Shared_Const_LIMIT = ABSOLUTE (.)
                0x00000000a0000300                _Brs_Shared_Const_ALL_START = _Brs_Shared_Const_START
                0x00000000a00002ff                _Brs_Shared_Const_ALL_END = _Brs_Shared_Const_END
                0x00000000a0000300                _Brs_Shared_Const_ALL_LIMIT = _Brs_Shared_Const_LIMIT

.Brs_Shared_Var memory region -> DefaultRamArea
                0x000000007000de10        0x8
                0x000000007000de10                _Brs_Shared_Var_START = ABSOLUTE (.)
 *(*.brsSharedVar)
 .bss.brsSharedVar
                0x000000007000de10        0x8 obj/external/Demo/DemoUpdater/Appl/Source/BrsMainStartup.o
                0x000000007000de10                brsMain_ResetReason
                0x000000007000de17                _Brs_Shared_Var_END = ABSOLUTE ((. - 0x1))
                0x000000007000de18                _Brs_Shared_Var_LIMIT = ABSOLUTE (.)
                0x000000007000de10                _Brs_Shared_Var_ALL_START = _Brs_Shared_Var_START
                0x000000007000de17                _Brs_Shared_Var_ALL_END = _Brs_Shared_Var_END
                0x000000007000de18                _Brs_Shared_Var_ALL_LIMIT = _Brs_Shared_Var_LIMIT

.EepDummyVarGroup memory region -> EepDummy
                0x0000000070001c00        0x0
                0x0000000070001c00                _EepDummyVarGroup_START = ABSOLUTE (.)
 *(*.EepDummySection)
                0x0000000070001c00                . = ALIGN (0x4)
                0x0000000070001bff                _EepDummyVarGroup_END = ABSOLUTE ((. - 0x1))
                0x0000000070001c00                _EepDummyVarGroup_LIMIT = ABSOLUTE (.)
                0x0000000070001c00                _EepDummyVarGroup_ALL_START = _EepDummyVarGroup_START
                0x0000000070001bff                _EepDummyVarGroup_ALL_END = _EepDummyVarGroup_END
                0x0000000070001c00                _EepDummyVarGroup_ALL_LIMIT = _EepDummyVarGroup_LIMIT

.FlashDrvSectionGroup memory region -> FlashDrvArea
                0x0000000070000000      0xc00
                0x0000000070000000                _FlashDrvSectionGroup_START = ABSOLUTE (.)
 *(*.FblFlashDrvSection)
 .FblFlashDrvSection
                0x0000000070000000      0xc00 obj/external/BSW/Fbl/fbl_flio.o
                0x0000000070000000                flashCode
                0x0000000070000bff                _FlashDrvSectionGroup_END = ABSOLUTE ((. - 0x1))
                0x0000000070000c00                _FlashDrvSectionGroup_LIMIT = ABSOLUTE (.)
                0x0000000070000000                _FlashDrvSectionGroup_ALL_START = _FlashDrvSectionGroup_START
                0x0000000070000bff                _FlashDrvSectionGroup_ALL_END = _FlashDrvSectionGroup_END
                0x0000000070000c00                _FlashDrvSectionGroup_ALL_LIMIT = _FlashDrvSectionGroup_LIMIT
                0x0000000000000008                __HEAP = 0x8
                0x0000000000000008                __HEAP_END = 0x8

.MagicFlagGroup memory region -> MagicFlag
                0x0000000070003c00        0x0
                0x0000000070003c00                _MagicFlagGroup_START = ABSOLUTE (.)
 *(*.MagicFlagSection)
                0x0000000070003c00                . = ALIGN (0x4)
                0x0000000070003bff                _MagicFlagGroup_END = ABSOLUTE ((. - 0x1))
                0x0000000070003c00                _MagicFlagGroup_LIMIT = ABSOLUTE (.)
                0x0000000070003c00                _MagicFlagGroup_ALL_START = _MagicFlagGroup_START
                0x0000000070003bff                _MagicFlagGroup_ALL_END = _MagicFlagGroup_END
                0x0000000070003c00                _MagicFlagGroup_ALL_LIMIT = _MagicFlagGroup_LIMIT

.STACK_C0       memory region -> Ram_StackC0
                0x0000000070003c40     0x9000
                0x0000000070003c40                _STACK_C0_START = ABSOLUTE (.)
                0x000000007000cc40                . = (. + 0x9000)
 *fill*         0x0000000070003c40     0x9000 00
                0x000000007000cc40                . = ALIGN (0x4)
                0x000000007000cc3f                _STACK_C0_END = ABSOLUTE ((. - 0x1))
                0x000000007000cc40                _STACK_C0_LIMIT = ABSOLUTE (.)
                0x0000000070003c40                _STACK_C0_ALL_START = _STACK_C0_START
                0x000000007000cc3f                _STACK_C0_ALL_END = _STACK_C0_END
                0x000000007000cc40                _STACK_C0_ALL_LIMIT = _STACK_C0_LIMIT
                0x00000000a00e4534                StartupEntry = Brs_ApplicationEntry
                0x00000000a00e4534                _start_tc0 = Brs_ApplicationEntry
                0x00000000a00e4534                _start_tc1 = Brs_ApplicationEntry
                0x00000000a00e4534                _start_tc2 = Brs_ApplicationEntry
                0x00000000a00e4534                _start_tc3 = Brs_ApplicationEntry
                0x00000000a00e4534                _start_tc4 = Brs_ApplicationEntry
                0x00000000a00e4534                _start_tc5 = Brs_ApplicationEntry

.MSR_CODE       memory region -> ApplRomArea
                0x00000000a0081a10        0x0
                0x00000000a0081a10                _MSR_CODE_START = ABSOLUTE (.)
 *(*.MSR_CODE)
                0x00000000a0081a0f                _MSR_CODE_END = ABSOLUTE ((. - 0x1))
                0x00000000a0081a10                _MSR_CODE_LIMIT = ABSOLUTE (.)
                0x00000000a0081a10                _MSR_CODE_ALL_START = _MSR_CODE_START
                0x00000000a0081a0f                _MSR_CODE_ALL_END = _MSR_CODE_END
                0x00000000a0081a10                _MSR_CODE_ALL_LIMIT = _MSR_CODE_LIMIT

.MSR_CONST      memory region -> ApplRomArea
                0x00000000a0081a10        0x0
                0x00000000a0081a10                _MSR_CONST_START = ABSOLUTE (.)
 *(*.MSR_CONST)
 *(*.MSR_CONST_FAST)
                0x00000000a0081a0f                _MSR_CONST_END = ABSOLUTE ((. - 0x1))
                0x00000000a0081a10                _MSR_CONST_LIMIT = ABSOLUTE (.)
                0x00000000a0081a10                _MSR_CONST_ALL_START = _MSR_CONST_START
                0x00000000a0081a0f                _MSR_CONST_ALL_END = _MSR_CONST_END
                0x00000000a0081a10                _MSR_CONST_ALL_LIMIT = _MSR_CONST_LIMIT

.MSR_PBCFG_CONST memory region -> ApplRomArea
                0x00000000a0081a10        0x0
                0x00000000a0081a10                _MSR_PBCFG_CONST_START = ABSOLUTE (.)
 *(*.MSR_PBCFG_CONST)
 *(*.MSR_PBCFG_CONST_FAST)
                0x00000000a0081a0f                _MSR_PBCFG_CONST_END = ABSOLUTE ((. - 0x1))
                0x00000000a0081a10                _MSR_PBCFG_CONST_LIMIT = ABSOLUTE (.)
                0x00000000a0081a10                _MSR_PBCFG_CONST_ALL_START = _MSR_PBCFG_CONST_START
                0x00000000a0081a0f                _MSR_PBCFG_CONST_ALL_END = _MSR_PBCFG_CONST_END
                0x00000000a0081a10                _MSR_PBCFG_CONST_ALL_LIMIT = _MSR_PBCFG_CONST_LIMIT

.rodata         memory region -> ApplRomArea
                0x00000000a0081a10    0x6128c
                0x00000000a0081a10                _rodata_START = ABSOLUTE (.)
 *(*.rodata)
 .rodata        0x00000000a0081a10      0x630 obj/external/BSW/Fbl/fbl_flio.o
 .rodata        0x00000000a0082040       0x38 obj/external/BSW/Fbl/fbl_hw.o
 .rodata        0x00000000a0082078        0x8 obj/external/BSW/Fbl/fbl_nvpattern.o
 .rodata        0x00000000a0082080       0x34 obj/external/BSW/FblUpd/upd_main.o
 .rodata        0x00000000a00820b4      0x800 obj/external/Demo/DemoFlashDrv/FlashRom.o
                0x00000000a00820b4                flashDrvBlk0
 .rodata        0x00000000a00828b4       0xc4 obj/external/Demo/DemoUpdater/Appl/GenData/Fbl_Fbt.o
                0x00000000a00828b4                kNrOfMemDrv
                0x00000000a00828b8                memDrvLst
                0x00000000a00828f0                kNrOfFlashBlock
                0x00000000a00828f4                FlashBlock
 .rodata        0x00000000a0082978       0xa8 obj/external/Demo/DemoUpdater/Appl/GenData/Fbl_Lbt.o
                0x00000000a0082978                FblLogicalBlockTable
 .rodata        0x00000000a0082a20       0x20 obj/external/Demo/DemoUpdater/Appl/GenData/vBrs_Lcfg.o
                0x00000000a0082a20                BrsMain_CoreConfig
                0x00000000a0082a3c                BrsMain_CoreConfig_Size
 .rodata        0x00000000a0082a40      0x268 obj/external/Demo/DemoUpdater/Appl/GenData/vLinkGen_Lcfg.o
                0x00000000a0082a40                vLinkGen_Init_HardReset_GroupsSet
                0x00000000a0082a48                vLinkGen_Init_Three_GroupsSet
                0x00000000a0082a50                vLinkGen_Init_Two_GroupsSet
                0x00000000a0082a58                vLinkGen_Init_One_GroupsSet
                0x00000000a0082a60                vLinkGen_Init_Zero_GroupsSet
                0x00000000a0082a68                vLinkGen_ZeroInit_HardReset_GroupsSet
                0x00000000a0082a70                vLinkGen_ZeroInit_Three_GroupsSet
                0x00000000a0082a78                vLinkGen_ZeroInit_Two_GroupsSet
                0x00000000a0082a80                vLinkGen_ZeroInit_One_GroupsSet
                0x00000000a0082a88                vLinkGen_ZeroInit_Zero_GroupsSet
                0x00000000a0082a90                vLinkGen_ZeroInit_Early_GroupsSet
                0x00000000a0082a98                vLinkGen_ZeroInit_HardReset_BlocksSet
                0x00000000a0082aa0                vLinkGen_ZeroInit_One_BlocksSet
                0x00000000a0082aa8                vLinkGen_ZeroInit_Early_BlocksSet
                0x00000000a0082ab0                vLinkGen_Init_HardReset_Groups
                0x00000000a0082ac8                vLinkGen_Init_Three_Groups
                0x00000000a0082ae0                vLinkGen_Init_Two_Groups
                0x00000000a0082af8                vLinkGen_Init_One_Groups
                0x00000000a0082ba0                vLinkGen_Init_Zero_Groups
                0x00000000a0082bb8                vLinkGen_ZeroInit_HardReset_Groups
                0x00000000a0082be8                vLinkGen_ZeroInit_Three_Groups
                0x00000000a0082bf8                vLinkGen_ZeroInit_Two_Groups
                0x00000000a0082c08                vLinkGen_ZeroInit_One_Groups
                0x00000000a0082c48                vLinkGen_ZeroInit_Zero_Groups
                0x00000000a0082c58                vLinkGen_ZeroInit_Early_Groups
                0x00000000a0082c68                vLinkGen_ZeroInit_HardReset_Blocks
                0x00000000a0082c78                vLinkGen_ZeroInit_One_Blocks
                0x00000000a0082c98                vLinkGen_ZeroInit_Early_Blocks
 .rodata        0x00000000a0082ca8       0x48 obj/external/Demo/DemoUpdater/Appl/Source/BrsHw.o
                0x00000000a0082ca8                kBrsWdtCon0Addresses_ROM
                0x00000000a0082ce8                kBrsHwBugfixVersion
                0x00000000a0082ce9                kBrsHwSubVersion
                0x00000000a0082cea                kBrsHwMainVersion
                0x00000000a0082ceb                BRSHW_PORT_CONF_SHARPEDGE
                0x00000000a0082cec                BRSHW_PORT_CONF_ETHERNET
                0x00000000a0082ced                BRSHW_PORT_CONF_CAN
 .rodata        0x00000000a0082cf0    0x5ffac obj/external/Demo/DemoUpdater/Appl/Source/DemoFbl.o
                0x00000000a0082cf0                FblUpdateBlk0
                0x00000000a00e2c90                FblUpdateBlkInfo
 *(.rodata.*)
                0x00000000a00e2c9b                _rodata_END = ABSOLUTE ((. - 0x1))
                0x00000000a00e2c9c                _rodata_LIMIT = ABSOLUTE (.)

.sdata2         memory region -> ApplRomArea
                0x00000000a00e2c9c        0x0
                0x00000000a00e2c9c                _sdata2_START = ABSOLUTE (.)
 *(*.sdata2)
 *(.sdata2.*)
                0x00000000a00e2c9b                _sdata2_END = ABSOLUTE ((. - 0x1))
                0x00000000a00e2c9c                _sdata2_LIMIT = ABSOLUTE (.)

.srodata        memory region -> ApplRomArea
                0x00000000a00e2c9c        0x0
                0x00000000a00e2c9c                _srodata_START = ABSOLUTE (.)
 *(*.srodata)
 *(.srodata.*)
                0x00000000a00e2c9b                _srodata_END = ABSOLUTE ((. - 0x1))
                0x00000000a00e2c9c                _srodata_LIMIT = ABSOLUTE (.)

.text           memory region -> ApplRomArea
                0x00000000a00e2c9c     0x1a14
                0x00000000a00e2c9c                _text_START = ABSOLUTE (.)
 *(*.text)
 *(.text.*)
 .text.FblLbtInitPowerOn
                0x00000000a00e2c9c       0x12 obj/external/BSW/Fbl/fbl_lbt_access.o
                0x00000000a00e2c9c                FblLbtInitPowerOn
 .text.FblLbtGetBlockDescriptorByNr
                0x00000000a00e2cae       0x2c obj/external/BSW/Fbl/fbl_lbt_access.o
                0x00000000a00e2cae                FblLbtGetBlockDescriptorByNr
 .text.FblNvPatternGetPatternItemState
                0x00000000a00e2cda       0xf8 obj/external/BSW/Fbl/fbl_nvpattern.o
 .text.FblNvPatternWritePageAligned
                0x00000000a00e2dd2       0xcc obj/external/BSW/Fbl/fbl_nvpattern.o
 .text.FblNvPatternGetBaseAddrByBlockDescriptor
                0x00000000a00e2e9e       0xf6 obj/external/BSW/Fbl/fbl_nvpattern.o
                0x00000000a00e2e9e                FblNvPatternGetBaseAddrByBlockDescriptor
 .text.FblNvPatternGetPatternState
                0x00000000a00e2f94       0xc2 obj/external/BSW/Fbl/fbl_nvpattern.o
                0x00000000a00e2f94                FblNvPatternGetPatternState
 .text.FblNvPatternGetBaseAddr
                0x00000000a00e3056       0x3a obj/external/BSW/Fbl/fbl_nvpattern.o
                0x00000000a00e3056                FblNvPatternGetBaseAddr
 .text.FblNvPatternSetByBlockDescriptor
                0x00000000a00e3090       0x66 obj/external/BSW/Fbl/fbl_nvpattern.o
                0x00000000a00e3090                FblNvPatternSetByBlockDescriptor
 .text.FblNvPatternClrByBlockDescriptor
                0x00000000a00e30f6       0x42 obj/external/BSW/Fbl/fbl_nvpattern.o
                0x00000000a00e30f6                FblNvPatternClrByBlockDescriptor
 .text.FblNvPatternClr
                0x00000000a00e3138       0x18 obj/external/BSW/Fbl/fbl_nvpattern.o
                0x00000000a00e3138                FblNvPatternClr
 .text.RamDriver_InitSync
                0x00000000a00e3150        0x4 obj/external/BSW/Fbl/fbl_ramio.o
                0x00000000a00e3150                RamDriver_InitSync
 .text.RamDriver_DeinitSync
                0x00000000a00e3154        0x4 obj/external/BSW/Fbl/fbl_ramio.o
                0x00000000a00e3154                RamDriver_DeinitSync
 .text.RamDriver_RWriteSync
                0x00000000a00e3158       0x5e obj/external/BSW/Fbl/fbl_ramio.o
                0x00000000a00e3158                RamDriver_RWriteSync
 .text.RamDriver_REraseSync
                0x00000000a00e31b6       0x58 obj/external/BSW/Fbl/fbl_ramio.o
                0x00000000a00e31b6                RamDriver_REraseSync
 .text.RamDriver_RReadSync
                0x00000000a00e320e       0x5e obj/external/BSW/Fbl/fbl_ramio.o
                0x00000000a00e320e                RamDriver_RReadSync
 .text.FblInitWatchdog
                0x00000000a00e326c       0x1a obj/external/BSW/Fbl/fbl_wd.o
                0x00000000a00e326c                FblInitWatchdog
 .text.FblUpdPadLength
                0x00000000a00e3286       0x78 obj/external/BSW/FblUpd/upd_main.o
 .text.FblUpdAdjustSegmentDummy
                0x00000000a00e32fe        0x8 obj/external/BSW/FblUpd/upd_main.o
 .text.FblUpdReset
                0x00000000a00e3306        0xc obj/external/BSW/FblUpd/upd_main.o
 .text.FblUpdSegmentOpCompare
                0x00000000a00e3312       0x50 obj/external/BSW/FblUpd/upd_main.o
 .text.FblUpdIterateSegments
                0x00000000a00e3362      0x11e obj/external/BSW/FblUpd/upd_main.o
 .text.FblUpdVerify
                0x00000000a00e3480       0x1a obj/external/BSW/FblUpd/upd_main.o
 .text.FblUpdProgram
                0x00000000a00e349a       0x1a obj/external/BSW/FblUpd/upd_main.o
 .text.FblUpdSegmentOpProgram
                0x00000000a00e34b4       0x4e obj/external/BSW/FblUpd/upd_main.o
 .text.FblUpdMioInit
                0x00000000a00e3502       0x50 obj/external/BSW/FblUpd/upd_main.o
 .text.FblUpdErase
                0x00000000a00e3552       0xa2 obj/external/BSW/FblUpd/upd_main.o
 .text.FblMain  0x00000000a00e35f4       0x6e obj/external/BSW/FblUpd/upd_main.o
                0x00000000a00e35f4                FblMain
 .text.BrsHwWatchdogInitPowerOn
                0x00000000a00e3662      0x15e obj/external/Demo/DemoUpdater/Appl/Source/BrsHw.o
                0x00000000a00e3662                BrsHwWatchdogInitPowerOn
 .text.BrsHwPllInitPowerOn
                0x00000000a00e37c0      0x8e8 obj/external/Demo/DemoUpdater/Appl/Source/BrsHw.o
                0x00000000a00e37c0                BrsHwPllInitPowerOn
 .text.BrsHwPortInitPowerOn
                0x00000000a00e40a8        0x2 obj/external/Demo/DemoUpdater/Appl/Source/BrsHw.o
                0x00000000a00e40a8                BrsHwPortInitPowerOn
 .text.BrsHwDisableInterruptAtPowerOn
                0x00000000a00e40aa        0x2 obj/external/Demo/DemoUpdater/Appl/Source/BrsHw.o
                0x00000000a00e40aa                BrsHwDisableInterruptAtPowerOn
 .text.BrsHw_ExceptionTable_Init
                0x00000000a00e40ac      0x106 obj/external/Demo/DemoUpdater/Appl/Source/BrsHw.o
                0x00000000a00e40ac                BrsHw_ExceptionTable_Init
 .text.BrsHwSoftwareResetECU
                0x00000000a00e41b2      0x14e obj/external/Demo/DemoUpdater/Appl/Source/BrsHw.o
                0x00000000a00e41b2                BrsHwSoftwareResetECU
 .text.BrsHw_GetCore
                0x00000000a00e4300        0x6 obj/external/Demo/DemoUpdater/Appl/Source/BrsHw.o
                0x00000000a00e4300                BrsHw_GetCore
 .text.BrsHwDisableEccErrorReporting
                0x00000000a00e4306       0xe0 obj/external/Demo/DemoUpdater/Appl/Source/BrsHw.o
                0x00000000a00e4306                BrsHwDisableEccErrorReporting
 .text.RamCodeSection
                0x00000000a00e43e6        0xc obj/external/Demo/DemoUpdater/Appl/Source/BrsHwIntTb.o
                0x00000000a00e43e6                BrsHw_CoreExceptionHandler_Ram
 .text.BrsMainInit
                0x00000000a00e43f2        0xe obj/external/Demo/DemoUpdater/Appl/Source/BrsMain.o
                0x00000000a00e43f2                BrsMainInit
 .text.RamCodeSection
                0x00000000a00e4400        0xc obj/external/Demo/DemoUpdater/Appl/Source/BrsMain.o
                0x00000000a00e4400                BrsMainExceptionHandler
 .text.main     0x00000000a00e440c       0x66 obj/external/Demo/DemoUpdater/Appl/Source/BrsMain.o
                0x00000000a00e440c                main
 .text.Brs_MemoryZeroInit
                0x00000000a00e4472       0x44 obj/external/Demo/DemoUpdater/Appl/Source/BrsMainStartup.o
                0x00000000a00e4472                Brs_MemoryZeroInit
 .text.Brs_MemoryInit
                0x00000000a00e44b6       0x7e obj/external/Demo/DemoUpdater/Appl/Source/BrsMainStartup.o
                0x00000000a00e44b6                Brs_MemoryInit
 .text.brsApplicationEntry
                0x00000000a00e4534       0x86 obj/external/Demo/DemoUpdater/Appl/Source/BrsMainStartup.o
                0x00000000a00e4534                Brs_ApplicationEntry
 .text.BrsMain_Appl_Init
                0x00000000a00e45ba        0x2 obj/external/Demo/DemoUpdater/Appl/Source/BrsMain_Appl.o
                0x00000000a00e45ba                BrsMain_Appl_Init
 .text.BrsMain_MemoryInit_StageZero_Hook
                0x00000000a00e45bc        0x2 obj/external/Demo/DemoUpdater/Appl/Source/BrsMain_Callout_Stubs.o
                0x00000000a00e45bc                BrsMain_MemoryInit_StageZero_Hook
 .text.BrsMain_MemoryInit_StageHardReset_Hook
                0x00000000a00e45be        0xc obj/external/Demo/DemoUpdater/Appl/Source/BrsMain_Callout_Stubs.o
                0x00000000a00e45be                BrsMain_MemoryInit_StageHardReset_Hook
 .text.BrsMain_MemoryInit_StageOne_Hook
                0x00000000a00e45ca        0x2 obj/external/Demo/DemoUpdater/Appl/Source/BrsMain_Callout_Stubs.o
                0x00000000a00e45ca                BrsMain_MemoryInit_StageOne_Hook
 .text.BrsMain_MemoryInit_StageTwo_Hook
                0x00000000a00e45cc        0x2 obj/external/Demo/DemoUpdater/Appl/Source/BrsMain_Callout_Stubs.o
                0x00000000a00e45cc                BrsMain_MemoryInit_StageTwo_Hook
 .text.BrsMain_MemoryInit_StageThree_Hook
                0x00000000a00e45ce        0x2 obj/external/Demo/DemoUpdater/Appl/Source/BrsMain_Callout_Stubs.o
                0x00000000a00e45ce                BrsMain_MemoryInit_StageThree_Hook
 .text.BrsMain_PreMainHook
                0x00000000a00e45d0        0x2 obj/external/Demo/DemoUpdater/Appl/Source/BrsMain_Callout_Stubs.o
                0x00000000a00e45d0                BrsMain_PreMainHook
 .text.BrsMain_SoftwareResetECU_Hook
                0x00000000a00e45d2        0x2 obj/external/Demo/DemoUpdater/Appl/Source/BrsMain_Callout_Stubs.o
                0x00000000a00e45d2                BrsMain_SoftwareResetECU_Hook
 .text.EcuM_Init
                0x00000000a00e45d4        0x6 obj/external/Demo/DemoUpdater/Appl/Source/EcuM.o
                0x00000000a00e45d4                EcuM_Init
 .text.EcuM_StartupTwo
                0x00000000a00e45da        0x2 obj/external/Demo/DemoUpdater/Appl/Source/EcuM.o
                0x00000000a00e45da                EcuM_StartupTwo
 .text.ApplFblWDInit
                0x00000000a00e45dc        0xc obj/external/Demo/DemoUpdater/Appl/Source/fbl_apwd.o
                0x00000000a00e45dc                ApplFblWDInit
 .text.ApplFblUpdPrepareErase
                0x00000000a00e45e8       0x50 obj/external/Demo/DemoUpdater/Appl/Source/upd_ap.o
                0x00000000a00e45e8                ApplFblUpdPrepareErase
 .text.ApplFblUpdFinalizeVerify
                0x00000000a00e4638       0x42 obj/external/Demo/DemoUpdater/Appl/Source/upd_ap.o
                0x00000000a00e4638                ApplFblUpdFinalizeVerify
 .text.ApplFblUpdInitPowerOn
                0x00000000a00e467a        0x2 obj/external/Demo/DemoUpdater/Appl/Source/upd_ap.o
                0x00000000a00e467a                ApplFblUpdInitPowerOn
 .text.ApplFblUpdSetVfp
                0x00000000a00e467c        0x2 obj/external/Demo/DemoUpdater/Appl/Source/upd_ap.o
                0x00000000a00e467c                ApplFblUpdSetVfp
 .text.ApplFblUpdResetVfp
                0x00000000a00e467e        0x2 obj/external/Demo/DemoUpdater/Appl/Source/upd_ap.o
                0x00000000a00e467e                ApplFblUpdResetVfp
 .text.ApplFblUpdReset
                0x00000000a00e4680        0x6 obj/external/Demo/DemoUpdater/Appl/Source/upd_ap.o
                0x00000000a00e4680                ApplFblUpdReset
 .text.ApplFblFatalError
                0x00000000a00e4686       0x14 obj/external/Demo/DemoUpdater/Appl/Source/upd_ap.o
                0x00000000a00e4686                ApplFblFatalError
 .text.ApplFblUpdOemInvalidateUpdater
                0x00000000a00e469a       0x16 obj/external/Demo/DemoUpdater/Appl/Source/upd_oem_ap.o
                0x00000000a00e469a                ApplFblUpdOemInvalidateUpdater
                0x00000000a00e46af                _text_END = ABSOLUTE ((. - 0x1))
                0x00000000a00e46b0                _text_LIMIT = ABSOLUTE (.)

.text_vle       memory region -> ApplRomArea
                0x00000000a00e46b0        0x0
                0x00000000a00e46b0                _text_vle_START = ABSOLUTE (.)
 *(*.text_vle)
 *(.text_vle.*)
                0x00000000a00e46af                _text_vle_END = ABSOLUTE ((. - 0x1))
                0x00000000a00e46b0                _text_vle_LIMIT = ABSOLUTE (.)

.zrodata        memory region -> ApplRomArea
                0x00000000a00e46b0        0x0
                0x00000000a00e46b0                _zrodata_START = ABSOLUTE (.)
 *(*.zrodata)
 *(.zrodata.*)
                0x00000000a00e46af                _zrodata_END = ABSOLUTE ((. - 0x1))
                0x00000000a00e46b0                _zrodata_LIMIT = ABSOLUTE (.)
                0x00000000a0081a10                _Const_Default_ALL_START = _rodata_START
                0x00000000a00e46af                _Const_Default_ALL_END = _zrodata_END
                0x00000000a00e46b0                _Const_Default_ALL_LIMIT = _zrodata_LIMIT

.bss            memory region -> DefaultRamArea
                0x000000007000de20     0x10d0
                0x000000007000de20                _bss_START = ABSOLUTE (.)
 *(*.bss)
 .bss           0x000000007000de20       0x48 obj/external/BSW/Fbl/fbl_flio.o
 .bss           0x000000007000de68        0x8 obj/external/BSW/Fbl/fbl_hw.o
                0x000000007000de68                fblCurrentCmpValue
                0x000000007000de6c                fblCurrentTimer
 .bss           0x000000007000de70       0x18 obj/external/BSW/Fbl/fbl_lbt_access.o
 .bss           0x000000007000de88       0x18 obj/external/BSW/Fbl/fbl_mio.o
                0x000000007000de9a                memSegment
                0x000000007000de9c                memDrvFunctionActive
                0x000000007000de9d                memDrvDeviceActive
 .bss           0x000000007000dea0       0x28 obj/external/BSW/Fbl/fbl_nvpattern.o
 .bss           0x000000007000dec8        0x8 obj/external/BSW/Fbl/fbl_wd.o
                0x000000007000dec8                WDTimer
                0x000000007000dec9                WDInitFlag
                0x000000007000deca                P2Timer
 .bss           0x000000007000ded0     0x1020 obj/external/BSW/FblUpd/upd_main.o
 *(.bss.*)
 *(COMMON)
                0x000000007000eef0                . = ALIGN (0x4)
                0x000000007000eeef                _bss_END = ABSOLUTE ((. - 0x1))
                0x000000007000eef0                _bss_LIMIT = ABSOLUTE (.)

.data           memory region -> DefaultRamArea
                0x000000007000eef0        0x0 load address 0x00000000a00e46b0
                0x000000007000eef0                _data_START = ABSOLUTE (.)
 *(*.data)
 *(.data.*)
                0x000000007000eef0                . = ALIGN (0x4)
                0x000000007000eeef                _data_END = ABSOLUTE ((. - 0x1))
                0x000000007000eef0                _data_LIMIT = ABSOLUTE (.)
                0x00000000a00e46b0                _data_ROM_START = LOADADDR (.data)
                0x00000000a00e46b0                _data_ROM_LIMIT = (LOADADDR (.data) + SIZEOF (.data))

.sbss           memory region -> DefaultRamArea
                0x000000007000eef0        0x0 load address 0x00000000a00e46b0
                0x000000007000eef0                _sbss_START = ABSOLUTE (.)
 *(*.sbss)
 *(.sbss.*)
                0x000000007000eef0                . = ALIGN (0x4)
                0x000000007000eeef                _sbss_END = ABSOLUTE ((. - 0x1))
                0x000000007000eef0                _sbss_LIMIT = ABSOLUTE (.)

.sdata          memory region -> DefaultRamArea
                0x000000007000eef0        0x0 load address 0x00000000a00e46b0
                0x000000007000eef0                _sdata_START = ABSOLUTE (.)
 *(*.sdata)
 *(.sdata.*)
                0x000000007000eef0                . = ALIGN (0x4)
                0x000000007000eeef                _sdata_END = ABSOLUTE ((. - 0x1))
                0x000000007000eef0                _sdata_LIMIT = ABSOLUTE (.)
                0x00000000a00e46b0                _sdata_ROM_START = LOADADDR (.sdata)
                0x00000000a00e46b0                _sdata_ROM_LIMIT = (LOADADDR (.sdata) + SIZEOF (.sdata))

.zbss           memory region -> DefaultRamArea
                0x000000007000eef0        0x0 load address 0x00000000a00e46b0
                0x000000007000eef0                _zbss_START = ABSOLUTE (.)
 *(*.zbss)
 *(.zbss.*)
                0x000000007000eef0                . = ALIGN (0x4)
                0x000000007000eeef                _zbss_END = ABSOLUTE ((. - 0x1))
                0x000000007000eef0                _zbss_LIMIT = ABSOLUTE (.)

.zdata          memory region -> DefaultRamArea
                0x000000007000eef0        0x0 load address 0x00000000a00e46b0
                0x000000007000eef0                _zdata_START = ABSOLUTE (.)
 *(*.zdata)
 *(.zdata.*)
                0x000000007000eef0                . = ALIGN (0x4)
                0x000000007000eeef                _zdata_END = ABSOLUTE ((. - 0x1))
                0x000000007000eef0                _zdata_LIMIT = ABSOLUTE (.)
                0x00000000a00e46b0                _zdata_ROM_START = LOADADDR (.zdata)
                0x00000000a00e46b0                _zdata_ROM_LIMIT = (LOADADDR (.zdata) + SIZEOF (.zdata))
                0x000000007000de20                _Data_Default_ALL_START = _bss_START
                0x000000007000eeef                _Data_Default_ALL_END = _zdata_END
                0x000000007000eef0                _Data_Default_ALL_LIMIT = _zdata_LIMIT
OUTPUT(DemoUpd.elf elf32-tricore)

.debug_frame    memory region -> *default*
                0x0000000000000000     0x1020
 .debug_frame   0x0000000000000000       0x90 obj/external/BSW/Eep/EepIO.o
 .debug_frame   0x0000000000000090       0xc0 obj/external/BSW/Fbl/fbl_flio.o
 .debug_frame   0x0000000000000150       0xc8 obj/external/BSW/Fbl/fbl_hw.o
 .debug_frame   0x0000000000000218      0x230 obj/external/BSW/Fbl/fbl_lbt_access.o
 .debug_frame   0x0000000000000448       0xe8 obj/external/BSW/Fbl/fbl_mio.o
 .debug_frame   0x0000000000000530      0x100 obj/external/BSW/Fbl/fbl_nvpattern.o
 .debug_frame   0x0000000000000630       0x60 obj/external/BSW/Fbl/fbl_ramio.o
 .debug_frame   0x0000000000000690       0x40 obj/external/BSW/Fbl/fbl_wd.o
 .debug_frame   0x00000000000006d0       0x20 obj/external/BSW/FblAsrStubs/Dem.o
 .debug_frame   0x00000000000006f0       0x30 obj/external/BSW/FblBmHdr/bm_hdr.o
 .debug_frame   0x0000000000000720       0xe8 obj/external/BSW/FblUpd/upd_main.o
 .debug_frame   0x0000000000000808      0x278 obj/external/BSW/VStdLib/vstdlib.o
 .debug_frame   0x0000000000000a80      0x188 obj/external/Demo/DemoUpdater/Appl/Source/BrsHw.o
 .debug_frame   0x0000000000000c08       0x28 obj/external/Demo/DemoUpdater/Appl/Source/BrsHwIntTb.o
 .debug_frame   0x0000000000000c30       0x60 obj/external/Demo/DemoUpdater/Appl/Source/BrsMain.o
 .debug_frame   0x0000000000000c90       0x40 obj/external/Demo/DemoUpdater/Appl/Source/BrsMainStartup.o
 .debug_frame   0x0000000000000cd0       0x20 obj/external/Demo/DemoUpdater/Appl/Source/BrsMain_Appl.o
 .debug_frame   0x0000000000000cf0       0x80 obj/external/Demo/DemoUpdater/Appl/Source/BrsMain_Callout_Stubs.o
 .debug_frame   0x0000000000000d70       0x90 obj/external/Demo/DemoUpdater/Appl/Source/EcuM.o
 .debug_frame   0x0000000000000e00       0x50 obj/external/Demo/DemoUpdater/Appl/Source/fbl_apwd.o
 .debug_frame   0x0000000000000e50      0x178 obj/external/Demo/DemoUpdater/Appl/Source/upd_ap.o
 .debug_frame   0x0000000000000fc8       0x30 obj/external/Demo/DemoUpdater/Appl/Source/upd_hw_ap.o
 .debug_frame   0x0000000000000ff8       0x28 obj/external/Demo/DemoUpdater/Appl/Source/upd_oem_ap.o

.debug_info     memory region -> *default*
                0x0000000000000000    0x14fc0
 .debug_info    0x0000000000000000      0x68f obj/external/BSW/Eep/EepIO.o
 .debug_info    0x000000000000068f      0x274 obj/external/BSW/Fbl/fbl_applvect.o
 .debug_info    0x0000000000000903     0x16ab obj/external/BSW/Fbl/fbl_flio.o
 .debug_info    0x0000000000001fae      0xa03 obj/external/BSW/Fbl/fbl_hw.o
 .debug_info    0x00000000000029b1     0x1424 obj/external/BSW/Fbl/fbl_lbt_access.o
 .debug_info    0x0000000000003dd5      0xf63 obj/external/BSW/Fbl/fbl_mio.o
 .debug_info    0x0000000000004d38     0x14e7 obj/external/BSW/Fbl/fbl_nvpattern.o
 .debug_info    0x000000000000621f      0x6d7 obj/external/BSW/Fbl/fbl_ramio.o
 .debug_info    0x00000000000068f6      0x3d7 obj/external/BSW/Fbl/fbl_wd.o
 .debug_info    0x0000000000006ccd      0x2e5 obj/external/BSW/FblAsrStubs/Dem.o
 .debug_info    0x0000000000006fb2      0x280 obj/external/BSW/FblBm/bm_shared.o
 .debug_info    0x0000000000007232      0x694 obj/external/BSW/FblBmHdr/bm_hdr.o
 .debug_info    0x00000000000078c6     0x156c obj/external/BSW/FblUpd/upd_main.o
 .debug_info    0x0000000000008e32     0x30be obj/external/BSW/VStdLib/vstdlib.o
 .debug_info    0x000000000000bef0      0x286 obj/external/Demo/DemoFlashDrv/FlashRom.o
 .debug_info    0x000000000000c176      0x3dc obj/external/Demo/DemoUpdater/Appl/GenData/FblBmHdr_Lcfg.o
 .debug_info    0x000000000000c552      0x245 obj/external/Demo/DemoUpdater/Appl/GenData/FblBm_Lcfg.o
 .debug_info    0x000000000000c797      0x5ac obj/external/Demo/DemoUpdater/Appl/GenData/Fbl_Fbt.o
 .debug_info    0x000000000000cd43      0x55e obj/external/Demo/DemoUpdater/Appl/GenData/Fbl_Lbt.o
 .debug_info    0x000000000000d2a1      0x3ee obj/external/Demo/DemoUpdater/Appl/GenData/vBrs_Lcfg.o
 .debug_info    0x000000000000d68f      0xd15 obj/external/Demo/DemoUpdater/Appl/GenData/vLinkGen_Lcfg.o
 .debug_info    0x000000000000e3a4     0x29d3 obj/external/Demo/DemoUpdater/Appl/Source/BrsHw.o
 .debug_info    0x0000000000010d77      0x2b6 obj/external/Demo/DemoUpdater/Appl/Source/BrsHwIntTb.o
 .debug_info    0x000000000001102d      0x30a obj/external/Demo/DemoUpdater/Appl/Source/BrsHwStartup.o
 .debug_info    0x0000000000011337      0x731 obj/external/Demo/DemoUpdater/Appl/Source/BrsMain.o
 .debug_info    0x0000000000011a68      0x8f0 obj/external/Demo/DemoUpdater/Appl/Source/BrsMainStartup.o
 .debug_info    0x0000000000012358      0x258 obj/external/Demo/DemoUpdater/Appl/Source/BrsMain_Appl.o
 .debug_info    0x00000000000125b0      0x458 obj/external/Demo/DemoUpdater/Appl/Source/BrsMain_Callout_Stubs.o
 .debug_info    0x0000000000012a08      0x383 obj/external/Demo/DemoUpdater/Appl/Source/DemoFbl.o
 .debug_info    0x0000000000012d8b      0x42a obj/external/Demo/DemoUpdater/Appl/Source/EcuM.o
 .debug_info    0x00000000000131b5      0x30a obj/external/Demo/DemoUpdater/Appl/Source/fbl_apwd.o
 .debug_info    0x00000000000134bf     0x1222 obj/external/Demo/DemoUpdater/Appl/Source/upd_ap.o
 .debug_info    0x00000000000146e1      0x2a3 obj/external/Demo/DemoUpdater/Appl/Source/upd_hw_ap.o
 .debug_info    0x0000000000014984      0x63c obj/external/Demo/DemoUpdater/Appl/Source/upd_oem_ap.o

.debug_abbrev   memory region -> *default*
                0x0000000000000000     0x2957
 .debug_abbrev  0x0000000000000000      0x17d obj/external/BSW/Eep/EepIO.o
 .debug_abbrev  0x000000000000017d       0x52 obj/external/BSW/Fbl/fbl_applvect.o
 .debug_abbrev  0x00000000000001cf      0x339 obj/external/BSW/Fbl/fbl_flio.o
 .debug_abbrev  0x0000000000000508      0x2c1 obj/external/BSW/Fbl/fbl_hw.o
 .debug_abbrev  0x00000000000007c9      0x2a0 obj/external/BSW/Fbl/fbl_lbt_access.o
 .debug_abbrev  0x0000000000000a69      0x276 obj/external/BSW/Fbl/fbl_mio.o
 .debug_abbrev  0x0000000000000cdf      0x20a obj/external/BSW/Fbl/fbl_nvpattern.o
 .debug_abbrev  0x0000000000000ee9      0x1ac obj/external/BSW/Fbl/fbl_ramio.o
 .debug_abbrev  0x0000000000001095       0xbe obj/external/BSW/Fbl/fbl_wd.o
 .debug_abbrev  0x0000000000001153       0x55 obj/external/BSW/FblAsrStubs/Dem.o
 .debug_abbrev  0x00000000000011a8       0x52 obj/external/BSW/FblBm/bm_shared.o
 .debug_abbrev  0x00000000000011fa      0x13b obj/external/BSW/FblBmHdr/bm_hdr.o
 .debug_abbrev  0x0000000000001335      0x31b obj/external/BSW/FblUpd/upd_main.o
 .debug_abbrev  0x0000000000001650      0x203 obj/external/BSW/VStdLib/vstdlib.o
 .debug_abbrev  0x0000000000001853       0x52 obj/external/Demo/DemoFlashDrv/FlashRom.o
 .debug_abbrev  0x00000000000018a5       0x84 obj/external/Demo/DemoUpdater/Appl/GenData/FblBmHdr_Lcfg.o
 .debug_abbrev  0x0000000000001929       0x1b obj/external/Demo/DemoUpdater/Appl/GenData/FblBm_Lcfg.o
 .debug_abbrev  0x0000000000001944       0x9f obj/external/Demo/DemoUpdater/Appl/GenData/Fbl_Fbt.o
 .debug_abbrev  0x00000000000019e3       0x8d obj/external/Demo/DemoUpdater/Appl/GenData/Fbl_Lbt.o
 .debug_abbrev  0x0000000000001a70       0xa3 obj/external/Demo/DemoUpdater/Appl/GenData/vBrs_Lcfg.o
 .debug_abbrev  0x0000000000001b13       0xad obj/external/Demo/DemoUpdater/Appl/GenData/vLinkGen_Lcfg.o
 .debug_abbrev  0x0000000000001bc0      0x2c9 obj/external/Demo/DemoUpdater/Appl/Source/BrsHw.o
 .debug_abbrev  0x0000000000001e89       0x6d obj/external/Demo/DemoUpdater/Appl/Source/BrsHwIntTb.o
 .debug_abbrev  0x0000000000001ef6       0x7d obj/external/Demo/DemoUpdater/Appl/Source/BrsHwStartup.o
 .debug_abbrev  0x0000000000001f73      0x1f7 obj/external/Demo/DemoUpdater/Appl/Source/BrsMain.o
 .debug_abbrev  0x000000000000216a      0x174 obj/external/Demo/DemoUpdater/Appl/Source/BrsMainStartup.o
 .debug_abbrev  0x00000000000022de       0x39 obj/external/Demo/DemoUpdater/Appl/Source/BrsMain_Appl.o
 .debug_abbrev  0x0000000000002317       0x9a obj/external/Demo/DemoUpdater/Appl/Source/BrsMain_Callout_Stubs.o
 .debug_abbrev  0x00000000000023b1       0x8f obj/external/Demo/DemoUpdater/Appl/Source/DemoFbl.o
 .debug_abbrev  0x0000000000002440       0x9a obj/external/Demo/DemoUpdater/Appl/Source/EcuM.o
 .debug_abbrev  0x00000000000024da       0x7c obj/external/Demo/DemoUpdater/Appl/Source/fbl_apwd.o
 .debug_abbrev  0x0000000000002556      0x2c8 obj/external/Demo/DemoUpdater/Appl/Source/upd_ap.o
 .debug_abbrev  0x000000000000281e       0x39 obj/external/Demo/DemoUpdater/Appl/Source/upd_hw_ap.o
 .debug_abbrev  0x0000000000002857      0x100 obj/external/Demo/DemoUpdater/Appl/Source/upd_oem_ap.o

.debug_loc      memory region -> *default*
                0x0000000000000000     0x8196
 .debug_loc     0x0000000000000000      0x1a8 obj/external/BSW/Eep/EepIO.o
 .debug_loc     0x00000000000001a8      0xf30 obj/external/BSW/Fbl/fbl_flio.o
 .debug_loc     0x00000000000010d8      0x4db obj/external/BSW/Fbl/fbl_hw.o
 .debug_loc     0x00000000000015b3      0x9dd obj/external/BSW/Fbl/fbl_lbt_access.o
 .debug_loc     0x0000000000001f90      0x93f obj/external/BSW/Fbl/fbl_mio.o
 .debug_loc     0x00000000000028cf      0x853 obj/external/BSW/Fbl/fbl_nvpattern.o
 .debug_loc     0x0000000000003122      0x360 obj/external/BSW/Fbl/fbl_ramio.o
 .debug_loc     0x0000000000003482       0x38 obj/external/BSW/Fbl/fbl_wd.o
 .debug_loc     0x00000000000034ba       0x6b obj/external/BSW/FblBmHdr/bm_hdr.o
 .debug_loc     0x0000000000003525      0x837 obj/external/BSW/FblUpd/upd_main.o
 .debug_loc     0x0000000000003d5c     0x3e36 obj/external/BSW/VStdLib/vstdlib.o
 .debug_loc     0x0000000000007b92      0x37f obj/external/Demo/DemoUpdater/Appl/Source/BrsHw.o
 .debug_loc     0x0000000000007f11       0x7b obj/external/Demo/DemoUpdater/Appl/Source/BrsMain.o
 .debug_loc     0x0000000000007f8c      0x10e obj/external/Demo/DemoUpdater/Appl/Source/BrsMainStartup.o
 .debug_loc     0x000000000000809a       0x21 obj/external/Demo/DemoUpdater/Appl/Source/BrsMain_Callout_Stubs.o
 .debug_loc     0x00000000000080bb       0xbd obj/external/Demo/DemoUpdater/Appl/Source/upd_ap.o
 .debug_loc     0x0000000000008178       0x1e obj/external/Demo/DemoUpdater/Appl/Source/upd_oem_ap.o

.debug_aranges  memory region -> *default*
                0x0000000000000000      0x9c8
 .debug_aranges
                0x0000000000000000       0x50 obj/external/BSW/Eep/EepIO.o
 .debug_aranges
                0x0000000000000050       0x18 obj/external/BSW/Fbl/fbl_applvect.o
 .debug_aranges
                0x0000000000000068       0x68 obj/external/BSW/Fbl/fbl_flio.o
 .debug_aranges
                0x00000000000000d0       0x70 obj/external/BSW/Fbl/fbl_hw.o
 .debug_aranges
                0x0000000000000140       0xf0 obj/external/BSW/Fbl/fbl_lbt_access.o
 .debug_aranges
                0x0000000000000230       0x80 obj/external/BSW/Fbl/fbl_mio.o
 .debug_aranges
                0x00000000000002b0       0x70 obj/external/BSW/Fbl/fbl_nvpattern.o
 .debug_aranges
                0x0000000000000320       0x40 obj/external/BSW/Fbl/fbl_ramio.o
 .debug_aranges
                0x0000000000000360       0x30 obj/external/BSW/Fbl/fbl_wd.o
 .debug_aranges
                0x0000000000000390       0x20 obj/external/BSW/FblAsrStubs/Dem.o
 .debug_aranges
                0x00000000000003b0       0x18 obj/external/BSW/FblBm/bm_shared.o
 .debug_aranges
                0x00000000000003c8       0x28 obj/external/BSW/FblBmHdr/bm_hdr.o
 .debug_aranges
                0x00000000000003f0       0x80 obj/external/BSW/FblUpd/upd_main.o
 .debug_aranges
                0x0000000000000470      0x148 obj/external/BSW/VStdLib/vstdlib.o
 .debug_aranges
                0x00000000000005b8       0x18 obj/external/Demo/DemoFlashDrv/FlashRom.o
 .debug_aranges
                0x00000000000005d0       0x18 obj/external/Demo/DemoUpdater/Appl/GenData/FblBmHdr_Lcfg.o
 .debug_aranges
                0x00000000000005e8       0x18 obj/external/Demo/DemoUpdater/Appl/GenData/FblBm_Lcfg.o
 .debug_aranges
                0x0000000000000600       0x18 obj/external/Demo/DemoUpdater/Appl/GenData/Fbl_Fbt.o
 .debug_aranges
                0x0000000000000618       0x18 obj/external/Demo/DemoUpdater/Appl/GenData/Fbl_Lbt.o
 .debug_aranges
                0x0000000000000630       0x18 obj/external/Demo/DemoUpdater/Appl/GenData/vBrs_Lcfg.o
 .debug_aranges
                0x0000000000000648       0x18 obj/external/Demo/DemoUpdater/Appl/GenData/vLinkGen_Lcfg.o
 .debug_aranges
                0x0000000000000660       0xa8 obj/external/Demo/DemoUpdater/Appl/Source/BrsHw.o
 .debug_aranges
                0x0000000000000708       0x20 obj/external/Demo/DemoUpdater/Appl/Source/BrsHwIntTb.o
 .debug_aranges
                0x0000000000000728       0x18 obj/external/Demo/DemoUpdater/Appl/Source/BrsHwStartup.o
 .debug_aranges
                0x0000000000000740       0x38 obj/external/Demo/DemoUpdater/Appl/Source/BrsMain.o
 .debug_aranges
                0x0000000000000778       0x30 obj/external/Demo/DemoUpdater/Appl/Source/BrsMainStartup.o
 .debug_aranges
                0x00000000000007a8       0x20 obj/external/Demo/DemoUpdater/Appl/Source/BrsMain_Appl.o
 .debug_aranges
                0x00000000000007c8       0x50 obj/external/Demo/DemoUpdater/Appl/Source/BrsMain_Callout_Stubs.o
 .debug_aranges
                0x0000000000000818       0x18 obj/external/Demo/DemoUpdater/Appl/Source/DemoFbl.o
 .debug_aranges
                0x0000000000000830       0x58 obj/external/Demo/DemoUpdater/Appl/Source/EcuM.o
 .debug_aranges
                0x0000000000000888       0x38 obj/external/Demo/DemoUpdater/Appl/Source/fbl_apwd.o
 .debug_aranges
                0x00000000000008c0       0xc0 obj/external/Demo/DemoUpdater/Appl/Source/upd_ap.o
 .debug_aranges
                0x0000000000000980       0x28 obj/external/Demo/DemoUpdater/Appl/Source/upd_hw_ap.o
 .debug_aranges
                0x00000000000009a8       0x20 obj/external/Demo/DemoUpdater/Appl/Source/upd_oem_ap.o

.debug_ranges   memory region -> *default*
                0x0000000000000000      0x9a8
 .debug_ranges  0x0000000000000000       0x40 obj/external/BSW/Eep/EepIO.o
 .debug_ranges  0x0000000000000040       0x98 obj/external/BSW/Fbl/fbl_flio.o
 .debug_ranges  0x00000000000000d8       0x60 obj/external/BSW/Fbl/fbl_hw.o
 .debug_ranges  0x0000000000000138      0x148 obj/external/BSW/Fbl/fbl_lbt_access.o
 .debug_ranges  0x0000000000000280       0xd0 obj/external/BSW/Fbl/fbl_mio.o
 .debug_ranges  0x0000000000000350       0x60 obj/external/BSW/Fbl/fbl_nvpattern.o
 .debug_ranges  0x00000000000003b0       0x90 obj/external/BSW/Fbl/fbl_ramio.o
 .debug_ranges  0x0000000000000440       0x20 obj/external/BSW/Fbl/fbl_wd.o
 .debug_ranges  0x0000000000000460       0x10 obj/external/BSW/FblAsrStubs/Dem.o
 .debug_ranges  0x0000000000000470       0x18 obj/external/BSW/FblBmHdr/bm_hdr.o
 .debug_ranges  0x0000000000000488       0x88 obj/external/BSW/FblUpd/upd_main.o
 .debug_ranges  0x0000000000000510      0x210 obj/external/BSW/VStdLib/vstdlib.o
 .debug_ranges  0x0000000000000720       0x98 obj/external/Demo/DemoUpdater/Appl/Source/BrsHw.o
 .debug_ranges  0x00000000000007b8       0x10 obj/external/Demo/DemoUpdater/Appl/Source/BrsHwIntTb.o
 .debug_ranges  0x00000000000007c8       0x28 obj/external/Demo/DemoUpdater/Appl/Source/BrsMain.o
 .debug_ranges  0x00000000000007f0       0x20 obj/external/Demo/DemoUpdater/Appl/Source/BrsMainStartup.o
 .debug_ranges  0x0000000000000810       0x10 obj/external/Demo/DemoUpdater/Appl/Source/BrsMain_Appl.o
 .debug_ranges  0x0000000000000820       0x40 obj/external/Demo/DemoUpdater/Appl/Source/BrsMain_Callout_Stubs.o
 .debug_ranges  0x0000000000000860       0x48 obj/external/Demo/DemoUpdater/Appl/Source/EcuM.o
 .debug_ranges  0x00000000000008a8       0x28 obj/external/Demo/DemoUpdater/Appl/Source/fbl_apwd.o
 .debug_ranges  0x00000000000008d0       0xb0 obj/external/Demo/DemoUpdater/Appl/Source/upd_ap.o
 .debug_ranges  0x0000000000000980       0x18 obj/external/Demo/DemoUpdater/Appl/Source/upd_hw_ap.o
 .debug_ranges  0x0000000000000998       0x10 obj/external/Demo/DemoUpdater/Appl/Source/upd_oem_ap.o

.debug_line     memory region -> *default*
                0x0000000000000000     0x3a0f
 .debug_line    0x0000000000000000      0x140 obj/external/BSW/Eep/EepIO.o
 .debug_line    0x0000000000000140       0x6c obj/external/BSW/Fbl/fbl_applvect.o
 .debug_line    0x00000000000001ac      0x3c4 obj/external/BSW/Fbl/fbl_flio.o
 .debug_line    0x0000000000000570      0x1bf obj/external/BSW/Fbl/fbl_hw.o
 .debug_line    0x000000000000072f      0x396 obj/external/BSW/Fbl/fbl_lbt_access.o
 .debug_line    0x0000000000000ac5      0x26b obj/external/BSW/Fbl/fbl_mio.o
 .debug_line    0x0000000000000d30      0x311 obj/external/BSW/Fbl/fbl_nvpattern.o
 .debug_line    0x0000000000001041      0x17c obj/external/BSW/Fbl/fbl_ramio.o
 .debug_line    0x00000000000011bd      0x10a obj/external/BSW/Fbl/fbl_wd.o
 .debug_line    0x00000000000012c7       0x8c obj/external/BSW/FblAsrStubs/Dem.o
 .debug_line    0x0000000000001353       0x6b obj/external/BSW/FblBm/bm_shared.o
 .debug_line    0x00000000000013be      0x121 obj/external/BSW/FblBmHdr/bm_hdr.o
 .debug_line    0x00000000000014df      0x377 obj/external/BSW/FblUpd/upd_main.o
 .debug_line    0x0000000000001856      0x766 obj/external/BSW/VStdLib/vstdlib.o
 .debug_line    0x0000000000001fbc       0x72 obj/external/Demo/DemoFlashDrv/FlashRom.o
 .debug_line    0x000000000000202e       0x9e obj/external/Demo/DemoUpdater/Appl/GenData/FblBmHdr_Lcfg.o
 .debug_line    0x00000000000020cc       0x1d obj/external/Demo/DemoUpdater/Appl/GenData/FblBm_Lcfg.o
 .debug_line    0x00000000000020e9       0xd1 obj/external/Demo/DemoUpdater/Appl/GenData/Fbl_Fbt.o
 .debug_line    0x00000000000021ba       0xc4 obj/external/Demo/DemoUpdater/Appl/GenData/Fbl_Lbt.o
 .debug_line    0x000000000000227e       0xa3 obj/external/Demo/DemoUpdater/Appl/GenData/vBrs_Lcfg.o
 .debug_line    0x0000000000002321       0x9f obj/external/Demo/DemoUpdater/Appl/GenData/vLinkGen_Lcfg.o
 .debug_line    0x00000000000023c0      0x9b2 obj/external/Demo/DemoUpdater/Appl/Source/BrsHw.o
 .debug_line    0x0000000000002d72       0x9f obj/external/Demo/DemoUpdater/Appl/Source/BrsHwIntTb.o
 .debug_line    0x0000000000002e11       0x59 obj/external/Demo/DemoUpdater/Appl/Source/BrsHwStartup.o
 .debug_line    0x0000000000002e6a      0x155 obj/external/Demo/DemoUpdater/Appl/Source/BrsMain.o
 .debug_line    0x0000000000002fbf      0x14c obj/external/Demo/DemoUpdater/Appl/Source/BrsMainStartup.o
 .debug_line    0x000000000000310b       0x71 obj/external/Demo/DemoUpdater/Appl/Source/BrsMain_Appl.o
 .debug_line    0x000000000000317c      0x119 obj/external/Demo/DemoUpdater/Appl/Source/BrsMain_Callout_Stubs.o
 .debug_line    0x0000000000003295       0xaf obj/external/Demo/DemoUpdater/Appl/Source/DemoFbl.o
 .debug_line    0x0000000000003344      0x125 obj/external/Demo/DemoUpdater/Appl/Source/EcuM.o
 .debug_line    0x0000000000003469       0xdc obj/external/Demo/DemoUpdater/Appl/Source/fbl_apwd.o
 .debug_line    0x0000000000003545      0x334 obj/external/Demo/DemoUpdater/Appl/Source/upd_ap.o
 .debug_line    0x0000000000003879       0x7e obj/external/Demo/DemoUpdater/Appl/Source/upd_hw_ap.o
 .debug_line    0x00000000000038f7      0x118 obj/external/Demo/DemoUpdater/Appl/Source/upd_oem_ap.o

.debug_str      memory region -> *default*
                0x0000000000000000      0x3f9
 .debug_str     0x0000000000000000        0xf obj/external/BSW/Eep/EepIO.o
 .debug_str     0x000000000000000f        0x0 obj/external/BSW/Fbl/fbl_applvect.o
 .debug_str     0x000000000000000f       0x78 obj/external/BSW/Fbl/fbl_flio.o
 .debug_str     0x0000000000000087       0x26 obj/external/BSW/Fbl/fbl_hw.o
 .debug_str     0x00000000000000ad       0xbc obj/external/BSW/Fbl/fbl_lbt_access.o
 .debug_str     0x0000000000000169       0x56 obj/external/BSW/Fbl/fbl_mio.o
 .debug_str     0x00000000000001bf       0xa7 obj/external/BSW/Fbl/fbl_nvpattern.o
 .debug_str     0x0000000000000266       0x16 obj/external/BSW/Fbl/fbl_ramio.o
 .debug_str     0x000000000000027c        0x0 obj/external/BSW/Fbl/fbl_wd.o
 .debug_str     0x000000000000027c        0x0 obj/external/BSW/FblAsrStubs/Dem.o
 .debug_str     0x000000000000027c        0x0 obj/external/BSW/FblBm/bm_shared.o
 .debug_str     0x000000000000027c        0x0 obj/external/BSW/FblBmHdr/bm_hdr.o
 .debug_str     0x000000000000027c       0x59 obj/external/BSW/FblUpd/upd_main.o
 .debug_str     0x00000000000002d5       0x75 obj/external/BSW/VStdLib/vstdlib.o
 .debug_str     0x000000000000034a        0x0 obj/external/Demo/DemoFlashDrv/FlashRom.o
 .debug_str     0x000000000000034a        0x0 obj/external/Demo/DemoUpdater/Appl/GenData/FblBmHdr_Lcfg.o
 .debug_str     0x000000000000034a        0x0 obj/external/Demo/DemoUpdater/Appl/GenData/FblBm_Lcfg.o
 .debug_str     0x000000000000034a        0x0 obj/external/Demo/DemoUpdater/Appl/GenData/Fbl_Fbt.o
 .debug_str     0x000000000000034a        0x0 obj/external/Demo/DemoUpdater/Appl/GenData/Fbl_Lbt.o
 .debug_str     0x000000000000034a        0x0 obj/external/Demo/DemoUpdater/Appl/GenData/vBrs_Lcfg.o
 .debug_str     0x000000000000034a        0xa obj/external/Demo/DemoUpdater/Appl/GenData/vLinkGen_Lcfg.o
 .debug_str     0x0000000000000354       0x29 obj/external/Demo/DemoUpdater/Appl/Source/BrsHw.o
 .debug_str     0x000000000000037d        0x0 obj/external/Demo/DemoUpdater/Appl/Source/BrsHwIntTb.o
 .debug_str     0x000000000000037d        0x0 obj/external/Demo/DemoUpdater/Appl/Source/BrsHwStartup.o
 .debug_str     0x000000000000037d        0x0 obj/external/Demo/DemoUpdater/Appl/Source/BrsMain.o
 .debug_str     0x000000000000037d        0xa obj/external/Demo/DemoUpdater/Appl/Source/BrsMainStartup.o
 .debug_str     0x0000000000000387        0x0 obj/external/Demo/DemoUpdater/Appl/Source/BrsMain_Appl.o
 .debug_str     0x0000000000000387        0x7 obj/external/Demo/DemoUpdater/Appl/Source/BrsMain_Callout_Stubs.o
 .debug_str     0x000000000000038e        0x0 obj/external/Demo/DemoUpdater/Appl/Source/DemoFbl.o
 .debug_str     0x000000000000038e       0x16 obj/external/Demo/DemoUpdater/Appl/Source/EcuM.o
 .debug_str     0x00000000000003a4        0x0 obj/external/Demo/DemoUpdater/Appl/Source/fbl_apwd.o
 .debug_str     0x00000000000003a4       0x55 obj/external/Demo/DemoUpdater/Appl/Source/upd_ap.o
 .debug_str     0x00000000000003f9        0x0 obj/external/Demo/DemoUpdater/Appl/Source/upd_hw_ap.o
 .debug_str     0x00000000000003f9        0x0 obj/external/Demo/DemoUpdater/Appl/Source/upd_oem_ap.o

.comment        memory region -> *default*
                0x0000000000000000       0x46
 .comment       0x0000000000000000       0x46 obj/external/BSW/Eep/EepIO.o
                                         0x47 (size before relaxing)
 .comment       0x0000000000000000       0x47 obj/external/BSW/Fbl/fbl_applvect.o
 .comment       0x0000000000000000       0x47 obj/external/BSW/Fbl/fbl_flio.o
 .comment       0x0000000000000000       0x47 obj/external/BSW/Fbl/fbl_hw.o
 .comment       0x0000000000000000       0x47 obj/external/BSW/Fbl/fbl_lbt_access.o
 .comment       0x0000000000000000       0x47 obj/external/BSW/Fbl/fbl_mio.o
 .comment       0x0000000000000000       0x47 obj/external/BSW/Fbl/fbl_nvpattern.o
 .comment       0x0000000000000000       0x47 obj/external/BSW/Fbl/fbl_ramio.o
 .comment       0x0000000000000000       0x47 obj/external/BSW/Fbl/fbl_wd.o
 .comment       0x0000000000000000       0x47 obj/external/BSW/FblAsrStubs/Dem.o
 .comment       0x0000000000000000       0x47 obj/external/BSW/FblBm/bm_shared.o
 .comment       0x0000000000000000       0x47 obj/external/BSW/FblBmHdr/bm_hdr.o
 .comment       0x0000000000000000       0x47 obj/external/BSW/FblUpd/upd_main.o
 .comment       0x0000000000000000       0x47 obj/external/BSW/VStdLib/vstdlib.o
 .comment       0x0000000000000000       0x47 obj/external/Demo/DemoFlashDrv/FlashRom.o
 .comment       0x0000000000000000       0x47 obj/external/Demo/DemoUpdater/Appl/GenData/FblBmHdr_Lcfg.o
 .comment       0x0000000000000000       0x47 obj/external/Demo/DemoUpdater/Appl/GenData/FblBm_Lcfg.o
 .comment       0x0000000000000000       0x47 obj/external/Demo/DemoUpdater/Appl/GenData/Fbl_Fbt.o
 .comment       0x0000000000000000       0x47 obj/external/Demo/DemoUpdater/Appl/GenData/Fbl_Lbt.o
 .comment       0x0000000000000000       0x47 obj/external/Demo/DemoUpdater/Appl/GenData/vBrs_Lcfg.o
 .comment       0x0000000000000000       0x47 obj/external/Demo/DemoUpdater/Appl/GenData/vLinkGen_Lcfg.o
 .comment       0x0000000000000000       0x47 obj/external/Demo/DemoUpdater/Appl/Source/BrsHw.o
 .comment       0x0000000000000000       0x47 obj/external/Demo/DemoUpdater/Appl/Source/BrsHwIntTb.o
 .comment       0x0000000000000000       0x47 obj/external/Demo/DemoUpdater/Appl/Source/BrsHwStartup.o
 .comment       0x0000000000000000       0x47 obj/external/Demo/DemoUpdater/Appl/Source/BrsMain.o
 .comment       0x0000000000000000       0x47 obj/external/Demo/DemoUpdater/Appl/Source/BrsMainStartup.o
 .comment       0x0000000000000000       0x47 obj/external/Demo/DemoUpdater/Appl/Source/BrsMain_Appl.o
 .comment       0x0000000000000000       0x47 obj/external/Demo/DemoUpdater/Appl/Source/BrsMain_Callout_Stubs.o
 .comment       0x0000000000000000       0x47 obj/external/Demo/DemoUpdater/Appl/Source/DemoFbl.o
 .comment       0x0000000000000000       0x47 obj/external/Demo/DemoUpdater/Appl/Source/EcuM.o
 .comment       0x0000000000000000       0x47 obj/external/Demo/DemoUpdater/Appl/Source/fbl_apwd.o
 .comment       0x0000000000000000       0x47 obj/external/Demo/DemoUpdater/Appl/Source/upd_ap.o
 .comment       0x0000000000000000       0x47 obj/external/Demo/DemoUpdater/Appl/Source/upd_hw_ap.o
 .comment       0x0000000000000000       0x47 obj/external/Demo/DemoUpdater/Appl/Source/upd_oem_ap.o

Cross Reference Table

Symbol                                            File
ApplFblCanBusOff                                  obj/external/Demo/DemoUpdater/Appl/Source/upd_ap.o
ApplFblFatalError                                 obj/external/Demo/DemoUpdater/Appl/Source/upd_ap.o
                                                  obj/external/BSW/FblUpd/upd_main.o
                                                  obj/external/BSW/Fbl/fbl_nvpattern.o
                                                  obj/external/BSW/Fbl/fbl_hw.o
                                                  obj/external/BSW/Fbl/fbl_flio.o
                                                  obj/external/BSW/Eep/EepIO.o
ApplFblUpdAdjustSegmentProgram                    obj/external/Demo/DemoUpdater/Appl/Source/upd_ap.o
ApplFblUpdAdjustSegmentValidity                   obj/external/Demo/DemoUpdater/Appl/Source/upd_ap.o
ApplFblUpdFinalizeErase                           obj/external/Demo/DemoUpdater/Appl/Source/upd_ap.o
ApplFblUpdFinalizeProgram                         obj/external/Demo/DemoUpdater/Appl/Source/upd_ap.o
ApplFblUpdFinalizeVerify                          obj/external/Demo/DemoUpdater/Appl/Source/upd_ap.o
                                                  obj/external/BSW/FblUpd/upd_main.o
ApplFblUpdGetSegment                              obj/external/Demo/DemoUpdater/Appl/Source/upd_ap.o
ApplFblUpdHwInit                                  obj/external/Demo/DemoUpdater/Appl/Source/upd_hw_ap.o
ApplFblUpdHwReset                                 obj/external/Demo/DemoUpdater/Appl/Source/upd_hw_ap.o
ApplFblUpdInit                                    obj/external/Demo/DemoUpdater/Appl/Source/upd_ap.o
ApplFblUpdInitPowerOn                             obj/external/Demo/DemoUpdater/Appl/Source/upd_ap.o
                                                  obj/external/BSW/FblUpd/upd_main.o
ApplFblUpdInvalidateUpdater                       obj/external/Demo/DemoUpdater/Appl/Source/upd_ap.o
ApplFblUpdOemInvalidateUpdater                    obj/external/Demo/DemoUpdater/Appl/Source/upd_oem_ap.o
                                                  obj/external/BSW/FblUpd/upd_main.o
ApplFblUpdPrepareErase                            obj/external/Demo/DemoUpdater/Appl/Source/upd_ap.o
                                                  obj/external/BSW/FblUpd/upd_main.o
ApplFblUpdPrepareProgram                          obj/external/Demo/DemoUpdater/Appl/Source/upd_ap.o
ApplFblUpdPrepareResponsePending                  obj/external/Demo/DemoUpdater/Appl/Source/upd_ap.o
ApplFblUpdRemoveAndReset                          obj/external/Demo/DemoUpdater/Appl/Source/upd_ap.o
ApplFblUpdReset                                   obj/external/Demo/DemoUpdater/Appl/Source/upd_ap.o
                                                  obj/external/BSW/FblUpd/upd_main.o
ApplFblUpdResetVfp                                obj/external/Demo/DemoUpdater/Appl/Source/upd_ap.o
                                                  obj/external/BSW/FblUpd/upd_main.o
ApplFblUpdSendResponse                            obj/external/Demo/DemoUpdater/Appl/Source/upd_ap.o
ApplFblUpdSetVfp                                  obj/external/Demo/DemoUpdater/Appl/Source/upd_ap.o
                                                  obj/external/BSW/FblUpd/upd_main.o
ApplFblUpdTrcvrNormalMode                         obj/external/Demo/DemoUpdater/Appl/Source/upd_ap.o
ApplFblWDInit                                     obj/external/Demo/DemoUpdater/Appl/Source/fbl_apwd.o
                                                  obj/external/BSW/Fbl/fbl_wd.o
ApplFblWDLong                                     obj/external/Demo/DemoUpdater/Appl/Source/fbl_apwd.o
ApplFblWDShort                                    obj/external/Demo/DemoUpdater/Appl/Source/fbl_apwd.o
ApplFblWDTrigger                                  obj/external/Demo/DemoUpdater/Appl/Source/fbl_apwd.o
                                                  obj/external/BSW/Fbl/fbl_wd.o
ApplIntJmpTable                                   obj/external/BSW/Fbl/fbl_applvect.o
ApplTrcvrNormalMode                               obj/external/Demo/DemoUpdater/Appl/Source/upd_ap.o
BRSHW_PORT_CONF_CAN                               obj/external/Demo/DemoUpdater/Appl/Source/BrsHw.o
BRSHW_PORT_CONF_ETHERNET                          obj/external/Demo/DemoUpdater/Appl/Source/BrsHw.o
BRSHW_PORT_CONF_SHARPEDGE                         obj/external/Demo/DemoUpdater/Appl/Source/BrsHw.o
BrsHwDisableEccErrorReporting                     obj/external/Demo/DemoUpdater/Appl/Source/BrsHw.o
                                                  obj/external/Demo/DemoUpdater/Appl/Source/BrsMain.o
BrsHwDisableInterruptAtPowerOn                    obj/external/Demo/DemoUpdater/Appl/Source/BrsHw.o
                                                  obj/external/Demo/DemoUpdater/Appl/Source/BrsMain.o
BrsHwInitPortConfig                               obj/external/Demo/DemoUpdater/Appl/Source/BrsHw.o
BrsHwInitPortInput                                obj/external/Demo/DemoUpdater/Appl/Source/BrsHw.o
BrsHwInitPortInputOutput                          obj/external/Demo/DemoUpdater/Appl/Source/BrsHw.o
BrsHwInitPortOutput                               obj/external/Demo/DemoUpdater/Appl/Source/BrsHw.o
BrsHwPllInitPowerOn                               obj/external/Demo/DemoUpdater/Appl/Source/BrsHw.o
                                                  obj/external/Demo/DemoUpdater/Appl/Source/BrsMain_Callout_Stubs.o
BrsHwPortInitPowerOn                              obj/external/Demo/DemoUpdater/Appl/Source/BrsHw.o
                                                  obj/external/Demo/DemoUpdater/Appl/Source/BrsMain.o
BrsHwPort_GetLevel                                obj/external/Demo/DemoUpdater/Appl/Source/BrsHw.o
BrsHwPort_SetLevel                                obj/external/Demo/DemoUpdater/Appl/Source/BrsHw.o
BrsHwSoftwareResetECU                             obj/external/Demo/DemoUpdater/Appl/Source/BrsHw.o
                                                  obj/external/Demo/DemoUpdater/Appl/Source/upd_ap.o
BrsHwTime100NOP                                   obj/external/Demo/DemoUpdater/Appl/Source/BrsHw.o
BrsHwWatchdogInitPowerOn                          obj/external/Demo/DemoUpdater/Appl/Source/BrsHw.o
                                                  obj/external/Demo/DemoUpdater/Appl/Source/BrsMain_Callout_Stubs.o
BrsHw_CoreExceptionHandler_Ram                    obj/external/Demo/DemoUpdater/Appl/Source/BrsHwIntTb.o
BrsHw_DisableInterrupt                            obj/external/Demo/DemoUpdater/Appl/Source/BrsHw.o
BrsHw_EnableInterrupt                             obj/external/Demo/DemoUpdater/Appl/Source/BrsHw.o
BrsHw_ExceptionTable_Init                         obj/external/Demo/DemoUpdater/Appl/Source/BrsHw.o
                                                  obj/external/Demo/DemoUpdater/Appl/Source/BrsMain.o
BrsHw_GetCore                                     obj/external/Demo/DemoUpdater/Appl/Source/BrsHw.o
                                                  obj/external/Demo/DemoUpdater/Appl/Source/BrsMainStartup.o
                                                  obj/external/Demo/DemoUpdater/Appl/Source/BrsMain.o
BrsHw_TriggerSoftwareInterrupt                    obj/external/Demo/DemoUpdater/Appl/Source/BrsHw.o
BrsMainExceptionHandler                           obj/external/Demo/DemoUpdater/Appl/Source/BrsMain.o
                                                  obj/external/Demo/DemoUpdater/Appl/Source/BrsMainStartup.o
BrsMainGetResetReason                             obj/external/Demo/DemoUpdater/Appl/Source/BrsMain.o
BrsMainInit                                       obj/external/Demo/DemoUpdater/Appl/Source/BrsMain.o
BrsMain_Appl_Init                                 obj/external/Demo/DemoUpdater/Appl/Source/BrsMain_Appl.o
                                                  obj/external/Demo/DemoUpdater/Appl/Source/BrsMain.o
BrsMain_CoreConfig                                obj/external/Demo/DemoUpdater/Appl/GenData/vBrs_Lcfg.o
                                                  obj/external/Demo/DemoUpdater/Appl/Source/BrsMain.o
BrsMain_CoreConfig_Size                           obj/external/Demo/DemoUpdater/Appl/GenData/vBrs_Lcfg.o
                                                  obj/external/Demo/DemoUpdater/Appl/Source/BrsMain.o
BrsMain_MemoryInit_StageHardReset_Hook            obj/external/Demo/DemoUpdater/Appl/Source/BrsMain_Callout_Stubs.o
                                                  obj/external/Demo/DemoUpdater/Appl/Source/BrsMainStartup.o
BrsMain_MemoryInit_StageOne_Hook                  obj/external/Demo/DemoUpdater/Appl/Source/BrsMain_Callout_Stubs.o
                                                  obj/external/Demo/DemoUpdater/Appl/Source/BrsMainStartup.o
BrsMain_MemoryInit_StageThree_Hook                obj/external/Demo/DemoUpdater/Appl/Source/BrsMain_Callout_Stubs.o
                                                  obj/external/Demo/DemoUpdater/Appl/Source/BrsMainStartup.o
BrsMain_MemoryInit_StageTwo_Hook                  obj/external/Demo/DemoUpdater/Appl/Source/BrsMain_Callout_Stubs.o
                                                  obj/external/Demo/DemoUpdater/Appl/Source/BrsMainStartup.o
BrsMain_MemoryInit_StageZero_Hook                 obj/external/Demo/DemoUpdater/Appl/Source/BrsMain_Callout_Stubs.o
                                                  obj/external/Demo/DemoUpdater/Appl/Source/BrsMainStartup.o
BrsMain_PreMainHook                               obj/external/Demo/DemoUpdater/Appl/Source/BrsMain_Callout_Stubs.o
                                                  obj/external/Demo/DemoUpdater/Appl/Source/BrsMainStartup.o
BrsMain_SoftwareResetECU_Hook                     obj/external/Demo/DemoUpdater/Appl/Source/BrsMain_Callout_Stubs.o
                                                  obj/external/Demo/DemoUpdater/Appl/Source/BrsHw.o
Brs_ApplicationEntry                              obj/external/Demo/DemoUpdater/Appl/Source/BrsMainStartup.o
                                                  obj/external/Demo/DemoUpdater/Appl/GenData/FblBmHdr_Lcfg.o
Brs_MemoryInit                                    obj/external/Demo/DemoUpdater/Appl/Source/BrsMainStartup.o
Brs_MemoryZeroInit                                obj/external/Demo/DemoUpdater/Appl/Source/BrsMainStartup.o
Dem_ReportErrorStatus                             obj/external/BSW/FblAsrStubs/Dem.o
EcuM_BswErrorHook                                 obj/external/Demo/DemoUpdater/Appl/Source/EcuM.o
EcuM_CheckWakeup                                  obj/external/Demo/DemoUpdater/Appl/Source/EcuM.o
EcuM_GeneratorCompatibilityError                  obj/external/Demo/DemoUpdater/Appl/Source/EcuM.o
EcuM_Init                                         obj/external/Demo/DemoUpdater/Appl/Source/EcuM.o
                                                  obj/external/Demo/DemoUpdater/Appl/Source/BrsMain.o
EcuM_SetWakeupEvent                               obj/external/Demo/DemoUpdater/Appl/Source/EcuM.o
EcuM_Shutdown                                     obj/external/Demo/DemoUpdater/Appl/Source/EcuM.o
EcuM_StartupTwo                                   obj/external/Demo/DemoUpdater/Appl/Source/EcuM.o
                                                  obj/external/BSW/FblUpd/upd_main.o
EcuM_ValidationWakeupEvent                        obj/external/Demo/DemoUpdater/Appl/Source/EcuM.o
EepromDriver_DeinitSync                           obj/external/BSW/Eep/EepIO.o
EepromDriver_InitSync                             obj/external/BSW/Eep/EepIO.o
EepromDriver_REraseSync                           obj/external/BSW/Eep/EepIO.o
EepromDriver_RReadSync                            obj/external/BSW/Eep/EepIO.o
EepromDriver_RWriteSync                           obj/external/BSW/Eep/EepIO.o
EepromDriver_VerifySync                           obj/external/BSW/Eep/EepIO.o
FblBmHdrCheckConsistency                          obj/external/BSW/FblBmHdr/bm_hdr.o
FblBmHdrGetBmHeader                               obj/external/BSW/FblBmHdr/bm_hdr.o
FblBmHdrHeader                                    obj/external/Demo/DemoUpdater/Appl/GenData/FblBmHdr_Lcfg.o
FblBmHdrTargets                                   obj/external/Demo/DemoUpdater/Appl/GenData/FblBmHdr_Lcfg.o
FblGetTimerValue                                  obj/external/BSW/Fbl/fbl_hw.o
FblHwRegisterLock                                 obj/external/BSW/Fbl/fbl_hw.o
                                                  obj/external/BSW/Fbl/fbl_flio.o
FblHwRegisterModify                               obj/external/BSW/Fbl/fbl_hw.o
FblHwRegisterUnlock                               obj/external/BSW/Fbl/fbl_hw.o
                                                  obj/external/BSW/Fbl/fbl_flio.o
FblInitWatchdog                                   obj/external/BSW/Fbl/fbl_wd.o
                                                  obj/external/BSW/FblUpd/upd_main.o
FblLbtActivateLbtBlockByAddress                   obj/external/BSW/Fbl/fbl_lbt_access.o
FblLbtBlockDone                                   obj/external/BSW/Fbl/fbl_lbt_access.o
FblLbtBlockFilterInit                             obj/external/BSW/Fbl/fbl_lbt_access.o
FblLbtBlockFilterSetBlockType                     obj/external/BSW/Fbl/fbl_lbt_access.o
FblLbtBlockFilterSetMandatoryType                 obj/external/BSW/Fbl/fbl_lbt_access.o
FblLbtBlockFirst                                  obj/external/BSW/Fbl/fbl_lbt_access.o
FblLbtBlockNext                                   obj/external/BSW/Fbl/fbl_lbt_access.o
FblLbtCheckAddressRange                           obj/external/BSW/Fbl/fbl_lbt_access.o
FblLbtCheckRangeContained                         obj/external/BSW/Fbl/fbl_lbt_access.o
FblLbtGetBlockBmHeaderAddressByIndex              obj/external/BSW/Fbl/fbl_lbt_access.o
FblLbtGetBlockBmHeaderAddressByNr                 obj/external/BSW/Fbl/fbl_lbt_access.o
FblLbtGetBlockCount                               obj/external/BSW/Fbl/fbl_lbt_access.o
FblLbtGetBlockDescriptorByAddressLength           obj/external/BSW/Fbl/fbl_lbt_access.o
FblLbtGetBlockDescriptorByIndex                   obj/external/BSW/Fbl/fbl_lbt_access.o
FblLbtGetBlockDescriptorByNr                      obj/external/BSW/Fbl/fbl_lbt_access.o
                                                  obj/external/Demo/DemoUpdater/Appl/Source/upd_oem_ap.o
                                                  obj/external/Demo/DemoUpdater/Appl/Source/upd_ap.o
                                                  obj/external/BSW/Fbl/fbl_nvpattern.o
FblLbtGetBlockDescriptorByType                    obj/external/BSW/Fbl/fbl_lbt_access.o
FblLbtGetBlockHeaderAddressByIndex                obj/external/BSW/Fbl/fbl_lbt_access.o
FblLbtGetBlockHeaderAddressByNr                   obj/external/BSW/Fbl/fbl_lbt_access.o
FblLbtGetBlockIndexByNr                           obj/external/BSW/Fbl/fbl_lbt_access.o
FblLbtGetBlockNrByAddressLength                   obj/external/BSW/Fbl/fbl_lbt_access.o
FblLbtGetBlockNrByIndex                           obj/external/BSW/Fbl/fbl_lbt_access.o
FblLbtGetBlockTypeByIndex                         obj/external/BSW/Fbl/fbl_lbt_access.o
FblLbtGetBlockTypeByNr                            obj/external/BSW/Fbl/fbl_lbt_access.o
FblLbtGetBlockVerifyOutputFuncByIndex             obj/external/BSW/Fbl/fbl_lbt_access.o
FblLbtGetBlockVerifyOutputFuncByNr                obj/external/BSW/Fbl/fbl_lbt_access.o
FblLbtGetMagicFlag                                obj/external/BSW/Fbl/fbl_lbt_access.o
FblLbtInitPowerOn                                 obj/external/BSW/Fbl/fbl_lbt_access.o
                                                  obj/external/BSW/FblUpd/upd_main.o
FblLogicalBlockTable                              obj/external/Demo/DemoUpdater/Appl/GenData/Fbl_Lbt.o
                                                  obj/external/BSW/Fbl/fbl_lbt_access.o
FblLookForWatchdog                                obj/external/BSW/Fbl/fbl_wd.o
                                                  obj/external/Demo/DemoUpdater/Appl/Source/upd_ap.o
                                                  obj/external/BSW/FblUpd/upd_main.o
                                                  obj/external/BSW/Fbl/fbl_ramio.o
                                                  obj/external/BSW/Fbl/fbl_nvpattern.o
                                                  obj/external/BSW/Fbl/fbl_mio.o
                                                  obj/external/BSW/Fbl/fbl_flio.o
FblLookForWatchdogVoid                            obj/external/BSW/Fbl/fbl_wd.o
                                                  obj/external/BSW/Fbl/fbl_hw.o
                                                  obj/external/BSW/Fbl/fbl_flio.o
FblMain                                           obj/external/BSW/FblUpd/upd_main.o
                                                  obj/external/Demo/DemoUpdater/Appl/Source/EcuM.o
FblMemGetDeviceByAddr                             obj/external/BSW/Fbl/fbl_mio.o
FblMemGetDeviceByRange                            obj/external/BSW/Fbl/fbl_mio.o
FblMemGetInteger                                  obj/external/BSW/FblUpd/upd_main.o
FblMemSegmentNrGet                                obj/external/BSW/Fbl/fbl_mio.o
                                                  obj/external/BSW/FblUpd/upd_main.o
                                                  obj/external/BSW/Fbl/fbl_nvpattern.o
FblMemSetInteger                                  obj/external/BSW/FblUpd/upd_main.o
FblNvPatternClr                                   obj/external/BSW/Fbl/fbl_nvpattern.o
                                                  obj/external/Demo/DemoUpdater/Appl/Source/upd_oem_ap.o
                                                  obj/external/Demo/DemoUpdater/Appl/Source/upd_ap.o
FblNvPatternClrByBlockDescriptor                  obj/external/BSW/Fbl/fbl_nvpattern.o
FblNvPatternGet                                   obj/external/BSW/Fbl/fbl_nvpattern.o
FblNvPatternGetBaseAddr                           obj/external/BSW/Fbl/fbl_nvpattern.o
                                                  obj/external/Demo/DemoUpdater/Appl/Source/upd_ap.o
FblNvPatternGetBaseAddrByBlockDescriptor          obj/external/BSW/Fbl/fbl_nvpattern.o
FblNvPatternGetByBlockDescriptor                  obj/external/BSW/Fbl/fbl_nvpattern.o
FblNvPatternGetPatternState                       obj/external/BSW/Fbl/fbl_nvpattern.o
FblNvPatternSet                                   obj/external/BSW/Fbl/fbl_nvpattern.o
FblNvPatternSetByBlockDescriptor                  obj/external/BSW/Fbl/fbl_nvpattern.o
                                                  obj/external/Demo/DemoUpdater/Appl/Source/upd_ap.o
FblOwnMemcpy                                      obj/external/BSW/Fbl/fbl_hw.o
                                                  obj/external/BSW/Fbl/fbl_flio.o
                                                  obj/external/BSW/Eep/EepIO.o
FblReadBlock                                      obj/external/BSW/Fbl/fbl_hw.o
                                                  obj/external/BSW/FblUpd/upd_main.o
FblReadByte                                       obj/external/BSW/Fbl/fbl_hw.o
FblReadProm                                       obj/external/BSW/Fbl/fbl_mio.o
                                                  obj/external/Demo/DemoUpdater/Appl/Source/upd_ap.o
                                                  obj/external/BSW/FblBmHdr/bm_hdr.o
FblReadPromExt                                    obj/external/BSW/Fbl/fbl_mio.o
FblTimerInit                                      obj/external/BSW/Fbl/fbl_hw.o
                                                  obj/external/BSW/FblUpd/upd_main.o
FblUpdateBlk0                                     obj/external/Demo/DemoUpdater/Appl/Source/DemoFbl.o
FblUpdateBlkInfo                                  obj/external/Demo/DemoUpdater/Appl/Source/DemoFbl.o
                                                  obj/external/BSW/FblUpd/upd_main.o
FlashBlock                                        obj/external/Demo/DemoUpdater/Appl/GenData/Fbl_Fbt.o
                                                  obj/external/Demo/DemoUpdater/Appl/Source/upd_ap.o
                                                  obj/external/BSW/FblUpd/upd_main.o
                                                  obj/external/BSW/Fbl/fbl_nvpattern.o
                                                  obj/external/BSW/Fbl/fbl_mio.o
FlashDriver_DeinitSync                            obj/external/BSW/Fbl/fbl_flio.o
                                                  obj/external/Demo/DemoUpdater/Appl/GenData/Fbl_Fbt.o
FlashDriver_DisableProtection                     obj/external/BSW/Fbl/fbl_flio.o
FlashDriver_GetVersionOfDriver                    obj/external/BSW/Fbl/fbl_flio.o
FlashDriver_InitSync                              obj/external/BSW/Fbl/fbl_flio.o
                                                  obj/external/Demo/DemoUpdater/Appl/GenData/Fbl_Fbt.o
FlashDriver_REraseSync                            obj/external/BSW/Fbl/fbl_flio.o
                                                  obj/external/Demo/DemoUpdater/Appl/GenData/Fbl_Fbt.o
FlashDriver_RReadSync                             obj/external/BSW/Fbl/fbl_flio.o
                                                  obj/external/Demo/DemoUpdater/Appl/GenData/Fbl_Fbt.o
FlashDriver_RWriteSync                            obj/external/BSW/Fbl/fbl_flio.o
                                                  obj/external/Demo/DemoUpdater/Appl/GenData/Fbl_Fbt.o
FlashDriver_ResumeProtection                      obj/external/BSW/Fbl/fbl_flio.o
MemDriver_Begin                                   obj/external/BSW/Fbl/fbl_mio.o
MemDriver_DeinitSync                              obj/external/BSW/Fbl/fbl_mio.o
MemDriver_End                                     obj/external/BSW/Fbl/fbl_mio.o
MemDriver_InitPowerOn                             obj/external/BSW/Fbl/fbl_mio.o
                                                  obj/external/BSW/FblUpd/upd_main.o
MemDriver_InitSync                                obj/external/BSW/Fbl/fbl_mio.o
                                                  obj/external/BSW/FblUpd/upd_main.o
MemDriver_REraseSync                              obj/external/BSW/Fbl/fbl_mio.o
                                                  obj/external/Demo/DemoUpdater/Appl/Source/upd_ap.o
                                                  obj/external/BSW/FblUpd/upd_main.o
MemDriver_RReadSync                               obj/external/BSW/Fbl/fbl_mio.o
                                                  obj/external/BSW/FblUpd/upd_main.o
                                                  obj/external/BSW/Fbl/fbl_nvpattern.o
MemDriver_RWriteSync                              obj/external/BSW/Fbl/fbl_mio.o
                                                  obj/external/BSW/FblUpd/upd_main.o
                                                  obj/external/BSW/Fbl/fbl_nvpattern.o
P2Timer                                           obj/external/BSW/Fbl/fbl_wd.o
RamDriver_DeinitSync                              obj/external/BSW/Fbl/fbl_ramio.o
                                                  obj/external/Demo/DemoUpdater/Appl/GenData/Fbl_Fbt.o
RamDriver_InitSync                                obj/external/BSW/Fbl/fbl_ramio.o
                                                  obj/external/Demo/DemoUpdater/Appl/GenData/Fbl_Fbt.o
RamDriver_REraseSync                              obj/external/BSW/Fbl/fbl_ramio.o
                                                  obj/external/Demo/DemoUpdater/Appl/GenData/Fbl_Fbt.o
RamDriver_RReadSync                               obj/external/BSW/Fbl/fbl_ramio.o
                                                  obj/external/Demo/DemoUpdater/Appl/GenData/Fbl_Fbt.o
RamDriver_RWriteSync                              obj/external/BSW/Fbl/fbl_ramio.o
                                                  obj/external/Demo/DemoUpdater/Appl/GenData/Fbl_Fbt.o
VStdLib_GetCountLeadingOnes16                     obj/external/BSW/VStdLib/vstdlib.o
VStdLib_GetCountLeadingOnes32                     obj/external/BSW/VStdLib/vstdlib.o
VStdLib_GetCountLeadingOnes64                     obj/external/BSW/VStdLib/vstdlib.o