Archive member included because of file (symbol)

outputs/Output/sblappl.a(BrsMainStartup.o)
                              outputs/Output/FblBmHdr_Lcfg.o (Brs_ApplicationEntry)
outputs/Output/sblappl.a(BrsMain_Callout_Stubs.o)
                              outputs/Output/sblappl.a(BrsMainStartup.o) (BrsMain_MemoryInit_StageZero_Hook)
outputs/Output/sblappl.a(BrsHw.o)
                              outputs/Output/sblappl.a(BrsMain_Callout_Stubs.o) (BrsHwWatchdogInitPowerOn)
outputs/Output/sblappl.a(BrsMain.o)
                              outputs/Output/sblappl.a(BrsMainStartup.o) (BrsMainExceptionHandler)
outputs/Output/sblappl.a(BrsMain_Appl.o)
                              outputs/Output/sblappl.a(BrsMain.o) (BrsMain_Appl_Init)
outputs/Output/sblappl.a(EcuM.o)
                              outputs/Output/sblappl.a(BrsMain.o) (EcuM_Init)
outputs/Output/sip.a(upd_main.o)
                              outputs/Output/sblappl.a(EcuM.o) (FblMain)
outputs/Output/sip.a(FlashRom.o)
                              outputs/Output/sip.a(upd_main.o) (flashDrvBlk0)
outputs/Output/sip.a(fbl_wd.o)
                              outputs/Output/sip.a(upd_main.o) (FblInitWatchdog)
outputs/Output/sip.a(fbl_flio.o)
                              outputs/Output/sip.a(upd_main.o) (flashCode)
outputs/Output/sip.a(fbl_mio.o)
                              outputs/Output/sip.a(upd_main.o) (MemDriver_InitPowerOn)
outputs/Output/sip.a(fbl_hw.o)
                              outputs/Output/sip.a(upd_main.o) (FblTimerInit)
outputs/Output/sip.a(fbl_lbt_access.o)
                              outputs/Output/sip.a(upd_main.o) (FblLbtInitPowerOn)
outputs/Output/FblC_Array.a(fss_pbl.o)
                              outputs/Output/sip.a(upd_main.o) (FblUpdateBlkInfo)
outputs/Output/gendata.a(vBrs_Lcfg.o)
                              outputs/Output/sblappl.a(BrsMain.o) (BrsMain_CoreConfig)
outputs/Output/gendata.a(Fbl_Fbt.o)
                              outputs/Output/sip.a(fbl_mio.o) (kNrOfMemDrv)
outputs/Output/gendata.a(Fbl_Lbt.o)
                              outputs/Output/sip.a(fbl_lbt_access.o) (FblLogicalBlockTable)
outputs/Output/gendata.a(vLinkGen_Lcfg.o)
                              outputs/Output/sblappl.a(BrsMainStartup.o) (vLinkGen_Init_One_GroupsSet)
outputs/Output/sblappl.a(upd_ap.o)
                              outputs/Output/sip.a(upd_main.o) (ApplFblUpdPrepareErase)
outputs/Output/sblappl.a(upd_oem_ap.o)
                              outputs/Output/sip.a(upd_main.o) (ApplFblUpdOemInvalidateUpdater)
outputs/Output/sblappl.a(fbl_apwd.o)
                              outputs/Output/sip.a(fbl_wd.o) (ApplFblWDInit)
outputs/Output/sip.a(fbl_ramio.o)
                              outputs/Output/gendata.a(Fbl_Fbt.o) (RamDriver_InitSync)
outputs/Output/sip.a(fbl_nvpattern.o)
                              outputs/Output/sblappl.a(upd_ap.o) (FblNvPatternGetBaseAddr)

Discarded input sections

 wm4.0.eb934b525b0a2fe7cf10abc617fe0d09
                0x0000000000000000        0x8 outputs/Output/BrsHwStartup.o
 wm4.stdcpredef.h.28.a97e2c55a5d159ef4c22e41180407e32
                0x0000000000000000        0x8 outputs/Output/BrsHwStartup.o
 wm4.BrsHw.h.99.d0bc56251b578ffd5f00806b7b98ea20
                0x0000000000000000        0x8 outputs/Output/BrsHwStartup.o
 wm4.Platform_Types.h.43.98635a151538d8019294aae802bf63e0
                0x0000000000000000        0x8 outputs/Output/BrsHwStartup.o
 wm4.Compiler_Cfg.h.119.e2ee2623686650abd544b5b826fa49be
                0x0000000000000000        0x8 outputs/Output/BrsHwStartup.o
 wm4.Compiler.h.51.ee1e9d1a005f8f138c94ed7202f6452a
                0x0000000000000000        0x8 outputs/Output/BrsHwStartup.o
 wm4.Std_Types.h.63.f45ea908c36ec2355154a46789b51615
                0x0000000000000000        0x8 outputs/Output/BrsHwStartup.o
 wm4.vBrsCfg.h.64.0591cbec96080a1a82c2458d87327b88
                0x0000000000000000        0x8 outputs/Output/BrsHwStartup.o
 wm4.Fbl_Cfg.h.46.67c8730955aa768718aec25cbf561c41
                0x0000000000000000        0x8 outputs/Output/BrsHwStartup.o
 wm4.FblHal_Cfg.h.46.1517e9b3563c0e6ba64c43f7662b79b8
                0x0000000000000000        0x8 outputs/Output/BrsHwStartup.o
 wm4.Fbl_Cfg.h.151.bd30b1b1adb33d065511559d93b2004d
                0x0000000000000000        0x8 outputs/Output/BrsHwStartup.o
 wm4.BrsHw_Ports.h.144.5a6135973bcc8237d0f7f791cc466ead
                0x0000000000000000        0x8 outputs/Output/BrsHwStartup.o
 wm4.BrsHwStartup_TC2xx_TC3xx.h.37.d36e00b5a86f27bef7b454df132426b7
                0x0000000000000000        0x8 outputs/Output/BrsHwStartup.o
 wm4.BrsMain_Types.h.27.4b71bf362d839dba3f3cbc89f4354e64
                0x0000000000000000        0x8 outputs/Output/BrsHwStartup.o
 wm4.EcuM_Generated_Types.h.58.48a50433a8454f789a855b4eb55585d8
                0x0000000000000000        0x8 outputs/Output/BrsHwStartup.o
 wm4.ComStack_Types.h.85.6b94c041f59332f1d7bed7634892cd6c
[...]
Memory Configuration

Name             Origin             Length             Used               Free               Attributes
RamDsprCpu2_FordAppl_Sdata 0x0000000050000000 0x0000000000003000         0x0000000000000000         0x0000000000003000
RamDsprCpu2_FordAppl_Bss_Data 0x0000000050003000 0x0000000000003800         0x0000000000000000         0x0000000000003800
RamDsprCpu2_FordAppl_Stack 0x0000000050006800 0x0000000000003000         0x0000000000000000         0x0000000000003000
RamDsprCpu2_FordAppl_IStack 0x0000000050009c00 0x0000000000003400         0x0000000000000000         0x0000000000003400
RamDsprCpu2_FordAppl_Csa 0x000000005000d000 0x000000000000b000         0x0000000000000000         0x000000000000b000
RamDcsram_CPU2   0x0000000050018000 0x0000000000004000         0x0000000000000000         0x0000000000004000
RamDctagsram_CPU2 0x00000000500c0000 0x0000000000001800         0x0000000000000000         0x0000000000001800
RamPcpsram_CPU2  0x0000000050100000 0x0000000000010000         0x0000000000000000         0x0000000000010000
RamPcsram_CPU2   0x0000000050110000 0x0000000000008000         0x0000000000000000         0x0000000000008000
RamPctagsram_CPU2 0x00000000501c0000 0x0000000000003000         0x0000000000000000         0x0000000000003000
RamDsprCpu1_FordAppl_Sdata 0x0000000060000000 0x000000000000f000         0x0000000000000000         0x000000000000f000
RamDsprCpu1_FordAppl_Bss_data 0x000000006000f000 0x000000000000f800         0x0000000000000000         0x000000000000f800
RamDsprCpu1_FordAppl_Stack 0x000000006001e800 0x0000000000007400         0x0000000000000000         0x0000000000007400
RamDsprCpu1_FordAppl_IStack 0x0000000060025c00 0x0000000000007400         0x0000000000000000         0x0000000000007400
RamDsprCpu1_FordAppl_Csa 0x000000006002d000 0x000000000000f000         0x0000000000000000         0x000000000000f000
RamDcsram_CPU1   0x000000006003c000 0x0000000000004000         0x0000000000000000         0x0000000000004000
RamDctagsram_CPU1 0x00000000600c0000 0x0000000000001800         0x0000000000000000         0x0000000000001800
RamPcpsram_CPU1  0x0000000060100000 0x0000000000010000         0x0000000000000000         0x0000000000010000
RamPcsram_CPU1   0x0000000060110000 0x0000000000008000         0x0000000000000000         0x0000000000008000
RamPctagsram_CPU1 0x00000000601c0000 0x0000000000003000         0x0000000000000000         0x0000000000003000
RamDsprCpu0_FlashDrvArea 0x0000000070000000 0x0000000000000c00         0x0000000000000c00         0x0000000000000000
RamDsprCpu0_XH_Buffer 0x0000000070000c00 0x0000000000001400         0x0000000000000000         0x0000000000001400
RamDsprCpu0_Sys_KAM 0x0000000070002000 0x0000000000000040         0x0000000000000000         0x0000000000000040
RamDsprCpu0_KernelErLog_MR 0x0000000070002040 0x0000000000000740         0x0000000000000000         0x0000000000000740
RamDsprCpu0_CalibShadow_Tbl 0x0000000070002780 0x0000000000010000         0x0000000000000000         0x0000000000010000
RamDsprCpu0_FDAppl_DataShadow 0x0000000070012780 0x0000000000002000         0x0000000000000000         0x0000000000002000
RamDsprCpu0_NVRamSdata_Sbss 0x0000000070014780 0x0000000000002000         0x0000000000000000         0x0000000000002000
RamDsprCpu0_IPC  0x0000000070016780 0x0000000000007fc0         0x0000000000000000         0x0000000000007fc0
RamDsprCpu0_IPC_ResetSafe 0x000000007001e740 0x0000000000000040         0x0000000000000000         0x0000000000000040
RamDsprCpu0_LLDAppl_Data_Bss 0x000000007001e780 0x0000000000016480         0x0000000000002170         0x0000000000014310
RamDsprCpu0_LLDAppl_RamConstSection 0x0000000070034c00 0x0000000000001000         0x0000000000000000         0x0000000000001000
RamDsprCpu0_LLDAppl_Stack 0x0000000070035c00 0x0000000000001400         0x0000000000001400         0x0000000000000000
RamDsprCpu0_LLDAppl_IStack 0x0000000070037000 0x0000000000000800         0x0000000000000000         0x0000000000000800
RamDsprCpu0_LLDAppl_RAMCODE 0x0000000070037800 0x0000000000000800         0x0000000000000000         0x0000000000000800
RamDsprCpu0_LLDAppl_Csa 0x0000000070038000 0x0000000000003bf0         0x0000000000000000         0x0000000000003bf0
RamDsprCpu0_Var_Eep_DummyArea 0x000000007003bbf0 0x0000000000000400         0x0000000000000000         0x0000000000000400
RamDsprCpu0_MagicFlagArea 0x000000007003bff0 0x0000000000000010         0x0000000000000000         0x0000000000000010
RamDcsram_CPU0   0x000000007003c000 0x0000000000004000         0x0000000000000000         0x0000000000004000
RamDctagsram_CPU0 0x00000000700c0000 0x0000000000001800         0x0000000000000000         0x0000000000001800
RamPcpsram_CPU0  0x0000000070100000 0x000000000000fffe         0x0000000000000000         0x000000000000fffe
RamPcsram_CPU0   0x0000000070110000 0x0000000000008000         0x0000000000000000         0x0000000000008000
RamPctagsram_CPU0 0x00000000701c0000 0x0000000000003000         0x0000000000000000         0x0000000000003000
BmRom_Startup    0x0000000080000000 0x0000000000000300         0x0000000000000000         0x0000000000000300
BmRomArea        0x0000000080000300 0x0000000000007cde         0x0000000000000000         0x0000000000007cde
BmHeader         0x0000000080007fe0 0x0000000000000020         0x0000000000000000         0x0000000000000020
ApplRom_ApplVect 0x0000000080290000 0x0000000000000020         0x0000000000000008         0x0000000000000018
ApplRom_Startup  0x0000000080290020 0x0000000000000800         0x0000000000000000         0x0000000000000800
ApplRomArea      0x0000000080290820 0x0000000000054000         0x0000000000053c90         0x0000000000000370
ApplBmHdrHeader  0x00000000802e4820 0x0000000000000100         0x0000000000000018         0x00000000000000e8
Os_IntVect       0x00000000802e4920 0x0000000000008000         0x0000000000000000         0x0000000000008000
Region_etk_pageswitch_mbox 0x00000000802ec920 0x0000000000000200         0x0000000000000000         0x0000000000000200
Region_etkDisTab_MemClass 0x00000000802ecb20 0x0000000000000200         0x0000000000000000         0x0000000000000200
RegionBlock_BMHD0 0x00000000802ecd20 0x0000000000000200         0x0000000000000000         0x0000000000000200
SwIDBlock_HPCM   0x00000000802ecf20 0x0000000000000200         0x0000000000000000         0x0000000000000200
Rom_PresencePattern1 0x00000000802fff80 0x0000000000000040         0x0000000000000004         0x000000000000003c
Rom_PresencePattern2 0x00000000802fffc0 0x0000000000000040         0x0000000000000004         0x000000000000003c
FblHeader        0x00000000805a0000 0x0000000000000020         0x0000000000000000         0x0000000000000020
FblBmHdrHeader   0x00000000805a0020 0x0000000000000020         0x0000000000000000         0x0000000000000020
FblRomArea       0x00000000805a0040 0x000000000004eb80         0x0000000000000000         0x000000000004eb80
FblRomStartup    0x00000000805eebc0 0x0000000000000400         0x0000000000000000         0x0000000000000400
FblReserved      0x00000000805eefc0 0x0000000000000fc0         0x0000000000000000         0x0000000000000fc0
FblBlockValPresencePattern 0x00000000805eff80 0x0000000000000080         0x0000000000000000         0x0000000000000080
RamDlmu_CPU1     0x00000000b0000000 0x000000000000fffe         0x0000000000000000         0x000000000000fffe
RamDlmu_CPU0     0x00000000b0010000 0x000000000000fffe         0x0000000000000000         0x000000000000fffe
RamDlmu_CPU2     0x00000000b0020000 0x000000000000fffe         0x0000000000000000         0x000000000000fffe
*default*        0x0000000000000000 0xffffffffffffffff         0x0000000000000046         0xffffffffffffffb9

Linker script and memory map


.FblBmHdrHeaderGroup memory region -> ApplBmHdrHeader
                0x00000000802e4820       0x18
                0x00000000802e4820                _FblBmHdrHeaderGroup_START = ABSOLUTE (.)
 *(*.BmHdrHeaderSection)
 .BmHdrHeaderSection
                0x00000000802e4820       0x18 outputs/Output/FblBmHdr_Lcfg.o
                0x00000000802e4820                FblBmHdrHeader
                0x00000000802e4837                _FblBmHdrHeaderGroup_END = ABSOLUTE ((. - 0x1))
                0x00000000802e4838                _FblBmHdrHeaderGroup_LIMIT = ABSOLUTE (.)
                0x00000000802e4820                _FblAppl_BmHdrHeader_ALL_START = _FblBmHdrHeaderGroup_START
                0x00000000802e4837                _FblAppl_BmHdrHeader_ALL_END = _FblBmHdrHeaderGroup_END
                0x00000000802e4838                _FblAppl_BmHdrHeader_ALL_LIMIT = _FblBmHdrHeaderGroup_LIMIT

.Fbl_PP         memory region -> Rom_PresencePattern1
                0x00000000802fff80        0x4
                0x00000000802fff80                _Fbl_PP_START = ABSOLUTE (.)
 *(*.FblPresencePatternSection)
 .rodata.FblPresencePatternSection
                0x00000000802fff80        0x4 outputs/Output/sblappl.a(BrsMain.o)
                0x00000000802fff80                FblPresencePatternArray
                0x00000000802fff83                _Fbl_PP_END = ABSOLUTE ((. - 0x1))
                0x00000000802fff84                _Fbl_PP_LIMIT = ABSOLUTE (.)
                0x00000000802fff80                _Fbl_PresencePattern_ALL_START = _Fbl_PP_START
                0x00000000802fff83                _Fbl_PresencePattern_ALL_END = _Fbl_PP_END
                0x00000000802fff84                _Fbl_PresencePattern_ALL_LIMIT = _Fbl_PP_LIMIT

.Fbl_PP2        memory region -> Rom_PresencePattern2
                0x00000000802fffc0        0x4
                0x00000000802fffc0                _Fbl_PP2_START = ABSOLUTE (.)
 *(*.FblPresencePatternSection2)
 .rodata.FblPresencePatternSection2
                0x00000000802fffc0        0x4 outputs/Output/sblappl.a(BrsMain.o)
                0x00000000802fffc0                FblPresencePatternArray2
                0x00000000802fffc3                _Fbl_PP2_END = ABSOLUTE ((. - 0x1))
                0x00000000802fffc4                _Fbl_PP2_LIMIT = ABSOLUTE (.)

.RamConstSection memory region -> RamDsprCpu0_LLDAppl_Data_Bss
                0x000000007001e780        0x0 load address 0x0000000080290820
                0x000000007001e780                _RamConstSection_START = ABSOLUTE (.)
 *(*.RamConstSection)
                0x000000007001e780                . = ALIGN (0x4)
                0x000000007001e77f                _RamConstSection_END = ABSOLUTE ((. - 0x1))
                0x000000007001e780                _RamConstSection_LIMIT = ABSOLUTE (.)
                0x0000000080290820                _RamConstSection_ROM_START = LOADADDR (.RamConstSection)
                0x0000000080290820                _RamConstSection_ROM_LIMIT = (LOADADDR (.RamConstSection) + SIZEOF (.RamConstSection))
                0x000000007001e780                _FblRamConst_ALL_START = _RamConstSection_START
                0x000000007001e77f                _FblRamConst_ALL_END = _RamConstSection_END
                0x000000007001e780                _FblRamConst_ALL_LIMIT = _RamConstSection_LIMIT

.Brs_Startup_Code memory region -> ApplRom_Startup
                0x0000000080290020        0x0
                0x0000000080290020                _Brs_Startup_Code_START = ABSOLUTE (.)
                0x0000000080290020                . = ALIGN (0x8)
 *(*.brsStartup)
                0x000000008029001f                _Brs_Startup_Code_END = ABSOLUTE ((. - 0x1))
                0x0000000080290020                _Brs_Startup_Code_LIMIT = ABSOLUTE (.)

.BrsMain_Startup_Code memory region -> ApplRom_Startup
                0x0000000080290020        0x0
                0x0000000080290020                _BrsMain_Startup_Code_START = ABSOLUTE (.)
 *(*.brsMainStartup)
                0x000000008029001f                _BrsMain_Startup_Code_END = ABSOLUTE ((. - 0x1))
                0x0000000080290020                _BrsMain_Startup_Code_LIMIT = ABSOLUTE (.)
                0x0000000080290020                _Brs_Startup_Code_ALL_START = _Brs_Startup_Code_START
                0x000000008029001f                _Brs_Startup_Code_ALL_END = _BrsMain_Startup_Code_END
                0x0000000080290020                _Brs_Startup_Code_ALL_LIMIT = _BrsMain_Startup_Code_LIMIT

.RamCodeSection memory region -> RamDsprCpu0_LLDAppl_Data_Bss
                0x000000007001e780     0x101c load address 0x0000000080290820
                0x000000007001e780                _RamCodeSection_START = ABSOLUTE (.)
 *(*.RamCodeCoreSection)
 .RamCodeCoreSection
                0x000000007001e780       0xce outputs/Output/sip.a(fbl_wd.o)
                0x000000007001e780                FblLookForWatchdog
                0x000000007001e848                FblLookForWatchdogVoid
 .RamCodeCoreSection
                0x000000007001e84e      0x7d4 outputs/Output/sip.a(fbl_flio.o)
                                        0x7c8 (size before relaxing)
                0x000000007001e90a                FlashDriver_InitSync
                0x000000007001e99c                FlashDriver_DeinitSync
                0x000000007001ea02                FlashDriver_RWriteSync
                0x000000007001eb1e                FlashDriver_REraseSync
                0x000000007001ed3a                FlashDriver_RReadSync
                0x000000007001eee2                FlashDriver_GetVersionOfDriver
                0x000000007001ef2e                FlashDriver_ResumeProtection
                0x000000007001ef40                FlashDriver_DisableProtection
 .RamCodeCoreSection
                0x000000007001f022      0x5ae outputs/Output/sip.a(fbl_mio.o)
                0x000000007001f022                MemDriver_InitPowerOn
                0x000000007001f070                FblMemSegmentNrGet
                0x000000007001f19c                FblMemGetDeviceByAddr
                0x000000007001f1c0                FblMemGetDeviceByRange
                0x000000007001f256                MemDriver_Begin
                0x000000007001f268                MemDriver_End
                0x000000007001f27e                MemDriver_InitSync
                0x000000007001f2e4                MemDriver_DeinitSync
                0x000000007001f34c                MemDriver_RReadSync
                0x000000007001f3b0                FblReadPromExt
                0x000000007001f4f8                FblReadProm
                0x000000007001f508                MemDriver_RWriteSync
                0x000000007001f56c                MemDriver_REraseSync
 .RamCodeCoreSection
                0x000000007001f5d0      0x1c8 outputs/Output/sip.a(fbl_hw.o)
                                        0x1bc (size before relaxing)
                0x000000007001f680                FblTimerInit
                0x000000007001f69e                FblGetTimerValue
                0x000000007001f6b0                FblHwRegisterUnlock
                0x000000007001f6c2                FblHwRegisterLock
                0x000000007001f6d4                FblHwRegisterModify
                0x000000007001f700                FblOwnMemcpy
                0x000000007001f778                FblReadByte
                0x000000007001f77e                FblReadBlock
 .RamCodeCoreSection
                0x000000007001f798        0x2 outputs/Output/sblappl.a(fbl_apwd.o)
                0x000000007001f798                ApplFblWDTrigger
                0x000000007001f79c                . = ALIGN (0x4)
 *fill*         0x000000007001f79a        0x2 00
                0x000000007001f79b                _RamCodeSection_END = ABSOLUTE ((. - 0x1))
                0x000000007001f79c                _RamCodeSection_LIMIT = ABSOLUTE (.)
                0x0000000080290820                _RamCodeSection_ROM_START = LOADADDR (.RamCodeSection)
                0x000000008029183c                _RamCodeSection_ROM_LIMIT = (LOADADDR (.RamCodeSection) + SIZEOF (.RamCodeSection))
                0x000000007001e780                _FblRamCode_ALL_START = _RamCodeSection_START
                0x000000007001f79b                _FblRamCode_ALL_END = _RamCodeSection_END
                0x000000007001f79c                _FblRamCode_ALL_LIMIT = _RamCodeSection_LIMIT

.APPLVECT       memory region -> ApplRom_ApplVect
                0x0000000080290000        0x8
                0x0000000080290000                _APPLVECT_START = ABSOLUTE (.)
 *(*.ApplVectSection)
 .ApplVectSection
                0x0000000080290000        0x8 outputs/Output/fbl_applvect.o
                0x0000000080290000                ApplIntJmpTable
                0x0000000080290007                _APPLVECT_END = ABSOLUTE ((. - 0x1))
                0x0000000080290008                _APPLVECT_LIMIT = ABSOLUTE (.)
                0x0000000080290000                _Appl_ApplVect_ALL_START = _APPLVECT_START
                0x0000000080290007                _Appl_ApplVect_ALL_END = _APPLVECT_END
                0x0000000080290008                _Appl_ApplVect_ALL_LIMIT = _APPLVECT_LIMIT
                0x00000000802e2b6a                RESETVECT = Brs_ApplicationEntry
                0x00000000802e2b6a                _start = Brs_ApplicationEntry
                0x0000000080291900                _Brs_ExcVect_START = _Brs_ExcVectRam_ROM_START

.Brs_ExcVectRam memory region -> RamDsprCpu0_LLDAppl_Data_Bss
                0x000000007001f800       0x10 load address 0x0000000080291900
                0x000000007001f800                _Brs_ExcVectRam_START = ABSOLUTE (.)
 *(*.brsExcVectRam)
                0x000000007001f800                . = ALIGN (0x8)
                0x000000007001f7ff                _Brs_ExcVectRam_END = ABSOLUTE ((. - 0x1))
                0x000000007001f800                _Brs_ExcVectRam_LIMIT = ABSOLUTE (.)
                0x000000007001f810                . = (. + 0x10)
 *fill*         0x000000007001f800       0x10 00
                0x0000000080291900                _Brs_ExcVectRam_ROM_START = LOADADDR (.Brs_ExcVectRam)
                0x0000000080291900                _Brs_ExcVectRam_ROM_LIMIT = ((LOADADDR (.Brs_ExcVectRam) + SIZEOF (.Brs_ExcVectRam)) - 0x10)
                0x000000007001f800                _Brs_ExcVectRam_ALL_START = _Brs_ExcVectRam_START
                0x000000007001f7ff                _Brs_ExcVectRam_ALL_END = _Brs_ExcVectRam_END
                0x000000007001f800                _Brs_ExcVectRam_ALL_LIMIT = _Brs_ExcVectRam_LIMIT

.Brs_Shared_Const memory region -> BmRomArea
                0x0000000080000300        0x0
                0x0000000080000300                _Brs_Shared_Const_START = ABSOLUTE (.)
 *(*.brsSharedConst)
                0x00000000800002ff                _Brs_Shared_Const_END = ABSOLUTE ((. - 0x1))
                0x0000000080000300                _Brs_Shared_Const_LIMIT = ABSOLUTE (.)
                0x0000000080000300                _Brs_Shared_Const_ALL_START = _Brs_Shared_Const_START
                0x00000000800002ff                _Brs_Shared_Const_ALL_END = _Brs_Shared_Const_END
                0x0000000080000300                _Brs_Shared_Const_ALL_LIMIT = _Brs_Shared_Const_LIMIT

.Brs_Shared_Var memory region -> RamDsprCpu0_LLDAppl_Data_Bss
                0x000000007001f810        0x8
                0x000000007001f810                _Brs_Shared_Var_START = ABSOLUTE (.)
 *(*.brsSharedVar)
 .bss.brsSharedVar
                0x000000007001f810        0x8 outputs/Output/sblappl.a(BrsMainStartup.o)
                0x000000007001f810                brsMain_ResetReason
                0x000000007001f817                _Brs_Shared_Var_END = ABSOLUTE ((. - 0x1))
                0x000000007001f818                _Brs_Shared_Var_LIMIT = ABSOLUTE (.)
                0x000000007001f810                _Brs_Shared_Var_ALL_START = _Brs_Shared_Var_START
                0x000000007001f817                _Brs_Shared_Var_ALL_END = _Brs_Shared_Var_END
                0x000000007001f818                _Brs_Shared_Var_ALL_LIMIT = _Brs_Shared_Var_LIMIT

.EepDummyVarGroup memory region -> RamDsprCpu0_Var_Eep_DummyArea
                0x000000007003bbf0        0x0
                0x000000007003bbf0                _EepDummyVarGroup_START = ABSOLUTE (.)
 *(*.EepDummySection)
                0x000000007003bbf0                . = ALIGN (0x4)
                0x000000007003bbef                _EepDummyVarGroup_END = ABSOLUTE ((. - 0x1))
                0x000000007003bbf0                _EepDummyVarGroup_LIMIT = ABSOLUTE (.)
                0x000000007003bbf0                _EepDummyVarGroup_ALL_START = _EepDummyVarGroup_START
                0x000000007003bbef                _EepDummyVarGroup_ALL_END = _EepDummyVarGroup_END
                0x000000007003bbf0                _EepDummyVarGroup_ALL_LIMIT = _EepDummyVarGroup_LIMIT

.FlashDrvSectionGroup memory region -> RamDsprCpu0_FlashDrvArea
                0x0000000070000000      0xc00
                0x0000000070000000                _FlashDrvSectionGroup_START = ABSOLUTE (.)
 *(*.FblFlashDrvSection)
 .FblFlashDrvSection
                0x0000000070000000      0xc00 outputs/Output/sip.a(fbl_flio.o)
                0x0000000070000000                flashCode
                0x0000000070000bff                _FlashDrvSectionGroup_END = ABSOLUTE ((. - 0x1))
                0x0000000070000c00                _FlashDrvSectionGroup_LIMIT = ABSOLUTE (.)
                0x0000000070000000                _FlashDrvSectionGroup_ALL_START = _FlashDrvSectionGroup_START
                0x0000000070000bff                _FlashDrvSectionGroup_ALL_END = _FlashDrvSectionGroup_END
                0x0000000070000c00                _FlashDrvSectionGroup_ALL_LIMIT = _FlashDrvSectionGroup_LIMIT
                0x0000000000000008                __HEAP = 0x8
                0x0000000000000008                __HEAP_END = 0x8

.MagicFlagGroup memory region -> RamDsprCpu0_MagicFlagArea
                0x000000007003bff0        0x0
                0x000000007003bff0                _MagicFlagGroup_START = ABSOLUTE (.)
 *(*.MagicFlagSection)
                0x000000007003bff0                . = ALIGN (0x4)
                0x000000007003bfef                _MagicFlagGroup_END = ABSOLUTE ((. - 0x1))
                0x000000007003bff0                _MagicFlagGroup_LIMIT = ABSOLUTE (.)
                0x000000007003bff0                _MagicFlagGroup_ALL_START = _MagicFlagGroup_START
                0x000000007003bfef                _MagicFlagGroup_ALL_END = _MagicFlagGroup_END
                0x000000007003bff0                _MagicFlagGroup_ALL_LIMIT = _MagicFlagGroup_LIMIT

.STACK_C0       memory region -> RamDsprCpu0_LLDAppl_Stack
                0x0000000070035c00     0x1400
                0x0000000070035c00                _STACK_C0_START = ABSOLUTE (.)
                0x0000000070037000                . = (. + 0x1400)
 *fill*         0x0000000070035c00     0x1400 00
                0x0000000070037000                . = ALIGN (0x4)
                0x0000000070036fff                _STACK_C0_END = ABSOLUTE ((. - 0x1))
                0x0000000070037000                _STACK_C0_LIMIT = ABSOLUTE (.)
                0x0000000070035c00                _STACK_C0_ALL_START = _STACK_C0_START
                0x0000000070036fff                _STACK_C0_ALL_END = _STACK_C0_END
                0x0000000070037000                _STACK_C0_ALL_LIMIT = _STACK_C0_LIMIT
                0x00000000802e2b6a                StartupEntry = Brs_ApplicationEntry
                0x00000000802e2b6a                _start_tc0 = Brs_ApplicationEntry
                0x00000000802e2b6a                _start_tc1 = Brs_ApplicationEntry
                0x00000000802e2b6a                _start_tc2 = Brs_ApplicationEntry
                0x00000000802e2b6a                _start_tc3 = Brs_ApplicationEntry
                0x00000000802e2b6a                _start_tc4 = Brs_ApplicationEntry
                0x00000000802e2b6a                _start_tc5 = Brs_ApplicationEntry

.RamDcsram_CPU0_Var memory region -> RamDcsram_CPU0
                0x000000007003c000        0x0
                0x000000007003c000                _RamDcsram_CPU0_Var_START = ABSOLUTE (.)
 *(*.RamDcsram_CPU0_Section)
                0x000000007003c000                . = ALIGN (0x4)
                0x000000007003bfff                _RamDcsram_CPU0_Var_END = ABSOLUTE ((. - 0x1))
                0x000000007003c000                _RamDcsram_CPU0_Var_LIMIT = ABSOLUTE (.)
                0x000000007003c000                _RamDcsram_CPU0_Var_ALL_START = _RamDcsram_CPU0_Var_START
                0x000000007003bfff                _RamDcsram_CPU0_Var_ALL_END = _RamDcsram_CPU0_Var_END
                0x000000007003c000                _RamDcsram_CPU0_Var_ALL_LIMIT = _RamDcsram_CPU0_Var_LIMIT

.RamDcsram_CPU1_Var memory region -> RamDcsram_CPU1
                0x000000006003c000        0x0
                0x000000006003c000                _RamDcsram_CPU1_Var_START = ABSOLUTE (.)
 *(*.RamDcsram_CPU1_Section)
                0x000000006003c000                . = ALIGN (0x4)
                0x000000006003bfff                _RamDcsram_CPU1_Var_END = ABSOLUTE ((. - 0x1))
                0x000000006003c000                _RamDcsram_CPU1_Var_LIMIT = ABSOLUTE (.)
                0x000000006003c000                _RamDcsram_CPU1_Var_ALL_START = _RamDcsram_CPU1_Var_START
                0x000000006003bfff                _RamDcsram_CPU1_Var_ALL_END = _RamDcsram_CPU1_Var_END
                0x000000006003c000                _RamDcsram_CPU1_Var_ALL_LIMIT = _RamDcsram_CPU1_Var_LIMIT

.RamDcsram_CPU2_Var memory region -> RamDcsram_CPU2
                0x0000000050018000        0x0
                0x0000000050018000                _RamDcsram_CPU2_Var_START = ABSOLUTE (.)
 *(*.RamDcsram_CPU2_Section)
                0x0000000050018000                . = ALIGN (0x4)
                0x0000000050017fff                _RamDcsram_CPU2_Var_END = ABSOLUTE ((. - 0x1))
                0x0000000050018000                _RamDcsram_CPU2_Var_LIMIT = ABSOLUTE (.)
                0x0000000050018000                _RamDcsram_CPU2_Var_ALL_START = _RamDcsram_CPU2_Var_START
                0x0000000050017fff                _RamDcsram_CPU2_Var_ALL_END = _RamDcsram_CPU2_Var_END
                0x0000000050018000                _RamDcsram_CPU2_Var_ALL_LIMIT = _RamDcsram_CPU2_Var_LIMIT

.RamDctagsram_CPU0_Var memory region -> RamDctagsram_CPU0
                0x00000000700c0000        0x0
                0x00000000700c0000                _RamDctagsram_CPU0_Var_START = ABSOLUTE (.)
 *(*.RamDctagsramCPU0_Section)
                0x00000000700c0000                . = ALIGN (0x4)
                0x00000000700bffff                _RamDctagsram_CPU0_Var_END = ABSOLUTE ((. - 0x1))
                0x00000000700c0000                _RamDctagsram_CPU0_Var_LIMIT = ABSOLUTE (.)
                0x00000000700c0000                _RamDctagsram_CPU0_Var_ALL_START = _RamDctagsram_CPU0_Var_START
                0x00000000700bffff                _RamDctagsram_CPU0_Var_ALL_END = _RamDctagsram_CPU0_Var_END
                0x00000000700c0000                _RamDctagsram_CPU0_Var_ALL_LIMIT = _RamDctagsram_CPU0_Var_LIMIT

.RamDctagsram_CPU1_Var memory region -> RamDctagsram_CPU1
                0x00000000600c0000        0x0
                0x00000000600c0000                _RamDctagsram_CPU1_Var_START = ABSOLUTE (.)
 *(*.RamDctagsramCPU0_Section)
                0x00000000600c0000                . = ALIGN (0x4)
                0x00000000600bffff                _RamDctagsram_CPU1_Var_END = ABSOLUTE ((. - 0x1))
                0x00000000600c0000                _RamDctagsram_CPU1_Var_LIMIT = ABSOLUTE (.)
                0x00000000600c0000                _RamDctagsram_CPU1_Var_ALL_START = _RamDctagsram_CPU1_Var_START
                0x00000000600bffff                _RamDctagsram_CPU1_Var_ALL_END = _RamDctagsram_CPU1_Var_END
                0x00000000600c0000                _RamDctagsram_CPU1_Var_ALL_LIMIT = _RamDctagsram_CPU1_Var_LIMIT

.RamDctagsram_CPU2_Var memory region -> RamDctagsram_CPU2
                0x00000000500c0000        0x0
                0x00000000500c0000                _RamDctagsram_CPU2_Var_START = ABSOLUTE (.)
 *(*.RamDctagsramCPU0_Section)
                0x00000000500c0000                . = ALIGN (0x4)
                0x00000000500bffff                _RamDctagsram_CPU2_Var_END = ABSOLUTE ((. - 0x1))
                0x00000000500c0000                _RamDctagsram_CPU2_Var_LIMIT = ABSOLUTE (.)
                0x00000000500c0000                _RamDctagsram_CPU2_Var_ALL_START = _RamDctagsram_CPU2_Var_START
                0x00000000500bffff                _RamDctagsram_CPU2_Var_ALL_END = _RamDctagsram_CPU2_Var_END
                0x00000000500c0000                _RamDctagsram_CPU2_Var_ALL_LIMIT = _RamDctagsram_CPU2_Var_LIMIT

.RamPcpsram_CPU0_Var memory region -> RamPcpsram_CPU0
                0x0000000070100000        0x0
                0x0000000070100000                _RamPcpsram_CPU0_Var_START = ABSOLUTE (.)
 *(*.RamPcpsramCPU0_Section)
                0x0000000070100000                . = ALIGN (0x4)
                0x00000000700fffff                _RamPcpsram_CPU0_Var_END = ABSOLUTE ((. - 0x1))
                0x0000000070100000                _RamPcpsram_CPU0_Var_LIMIT = ABSOLUTE (.)
                0x0000000070100000                _RamPcpsram_CPU0_Var_ALL_START = _RamPcpsram_CPU0_Var_START
                0x00000000700fffff                _RamPcpsram_CPU0_Var_ALL_END = _RamPcpsram_CPU0_Var_END
                0x0000000070100000                _RamPcpsram_CPU0_Var_ALL_LIMIT = _RamPcpsram_CPU0_Var_LIMIT

.RamPcpsram_CPU1_Var memory region -> RamPcpsram_CPU1
                0x0000000060100000        0x0
                0x0000000060100000                _RamPcpsram_CPU1_Var_START = ABSOLUTE (.)
 *(*.RamPcpsramCPU1_Section)
                0x0000000060100000                . = ALIGN (0x4)
                0x00000000600fffff                _RamPcpsram_CPU1_Var_END = ABSOLUTE ((. - 0x1))
                0x0000000060100000                _RamPcpsram_CPU1_Var_LIMIT = ABSOLUTE (.)
                0x0000000060100000                _RamPcpsram_CPU1_Var_ALL_START = _RamPcpsram_CPU1_Var_START
                0x00000000600fffff                _RamPcpsram_CPU1_Var_ALL_END = _RamPcpsram_CPU1_Var_END
                0x0000000060100000                _RamPcpsram_CPU1_Var_ALL_LIMIT = _RamPcpsram_CPU1_Var_LIMIT

.RamPcpsram_CPU2_Var memory region -> RamPcpsram_CPU2
                0x0000000050100000        0x0
                0x0000000050100000                _RamPcpsram_CPU2_Var_START = ABSOLUTE (.)
 *(*.RamPcpsramCPU2_Section)
                0x0000000050100000                . = ALIGN (0x4)
                0x00000000500fffff                _RamPcpsram_CPU2_Var_END = ABSOLUTE ((. - 0x1))
                0x0000000050100000                _RamPcpsram_CPU2_Var_LIMIT = ABSOLUTE (.)
                0x0000000050100000                _RamPcpsram_CPU2_Var_ALL_START = _RamPcpsram_CPU2_Var_START
                0x00000000500fffff                _RamPcpsram_CPU2_Var_ALL_END = _RamPcpsram_CPU2_Var_END
                0x0000000050100000                _RamPcpsram_CPU2_Var_ALL_LIMIT = _RamPcpsram_CPU2_Var_LIMIT

.RamPcsram_CPU0_Var memory region -> RamPcsram_CPU0
                0x0000000070110000        0x0
                0x0000000070110000                _RamPcsram_CPU0_Var_START = ABSOLUTE (.)
 *(*.RamPcsramCPU0_Section)
                0x0000000070110000                . = ALIGN (0x4)
                0x000000007010ffff                _RamPcsram_CPU0_Var_END = ABSOLUTE ((. - 0x1))
                0x0000000070110000                _RamPcsram_CPU0_Var_LIMIT = ABSOLUTE (.)
                0x0000000070110000                _RamPcsram_CPU0_Var_ALL_START = _RamPcsram_CPU0_Var_START
                0x000000007010ffff                _RamPcsram_CPU0_Var_ALL_END = _RamPcsram_CPU0_Var_END
                0x0000000070110000                _RamPcsram_CPU0_Var_ALL_LIMIT = _RamPcsram_CPU0_Var_LIMIT

.RamPcsram_CPU1_Var memory region -> RamPcsram_CPU1
                0x0000000060110000        0x0
                0x0000000060110000                _RamPcsram_CPU1_Var_START = ABSOLUTE (.)
 *(*.RamPcsramCPU1_Section)
                0x0000000060110000                . = ALIGN (0x4)
                0x000000006010ffff                _RamPcsram_CPU1_Var_END = ABSOLUTE ((. - 0x1))
                0x0000000060110000                _RamPcsram_CPU1_Var_LIMIT = ABSOLUTE (.)
                0x0000000060110000                _RamPcsram_CPU1_Var_ALL_START = _RamPcsram_CPU1_Var_START
                0x000000006010ffff                _RamPcsram_CPU1_Var_ALL_END = _RamPcsram_CPU1_Var_END
                0x0000000060110000                _RamPcsram_CPU1_Var_ALL_LIMIT = _RamPcsram_CPU1_Var_LIMIT

.RamPcsram_CPU2_Var memory region -> RamPcsram_CPU2
                0x0000000050110000        0x0
                0x0000000050110000                _RamPcsram_CPU2_Var_START = ABSOLUTE (.)
 *(*.RamPcsramCPU2_Section)
                0x0000000050110000                . = ALIGN (0x4)
                0x000000005010ffff                _RamPcsram_CPU2_Var_END = ABSOLUTE ((. - 0x1))
                0x0000000050110000                _RamPcsram_CPU2_Var_LIMIT = ABSOLUTE (.)
                0x0000000050110000                _RamPcsram_CPU2_Var_ALL_START = _RamPcsram_CPU2_Var_START
                0x000000005010ffff                _RamPcsram_CPU2_Var_ALL_END = _RamPcsram_CPU2_Var_END
                0x0000000050110000                _RamPcsram_CPU2_Var_ALL_LIMIT = _RamPcsram_CPU2_Var_LIMIT

.RamPctagsram_CPU0_Var memory region -> RamPctagsram_CPU0
                0x00000000701c0000        0x0
                0x00000000701c0000                _RamPctagsram_CPU0_Var_START = ABSOLUTE (.)
 *(*.RamPctagsramCPU0_Section)
                0x00000000701c0000                . = ALIGN (0x4)
                0x00000000701bffff                _RamPctagsram_CPU0_Var_END = ABSOLUTE ((. - 0x1))
                0x00000000701c0000                _RamPctagsram_CPU0_Var_LIMIT = ABSOLUTE (.)
                0x00000000701c0000                _RamPctagsram_CPU0_Var_ALL_START = _RamPctagsram_CPU0_Var_START
                0x00000000701bffff                _RamPctagsram_CPU0_Var_ALL_END = _RamPctagsram_CPU0_Var_END
                0x00000000701c0000                _RamPctagsram_CPU0_Var_ALL_LIMIT = _RamPctagsram_CPU0_Var_LIMIT

.RamPctagsram_CPU1_Var memory region -> RamPctagsram_CPU1
                0x00000000601c0000        0x0
                0x00000000601c0000                _RamPctagsram_CPU1_Var_START = ABSOLUTE (.)
 *(*.RamPctagsramCPU1_Section)
                0x00000000601c0000                . = ALIGN (0x4)
                0x00000000601bffff                _RamPctagsram_CPU1_Var_END = ABSOLUTE ((. - 0x1))
                0x00000000601c0000                _RamPctagsram_CPU1_Var_LIMIT = ABSOLUTE (.)
                0x00000000601c0000                _RamPctagsram_CPU1_Var_ALL_START = _RamPctagsram_CPU1_Var_START
                0x00000000601bffff                _RamPctagsram_CPU1_Var_ALL_END = _RamPctagsram_CPU1_Var_END
                0x00000000601c0000                _RamPctagsram_CPU1_Var_ALL_LIMIT = _RamPctagsram_CPU1_Var_LIMIT

.RamPctagsram_CPU2_Var memory region -> RamPctagsram_CPU2
                0x00000000501c0000        0x0
                0x00000000501c0000                _RamPctagsram_CPU2_Var_START = ABSOLUTE (.)
 *(*.RamPctagsramCPU2_Section)
                0x00000000501c0000                . = ALIGN (0x4)
                0x00000000501bffff                _RamPctagsram_CPU2_Var_END = ABSOLUTE ((. - 0x1))
                0x00000000501c0000                _RamPctagsram_CPU2_Var_LIMIT = ABSOLUTE (.)
                0x00000000501c0000                _RamPctagsram_CPU2_Var_ALL_START = _RamPctagsram_CPU2_Var_START
                0x00000000501bffff                _RamPctagsram_CPU2_Var_ALL_END = _RamPctagsram_CPU2_Var_END
                0x00000000501c0000                _RamPctagsram_CPU2_Var_ALL_LIMIT = _RamPctagsram_CPU2_Var_LIMIT

.RamDlmu_CPU0_Var memory region -> RamDlmu_CPU0
                0x00000000b0010000        0x0
                0x00000000b0010000                _RamDlmu_CPU0_Var_START = ABSOLUTE (.)
 *(*.RamDlmuCPU0_Section)
                0x00000000b0010000                . = ALIGN (0x4)
                0x00000000b000ffff                _RamDlmu_CPU0_Var_END = ABSOLUTE ((. - 0x1))
                0x00000000b0010000                _RamDlmu_CPU0_Var_LIMIT = ABSOLUTE (.)
                0x00000000b0010000                _RamDlmu_CPU0_Var_ALL_START = _RamDlmu_CPU0_Var_START
                0x00000000b000ffff                _RamDlmu_CPU0_Var_ALL_END = _RamDlmu_CPU0_Var_END
                0x00000000b0010000                _RamDlmu_CPU0_Var_ALL_LIMIT = _RamDlmu_CPU0_Var_LIMIT

.RamDlmu_CPU1_Var memory region -> RamDlmu_CPU1
                0x00000000b0000000        0x0
                0x00000000b0000000                _RamDlmu_CPU1_Var_START = ABSOLUTE (.)
 *(*.RamDlmuCPU1_Section)
                0x00000000b0000000                . = ALIGN (0x4)
                0x00000000afffffff                _RamDlmu_CPU1_Var_END = ABSOLUTE ((. - 0x1))
                0x00000000b0000000                _RamDlmu_CPU1_Var_LIMIT = ABSOLUTE (.)
                0x00000000b0000000                _RamDlmu_CPU1_Var_ALL_START = _RamDlmu_CPU1_Var_START
                0x00000000afffffff                _RamDlmu_CPU1_Var_ALL_END = _RamDlmu_CPU1_Var_END
                0x00000000b0000000                _RamDlmu_CPU1_Var_ALL_LIMIT = _RamDlmu_CPU1_Var_LIMIT

.RamDlmu_CPU2_Var memory region -> RamDlmu_CPU2
                0x00000000b0020000        0x0
                0x00000000b0020000                _RamDlmu_CPU2_Var_START = ABSOLUTE (.)
 *(*.RamDlmuCPU2_Section)
                0x00000000b0020000                . = ALIGN (0x4)
                0x00000000b001ffff                _RamDlmu_CPU2_Var_END = ABSOLUTE ((. - 0x1))
                0x00000000b0020000                _RamDlmu_CPU2_Var_LIMIT = ABSOLUTE (.)
                0x00000000b0020000                _RamDlmu_CPU2_Var_ALL_START = _RamDlmu_CPU2_Var_START
                0x00000000b001ffff                _RamDlmu_CPU2_Var_ALL_END = _RamDlmu_CPU2_Var_END
                0x00000000b0020000                _RamDlmu_CPU2_Var_ALL_LIMIT = _RamDlmu_CPU2_Var_LIMIT

.RamDsprCpu0CalibShadowTbl_Var memory region -> RamDsprCpu0_CalibShadow_Tbl
                0x0000000070002780        0x0
                0x0000000070002780                _RamDsprCpu0CalibShadowTbl_Var_START = ABSOLUTE (.)
 *(*.RamDsprCpu0CalibShadowTbl_Section)
                0x0000000070002780                . = ALIGN (0x4)
                0x000000007000277f                _RamDsprCpu0CalibShadowTbl_Var_END = ABSOLUTE ((. - 0x1))
                0x0000000070002780                _RamDsprCpu0CalibShadowTbl_Var_LIMIT = ABSOLUTE (.)
                0x0000000070002780                _RamDsprCpu0CalibShadowTbl_Var_ALL_START = _RamDsprCpu0CalibShadowTbl_Var_START
                0x000000007000277f                _RamDsprCpu0CalibShadowTbl_Var_ALL_END = _RamDsprCpu0CalibShadowTbl_Var_END
                0x0000000070002780                _RamDsprCpu0CalibShadowTbl_Var_ALL_LIMIT = _RamDsprCpu0CalibShadowTbl_Var_LIMIT

.RamDsprCpu0FDApplDataShadow_Var memory region -> RamDsprCpu0_FDAppl_DataShadow
                0x0000000070012780        0x0
                0x0000000070012780                _RamDsprCpu0FDApplDataShadow_Var_START = ABSOLUTE (.)
 *(*.RamDsprCpu0FDApppDataShadow_Section)
                0x0000000070012780                . = ALIGN (0x4)
                0x000000007001277f                _RamDsprCpu0FDApplDataShadow_Var_END = ABSOLUTE ((. - 0x1))
                0x0000000070012780                _RamDsprCpu0FDApplDataShadow_Var_LIMIT = ABSOLUTE (.)
                0x0000000070012780                _RamDsprCpu0FDApplDataShadow_Var_ALL_START = _RamDsprCpu0FDApplDataShadow_Var_START
                0x000000007001277f                _RamDsprCpu0FDApplDataShadow_Var_ALL_END = _RamDsprCpu0FDApplDataShadow_Var_END
                0x0000000070012780                _RamDsprCpu0FDApplDataShadow_Var_ALL_LIMIT = _RamDsprCpu0FDApplDataShadow_Var_LIMIT

.RamDsprCpu0IPC_Var memory region -> RamDsprCpu0_IPC
                0x0000000070016780        0x0
                0x0000000070016780                _RamDsprCpu0IPC_Var_START = ABSOLUTE (.)
 *(*.RamDsprCpu0IPC_Section)
                0x0000000070016780                . = ALIGN (0x4)
                0x000000007001677f                _RamDsprCpu0IPC_Var_END = ABSOLUTE ((. - 0x1))
                0x0000000070016780                _RamDsprCpu0IPC_Var_LIMIT = ABSOLUTE (.)
                0x0000000070016780                _RamDsprCpu0IPC_Var_ALL_START = _RamDsprCpu0IPC_Var_START
                0x000000007001677f                _RamDsprCpu0IPC_Var_ALL_END = _RamDsprCpu0IPC_Var_END
                0x0000000070016780                _RamDsprCpu0IPC_Var_ALL_LIMIT = _RamDsprCpu0IPC_Var_LIMIT

.RamDsprCpu0KernelErLogMR_Section_Var memory region -> RamDsprCpu0_KernelErLog_MR
                0x0000000070002040        0x0
                0x0000000070002040                _RamDsprCpu0KernelErLogMR_Section_Var_START = ABSOLUTE (.)
 *(*.RamDsprCpu0KernelErLogMR_Section)
                0x0000000070002040                . = ALIGN (0x4)
                0x000000007000203f                _RamDsprCpu0KernelErLogMR_Section_Var_END = ABSOLUTE ((. - 0x1))
                0x0000000070002040                _RamDsprCpu0KernelErLogMR_Section_Var_LIMIT = ABSOLUTE (.)
                0x0000000070002040                _RamDsprCpu0KernelErLogMR_Section_Var_ALL_START = _RamDsprCpu0KernelErLogMR_Section_Var_START
                0x000000007000203f                _RamDsprCpu0KernelErLogMR_Section_Var_ALL_END = _RamDsprCpu0KernelErLogMR_Section_Var_END
                0x0000000070002040                _RamDsprCpu0KernelErLogMR_Section_Var_ALL_LIMIT = _RamDsprCpu0KernelErLogMR_Section_Var_LIMIT

.RamDsprCpu0NVRamSdataSbss_Var memory region -> RamDsprCpu0_NVRamSdata_Sbss
                0x0000000070014780        0x0
                0x0000000070014780                _RamDsprCpu0NVRamSdataSbss_Var_START = ABSOLUTE (.)
 *(*.RamDsprCpu0NVRamSdataSbss_Section)
                0x0000000070014780                . = ALIGN (0x4)
                0x000000007001477f                _RamDsprCpu0NVRamSdataSbss_Var_END = ABSOLUTE ((. - 0x1))
                0x0000000070014780                _RamDsprCpu0NVRamSdataSbss_Var_LIMIT = ABSOLUTE (.)
                0x0000000070014780                _RamDsprCpu0NVRamSdataSbss_Var_ALL_START = _RamDsprCpu0NVRamSdataSbss_Var_START
                0x000000007001477f                _RamDsprCpu0NVRamSdataSbss_Var_ALL_END = _RamDsprCpu0NVRamSdataSbss_Var_END
                0x0000000070014780                _RamDsprCpu0NVRamSdataSbss_Var_ALL_LIMIT = _RamDsprCpu0NVRamSdataSbss_Var_LIMIT

.RamDsprCpu0SysKAM_Var memory region -> RamDsprCpu0_Sys_KAM
                0x0000000070002000        0x0
                0x0000000070002000                _RamDsprCpu0SysKAM_Var_START = ABSOLUTE (.)
 *(*.RamDsprCpu0SysKAM_Section)
                0x0000000070002000                . = ALIGN (0x4)
                0x0000000070001fff                _RamDsprCpu0SysKAM_Var_END = ABSOLUTE ((. - 0x1))
                0x0000000070002000                _RamDsprCpu0SysKAM_Var_LIMIT = ABSOLUTE (.)
                0x0000000070002000                _RamDsprCpu0SysKAM_Var_ALL_START = _RamDsprCpu0SysKAM_Var_START
                0x0000000070001fff                _RamDsprCpu0SysKAM_Var_ALL_END = _RamDsprCpu0SysKAM_Var_END
                0x0000000070002000                _RamDsprCpu0SysKAM_Var_ALL_LIMIT = _RamDsprCpu0SysKAM_Var_LIMIT

.MSR_CODE       memory region -> ApplRomArea
                0x000000008029183c        0x0
                0x000000008029183c                _MSR_CODE_START = ABSOLUTE (.)
 *(*.MSR_CODE)
                0x000000008029183b                _MSR_CODE_END = ABSOLUTE ((. - 0x1))
                0x000000008029183c                _MSR_CODE_LIMIT = ABSOLUTE (.)
                0x000000008029183c                _MSR_CODE_ALL_START = _MSR_CODE_START
                0x000000008029183b                _MSR_CODE_ALL_END = _MSR_CODE_END
                0x000000008029183c                _MSR_CODE_ALL_LIMIT = _MSR_CODE_LIMIT

.MSR_CONST      memory region -> ApplRomArea
                0x000000008029183c        0x0
                0x000000008029183c                _MSR_CONST_START = ABSOLUTE (.)
 *(*.MSR_CONST)
 *(*.MSR_CONST_FAST)
                0x000000008029183b                _MSR_CONST_END = ABSOLUTE ((. - 0x1))
                0x000000008029183c                _MSR_CONST_LIMIT = ABSOLUTE (.)
                0x000000008029183c                _MSR_CONST_ALL_START = _MSR_CONST_START
                0x000000008029183b                _MSR_CONST_ALL_END = _MSR_CONST_END
                0x000000008029183c                _MSR_CONST_ALL_LIMIT = _MSR_CONST_LIMIT

.MSR_PBCFG_CONST memory region -> ApplRomArea
                0x000000008029183c        0x0
                0x000000008029183c                _MSR_PBCFG_CONST_START = ABSOLUTE (.)
 *(*.MSR_PBCFG_CONST)
 *(*.MSR_PBCFG_CONST_FAST)
                0x000000008029183b                _MSR_PBCFG_CONST_END = ABSOLUTE ((. - 0x1))
                0x000000008029183c                _MSR_PBCFG_CONST_LIMIT = ABSOLUTE (.)
                0x000000008029183c                _MSR_PBCFG_CONST_ALL_START = _MSR_PBCFG_CONST_START
                0x000000008029183b                _MSR_PBCFG_CONST_ALL_END = _MSR_PBCFG_CONST_END
                0x000000008029183c                _MSR_PBCFG_CONST_ALL_LIMIT = _MSR_PBCFG_CONST_LIMIT

.rodata         memory region -> ApplRomArea
                0x000000008029183c    0x5126c
                0x000000008029183c                _rodata_START = ABSOLUTE (.)
 *(*.rodata)
 .rodata        0x000000008029183c       0x48 outputs/Output/sblappl.a(BrsHw.o)
                0x000000008029183c                kBrsWdtCon0Addresses_ROM
                0x000000008029187c                kBrsHwBugfixVersion
                0x000000008029187d                kBrsHwSubVersion
                0x000000008029187e                kBrsHwMainVersion
                0x000000008029187f                BRSHW_PORT_CONF_SHARPEDGE
                0x0000000080291880                BRSHW_PORT_CONF_ETHERNET
                0x0000000080291881                BRSHW_PORT_CONF_CAN
 .rodata        0x0000000080291884       0x34 outputs/Output/sip.a(upd_main.o)
 .rodata        0x00000000802918b8      0x800 outputs/Output/sip.a(FlashRom.o)
                0x00000000802918b8                flashDrvBlk0
 .rodata        0x00000000802920b8      0x630 outputs/Output/sip.a(fbl_flio.o)
 .rodata        0x00000000802926e8       0x38 outputs/Output/sip.a(fbl_hw.o)
 .rodata        0x0000000080292720    0x4ff9c outputs/Output/FblC_Array.a(fss_pbl.o)
                0x0000000080292720                FblUpdateBlk0
                0x00000000802e26b0                FblUpdateBlkInfo
 .rodata        0x00000000802e26bc       0x20 outputs/Output/gendata.a(vBrs_Lcfg.o)
                0x00000000802e26bc                BrsMain_CoreConfig
                0x00000000802e26d8                BrsMain_CoreConfig_Size
 .rodata        0x00000000802e26dc       0xf4 outputs/Output/gendata.a(Fbl_Fbt.o)
                0x00000000802e26dc                kNrOfMemDrv
                0x00000000802e26e0                memDrvLst
                0x00000000802e2718                kNrOfFlashBlock
                0x00000000802e271c                FlashBlock
 .rodata        0x00000000802e27d0       0x68 outputs/Output/gendata.a(Fbl_Lbt.o)
                0x00000000802e27d0                FblLogicalBlockTable
 .rodata        0x00000000802e2838      0x268 outputs/Output/gendata.a(vLinkGen_Lcfg.o)
                0x00000000802e2838                vLinkGen_Init_HardReset_GroupsSet
                0x00000000802e2840                vLinkGen_Init_Three_GroupsSet
                0x00000000802e2848                vLinkGen_Init_Two_GroupsSet
                0x00000000802e2850                vLinkGen_Init_One_GroupsSet
                0x00000000802e2858                vLinkGen_Init_Zero_GroupsSet
                0x00000000802e2860                vLinkGen_ZeroInit_HardReset_GroupsSet
                0x00000000802e2868                vLinkGen_ZeroInit_Three_GroupsSet
                0x00000000802e2870                vLinkGen_ZeroInit_Two_GroupsSet
                0x00000000802e2878                vLinkGen_ZeroInit_One_GroupsSet
                0x00000000802e2880                vLinkGen_ZeroInit_Zero_GroupsSet
                0x00000000802e2888                vLinkGen_ZeroInit_Early_GroupsSet
                0x00000000802e2890                vLinkGen_ZeroInit_HardReset_BlocksSet
                0x00000000802e2898                vLinkGen_ZeroInit_One_BlocksSet
                0x00000000802e28a0                vLinkGen_ZeroInit_Early_BlocksSet
                0x00000000802e28a8                vLinkGen_Init_HardReset_Groups
                0x00000000802e28c0                vLinkGen_Init_Three_Groups
                0x00000000802e28d8                vLinkGen_Init_Two_Groups
                0x00000000802e28f0                vLinkGen_Init_One_Groups
                0x00000000802e2998                vLinkGen_Init_Zero_Groups
                0x00000000802e29b0                vLinkGen_ZeroInit_HardReset_Groups
                0x00000000802e29e0                vLinkGen_ZeroInit_Three_Groups
                0x00000000802e29f0                vLinkGen_ZeroInit_Two_Groups
                0x00000000802e2a00                vLinkGen_ZeroInit_One_Groups
                0x00000000802e2a40                vLinkGen_ZeroInit_Zero_Groups
                0x00000000802e2a50                vLinkGen_ZeroInit_Early_Groups
                0x00000000802e2a60                vLinkGen_ZeroInit_HardReset_Blocks
                0x00000000802e2a70                vLinkGen_ZeroInit_One_Blocks
                0x00000000802e2a90                vLinkGen_ZeroInit_Early_Blocks
 .rodata        0x00000000802e2aa0        0x8 outputs/Output/sip.a(fbl_nvpattern.o)
 *(.rodata.*)
                0x00000000802e2aa7                _rodata_END = ABSOLUTE ((. - 0x1))
                0x00000000802e2aa8                _rodata_LIMIT = ABSOLUTE (.)

.sdata2         memory region -> ApplRomArea
                0x00000000802e2aa8        0x0
                0x00000000802e2aa8                _sdata2_START = ABSOLUTE (.)
 *(*.sdata2)
 *(.sdata2.*)
                0x00000000802e2aa7                _sdata2_END = ABSOLUTE ((. - 0x1))
                0x00000000802e2aa8                _sdata2_LIMIT = ABSOLUTE (.)

.srodata        memory region -> ApplRomArea
                0x00000000802e2aa8        0x0
                0x00000000802e2aa8                _srodata_START = ABSOLUTE (.)
 *(*.srodata)
 *(.srodata.*)
                0x00000000802e2aa7                _srodata_END = ABSOLUTE ((. - 0x1))
                0x00000000802e2aa8                _srodata_LIMIT = ABSOLUTE (.)

.text           memory region -> ApplRomArea
                0x00000000802e2aa8     0x1a08
                0x00000000802e2aa8                _text_START = ABSOLUTE (.)
 *(*.text)
 *(.text.*)
 .text.Brs_MemoryZeroInit
                0x00000000802e2aa8       0x44 outputs/Output/sblappl.a(BrsMainStartup.o)
                0x00000000802e2aa8                Brs_MemoryZeroInit
 .text.Brs_MemoryInit
                0x00000000802e2aec       0x7e outputs/Output/sblappl.a(BrsMainStartup.o)
                0x00000000802e2aec                Brs_MemoryInit
 .text.brsApplicationEntry
                0x00000000802e2b6a       0x86 outputs/Output/sblappl.a(BrsMainStartup.o)
                0x00000000802e2b6a                Brs_ApplicationEntry
 .text.BrsMain_MemoryInit_StageZero_Hook
                0x00000000802e2bf0        0x2 outputs/Output/sblappl.a(BrsMain_Callout_Stubs.o)
                0x00000000802e2bf0                BrsMain_MemoryInit_StageZero_Hook
 .text.BrsMain_MemoryInit_StageHardReset_Hook
                0x00000000802e2bf2        0xc outputs/Output/sblappl.a(BrsMain_Callout_Stubs.o)
                0x00000000802e2bf2                BrsMain_MemoryInit_StageHardReset_Hook
 .text.BrsMain_MemoryInit_StageOne_Hook
                0x00000000802e2bfe        0x2 outputs/Output/sblappl.a(BrsMain_Callout_Stubs.o)
                0x00000000802e2bfe                BrsMain_MemoryInit_StageOne_Hook
 .text.BrsMain_MemoryInit_StageTwo_Hook
                0x00000000802e2c00        0x2 outputs/Output/sblappl.a(BrsMain_Callout_Stubs.o)
                0x00000000802e2c00                BrsMain_MemoryInit_StageTwo_Hook
 .text.BrsMain_MemoryInit_StageThree_Hook
                0x00000000802e2c02        0x2 outputs/Output/sblappl.a(BrsMain_Callout_Stubs.o)
                0x00000000802e2c02                BrsMain_MemoryInit_StageThree_Hook
 .text.BrsMain_PreMainHook
                0x00000000802e2c04        0x2 outputs/Output/sblappl.a(BrsMain_Callout_Stubs.o)
                0x00000000802e2c04                BrsMain_PreMainHook
 .text.BrsMain_SoftwareResetECU_Hook
                0x00000000802e2c06        0x2 outputs/Output/sblappl.a(BrsMain_Callout_Stubs.o)
                0x00000000802e2c06                BrsMain_SoftwareResetECU_Hook
 .text.BrsHwWatchdogInitPowerOn
                0x00000000802e2c08      0x15e outputs/Output/sblappl.a(BrsHw.o)
                0x00000000802e2c08                BrsHwWatchdogInitPowerOn
 .text.BrsHwPllInitPowerOn
                0x00000000802e2d66      0x8e8 outputs/Output/sblappl.a(BrsHw.o)
                0x00000000802e2d66                BrsHwPllInitPowerOn
 .text.BrsHwPortInitPowerOn
                0x00000000802e364e        0x2 outputs/Output/sblappl.a(BrsHw.o)
                0x00000000802e364e                BrsHwPortInitPowerOn
 .text.BrsHwDisableInterruptAtPowerOn
                0x00000000802e3650        0x2 outputs/Output/sblappl.a(BrsHw.o)
                0x00000000802e3650                BrsHwDisableInterruptAtPowerOn
 .text.BrsHw_ExceptionTable_Init
                0x00000000802e3652      0x106 outputs/Output/sblappl.a(BrsHw.o)
                0x00000000802e3652                BrsHw_ExceptionTable_Init
 .text.BrsHwSoftwareResetECU
                0x00000000802e3758      0x14e outputs/Output/sblappl.a(BrsHw.o)
                0x00000000802e3758                BrsHwSoftwareResetECU
 .text.BrsHw_GetCore
                0x00000000802e38a6        0x6 outputs/Output/sblappl.a(BrsHw.o)
                0x00000000802e38a6                BrsHw_GetCore
 .text.BrsHwDisableEccErrorReporting
                0x00000000802e38ac       0xe0 outputs/Output/sblappl.a(BrsHw.o)
                0x00000000802e38ac                BrsHwDisableEccErrorReporting
 .text.BrsMainInit
                0x00000000802e398c        0xe outputs/Output/sblappl.a(BrsMain.o)
                0x00000000802e398c                BrsMainInit
 .text.RamCodeSection
                0x00000000802e399a        0xc outputs/Output/sblappl.a(BrsMain.o)
                0x00000000802e399a                BrsMainExceptionHandler
 .text.main     0x00000000802e39a6       0x66 outputs/Output/sblappl.a(BrsMain.o)
                0x00000000802e39a6                main
 .text.BrsMain_Appl_Init
                0x00000000802e3a0c        0x2 outputs/Output/sblappl.a(BrsMain_Appl.o)
                0x00000000802e3a0c                BrsMain_Appl_Init
 .text.EcuM_Init
                0x00000000802e3a0e        0x6 outputs/Output/sblappl.a(EcuM.o)
                0x00000000802e3a0e                EcuM_Init
 .text.EcuM_StartupTwo
                0x00000000802e3a14        0x2 outputs/Output/sblappl.a(EcuM.o)
                0x00000000802e3a14                EcuM_StartupTwo
 .text.FblUpdPadLength
                0x00000000802e3a16       0x78 outputs/Output/sip.a(upd_main.o)
 .text.FblUpdAdjustSegmentDummy
                0x00000000802e3a8e        0x8 outputs/Output/sip.a(upd_main.o)
 .text.FblUpdReset
                0x00000000802e3a96        0xc outputs/Output/sip.a(upd_main.o)
 .text.FblUpdSegmentOpCompare
                0x00000000802e3aa2       0x50 outputs/Output/sip.a(upd_main.o)
 .text.FblUpdIterateSegments
                0x00000000802e3af2      0x11e outputs/Output/sip.a(upd_main.o)
 .text.FblUpdVerify
                0x00000000802e3c10       0x1a outputs/Output/sip.a(upd_main.o)
 .text.FblUpdProgram
                0x00000000802e3c2a       0x1a outputs/Output/sip.a(upd_main.o)
 .text.FblUpdSegmentOpProgram
                0x00000000802e3c44       0x4e outputs/Output/sip.a(upd_main.o)
 .text.FblUpdMioInit
                0x00000000802e3c92       0x50 outputs/Output/sip.a(upd_main.o)
 .text.FblUpdErase
                0x00000000802e3ce2       0xa2 outputs/Output/sip.a(upd_main.o)
 .text.FblMain  0x00000000802e3d84       0x6e outputs/Output/sip.a(upd_main.o)
                0x00000000802e3d84                FblMain
 .text.FblInitWatchdog
                0x00000000802e3df2       0x1a outputs/Output/sip.a(fbl_wd.o)
                0x00000000802e3df2                FblInitWatchdog
 .text.FblLbtInitPowerOn
                0x00000000802e3e0c       0x12 outputs/Output/sip.a(fbl_lbt_access.o)
                0x00000000802e3e0c                FblLbtInitPowerOn
 .text.FblLbtGetBlockDescriptorByNr
                0x00000000802e3e1e       0x2c outputs/Output/sip.a(fbl_lbt_access.o)
                0x00000000802e3e1e                FblLbtGetBlockDescriptorByNr
 .text.ApplFblUpdPrepareErase
                0x00000000802e3e4a       0x50 outputs/Output/sblappl.a(upd_ap.o)
                0x00000000802e3e4a                ApplFblUpdPrepareErase
 .text.ApplFblUpdFinalizeVerify
                0x00000000802e3e9a       0x42 outputs/Output/sblappl.a(upd_ap.o)
                0x00000000802e3e9a                ApplFblUpdFinalizeVerify
 .text.ApplFblUpdInitPowerOn
                0x00000000802e3edc        0x2 outputs/Output/sblappl.a(upd_ap.o)
                0x00000000802e3edc                ApplFblUpdInitPowerOn
 .text.ApplFblUpdSetVfp
                0x00000000802e3ede        0x2 outputs/Output/sblappl.a(upd_ap.o)
                0x00000000802e3ede                ApplFblUpdSetVfp
 .text.ApplFblUpdResetVfp
                0x00000000802e3ee0        0x2 outputs/Output/sblappl.a(upd_ap.o)
                0x00000000802e3ee0                ApplFblUpdResetVfp
 .text.ApplFblUpdReset
                0x00000000802e3ee2        0x6 outputs/Output/sblappl.a(upd_ap.o)
                0x00000000802e3ee2                ApplFblUpdReset
 .text.ApplFblFatalError
                0x00000000802e3ee8       0x14 outputs/Output/sblappl.a(upd_ap.o)
                0x00000000802e3ee8                ApplFblFatalError
 .text.ApplFblUpdOemInvalidateUpdater
                0x00000000802e3efc       0x16 outputs/Output/sblappl.a(upd_oem_ap.o)
                0x00000000802e3efc                ApplFblUpdOemInvalidateUpdater
 .text.ApplFblWDInit
                0x00000000802e3f12        0xc outputs/Output/sblappl.a(fbl_apwd.o)
                0x00000000802e3f12                ApplFblWDInit
 .text.RamDriver_InitSync
                0x00000000802e3f1e        0x4 outputs/Output/sip.a(fbl_ramio.o)
                0x00000000802e3f1e                RamDriver_InitSync
 .text.RamDriver_DeinitSync
                0x00000000802e3f22        0x4 outputs/Output/sip.a(fbl_ramio.o)
                0x00000000802e3f22                RamDriver_DeinitSync
 .text.RamDriver_RWriteSync
                0x00000000802e3f26       0x5e outputs/Output/sip.a(fbl_ramio.o)
                0x00000000802e3f26                RamDriver_RWriteSync
 .text.RamDriver_REraseSync
                0x00000000802e3f84       0x58 outputs/Output/sip.a(fbl_ramio.o)
                0x00000000802e3f84                RamDriver_REraseSync
 .text.RamDriver_RReadSync
                0x00000000802e3fdc       0x5e outputs/Output/sip.a(fbl_ramio.o)
                0x00000000802e3fdc                RamDriver_RReadSync
 .text.FblNvPatternGetPatternItemState
                0x00000000802e403a       0xf8 outputs/Output/sip.a(fbl_nvpattern.o)
 .text.FblNvPatternWritePageAligned
                0x00000000802e4132       0xcc outputs/Output/sip.a(fbl_nvpattern.o)
 .text.FblNvPatternGetBaseAddrByBlockDescriptor
                0x00000000802e41fe       0xf6 outputs/Output/sip.a(fbl_nvpattern.o)
                0x00000000802e41fe                FblNvPatternGetBaseAddrByBlockDescriptor
 .text.FblNvPatternGetPatternState
                0x00000000802e42f4       0xc2 outputs/Output/sip.a(fbl_nvpattern.o)
                0x00000000802e42f4                FblNvPatternGetPatternState
 .text.FblNvPatternGetBaseAddr
                0x00000000802e43b6       0x3a outputs/Output/sip.a(fbl_nvpattern.o)
                0x00000000802e43b6                FblNvPatternGetBaseAddr
 .text.FblNvPatternSetByBlockDescriptor
                0x00000000802e43f0       0x66 outputs/Output/sip.a(fbl_nvpattern.o)
                0x00000000802e43f0                FblNvPatternSetByBlockDescriptor
 .text.FblNvPatternClrByBlockDescriptor
                0x00000000802e4456       0x42 outputs/Output/sip.a(fbl_nvpattern.o)
                0x00000000802e4456                FblNvPatternClrByBlockDescriptor
 .text.FblNvPatternClr
                0x00000000802e4498       0x18 outputs/Output/sip.a(fbl_nvpattern.o)
                0x00000000802e4498                FblNvPatternClr
                0x00000000802e44af                _text_END = ABSOLUTE ((. - 0x1))
                0x00000000802e44b0                _text_LIMIT = ABSOLUTE (.)

.text_vle       memory region -> ApplRomArea
                0x00000000802e44b0        0x0
                0x00000000802e44b0                _text_vle_START = ABSOLUTE (.)
 *(*.text_vle)
 *(.text_vle.*)
                0x00000000802e44af                _text_vle_END = ABSOLUTE ((. - 0x1))
                0x00000000802e44b0                _text_vle_LIMIT = ABSOLUTE (.)

.zrodata        memory region -> ApplRomArea
                0x00000000802e44b0        0x0
                0x00000000802e44b0                _zrodata_START = ABSOLUTE (.)
 *(*.zrodata)
 *(.zrodata.*)
                0x00000000802e44af                _zrodata_END = ABSOLUTE ((. - 0x1))
                0x00000000802e44b0                _zrodata_LIMIT = ABSOLUTE (.)
                0x000000008029183c                _Const_Default_ALL_START = _rodata_START
                0x00000000802e44af                _Const_Default_ALL_END = _zrodata_END
                0x00000000802e44b0                _Const_Default_ALL_LIMIT = _zrodata_LIMIT

.bss            memory region -> RamDsprCpu0_LLDAppl_Data_Bss
                0x000000007001f820     0x10d0
                0x000000007001f820                _bss_START = ABSOLUTE (.)
 *(*.bss)
 .bss           0x000000007001f820     0x1020 outputs/Output/sip.a(upd_main.o)
 .bss           0x0000000070020840        0x8 outputs/Output/sip.a(fbl_wd.o)
                0x0000000070020840                WDTimer
                0x0000000070020841                WDInitFlag
                0x0000000070020842                P2Timer
 .bss           0x0000000070020848       0x48 outputs/Output/sip.a(fbl_flio.o)
 .bss           0x0000000070020890       0x18 outputs/Output/sip.a(fbl_mio.o)
                0x00000000700208a2                memSegment
                0x00000000700208a4                memDrvFunctionActive
                0x00000000700208a5                memDrvDeviceActive
 .bss           0x00000000700208a8        0x8 outputs/Output/sip.a(fbl_hw.o)
                0x00000000700208a8                fblCurrentCmpValue
                0x00000000700208ac                fblCurrentTimer
 .bss           0x00000000700208b0       0x18 outputs/Output/sip.a(fbl_lbt_access.o)
 .bss           0x00000000700208c8       0x28 outputs/Output/sip.a(fbl_nvpattern.o)
 *(.bss.*)
 *(COMMON)
                0x00000000700208f0                . = ALIGN (0x4)
                0x00000000700208ef                _bss_END = ABSOLUTE ((. - 0x1))
                0x00000000700208f0                _bss_LIMIT = ABSOLUTE (.)

.data           memory region -> RamDsprCpu0_LLDAppl_Data_Bss
                0x00000000700208f0        0x0 load address 0x00000000802e44b0
                0x00000000700208f0                _data_START = ABSOLUTE (.)
 *(*.data)
 *(.data.*)
                0x00000000700208f0                . = ALIGN (0x4)
                0x00000000700208ef                _data_END = ABSOLUTE ((. - 0x1))
                0x00000000700208f0                _data_LIMIT = ABSOLUTE (.)
                0x00000000802e44b0                _data_ROM_START = LOADADDR (.data)
                0x00000000802e44b0                _data_ROM_LIMIT = (LOADADDR (.data) + SIZEOF (.data))

.sbss           memory region -> RamDsprCpu0_LLDAppl_Data_Bss
                0x00000000700208f0        0x0 load address 0x00000000802e44b0
                0x00000000700208f0                _sbss_START = ABSOLUTE (.)
 *(*.sbss)
 *(.sbss.*)
                0x00000000700208f0                . = ALIGN (0x4)
                0x00000000700208ef                _sbss_END = ABSOLUTE ((. - 0x1))
                0x00000000700208f0                _sbss_LIMIT = ABSOLUTE (.)

.sdata          memory region -> RamDsprCpu0_LLDAppl_Data_Bss
                0x00000000700208f0        0x0 load address 0x00000000802e44b0
                0x00000000700208f0                _sdata_START = ABSOLUTE (.)
 *(*.sdata)
 *(.sdata.*)
                0x00000000700208f0                . = ALIGN (0x4)
                0x00000000700208ef                _sdata_END = ABSOLUTE ((. - 0x1))
                0x00000000700208f0                _sdata_LIMIT = ABSOLUTE (.)
                0x00000000802e44b0                _sdata_ROM_START = LOADADDR (.sdata)
                0x00000000802e44b0                _sdata_ROM_LIMIT = (LOADADDR (.sdata) + SIZEOF (.sdata))

.zbss           memory region -> RamDsprCpu0_LLDAppl_Data_Bss
                0x00000000700208f0        0x0 load address 0x00000000802e44b0
                0x00000000700208f0                _zbss_START = ABSOLUTE (.)
 *(*.zbss)
 *(.zbss.*)
                0x00000000700208f0                . = ALIGN (0x4)
                0x00000000700208ef                _zbss_END = ABSOLUTE ((. - 0x1))
                0x00000000700208f0                _zbss_LIMIT = ABSOLUTE (.)

.zdata          memory region -> RamDsprCpu0_LLDAppl_Data_Bss
                0x00000000700208f0        0x0 load address 0x00000000802e44b0
                0x00000000700208f0                _zdata_START = ABSOLUTE (.)
 *(*.zdata)
 *(.zdata.*)
                0x00000000700208f0                . = ALIGN (0x4)
                0x00000000700208ef                _zdata_END = ABSOLUTE ((. - 0x1))
                0x00000000700208f0                _zdata_LIMIT = ABSOLUTE (.)
                0x00000000802e44b0                _zdata_ROM_START = LOADADDR (.zdata)
                0x00000000802e44b0                _zdata_ROM_LIMIT = (LOADADDR (.zdata) + SIZEOF (.zdata))
                0x000000007001f820                _Data_Default_ALL_START = _bss_START
                0x00000000700208ef                _Data_Default_ALL_END = _zdata_END
                0x00000000700208f0                _Data_Default_ALL_LIMIT = _zdata_LIMIT
LOAD outputs/Output/BrsHwStartup.o
LOAD outputs/Output/FblBmHdr_Lcfg.o
LOAD outputs/Output/fbl_applvect.o
START GROUP
LOAD outputs/Output/gendata.a
LOAD outputs/Output/sblappl.a
LOAD outputs/Output/sip.a
LOAD outputs/Output/FblC_Array.a
LOAD /home/user/ToolChain/gnutri_v4.9.4.1-11fcedf-lin64/lib/gcc/tricore/4.9.4/tc162/libgcc.a
END GROUP
OUTPUT(outputs/Output/fss_sbl.elf elf32-tricore)

.debug_info     memory region -> *default*
                0x0000000000000000    0x10110
 .debug_info    0x0000000000000000      0x2dc outputs/Output/BrsHwStartup.o
 .debug_info    0x00000000000002dc      0x3a8 outputs/Output/FblBmHdr_Lcfg.o
 .debug_info    0x0000000000000684      0x256 outputs/Output/fbl_applvect.o
 .debug_info    0x00000000000008da      0x8c2 outputs/Output/sblappl.a(BrsMainStartup.o)
 .debug_info    0x000000000000119c      0x42a outputs/Output/sblappl.a(BrsMain_Callout_Stubs.o)
 .debug_info    0x00000000000015c6     0x29a5 outputs/Output/sblappl.a(BrsHw.o)
 .debug_info    0x0000000000003f6b      0x76b outputs/Output/sblappl.a(BrsMain.o)
 .debug_info    0x00000000000046d6      0x22a outputs/Output/sblappl.a(BrsMain_Appl.o)
 .debug_info    0x0000000000004900      0x3fc outputs/Output/sblappl.a(EcuM.o)
 .debug_info    0x0000000000004cfc     0x154e outputs/Output/sip.a(upd_main.o)
 .debug_info    0x000000000000624a      0x260 outputs/Output/sip.a(FlashRom.o)
 .debug_info    0x00000000000064aa      0x3b9 outputs/Output/sip.a(fbl_wd.o)
 .debug_info    0x0000000000006863     0x168d outputs/Output/sip.a(fbl_flio.o)
 .debug_info    0x0000000000007ef0      0xf45 outputs/Output/sip.a(fbl_mio.o)
 .debug_info    0x0000000000008e35      0x9e5 outputs/Output/sip.a(fbl_hw.o)
 .debug_info    0x000000000000981a     0x1406 outputs/Output/sip.a(fbl_lbt_access.o)
 .debug_info    0x000000000000ac20      0x353 outputs/Output/FblC_Array.a(fss_pbl.o)
 .debug_info    0x000000000000af73      0x3ba outputs/Output/gendata.a(vBrs_Lcfg.o)
 .debug_info    0x000000000000b32d      0x578 outputs/Output/gendata.a(Fbl_Fbt.o)
 .debug_info    0x000000000000b8a5      0x52a outputs/Output/gendata.a(Fbl_Lbt.o)
 .debug_info    0x000000000000bdcf      0xce1 outputs/Output/gendata.a(vLinkGen_Lcfg.o)
 .debug_info    0x000000000000cab0     0x11f4 outputs/Output/sblappl.a(upd_ap.o)
 .debug_info    0x000000000000dca4      0x60e outputs/Output/sblappl.a(upd_oem_ap.o)
 .debug_info    0x000000000000e2b2      0x2dc outputs/Output/sblappl.a(fbl_apwd.o)
 .debug_info    0x000000000000e58e      0x6b9 outputs/Output/sip.a(fbl_ramio.o)
 .debug_info    0x000000000000ec47     0x14c9 outputs/Output/sip.a(fbl_nvpattern.o)

.debug_abbrev   memory region -> *default*
                0x0000000000000000     0x2393
 .debug_abbrev  0x0000000000000000       0x80 outputs/Output/BrsHwStartup.o
 .debug_abbrev  0x0000000000000080       0x87 outputs/Output/FblBmHdr_Lcfg.o
 .debug_abbrev  0x0000000000000107       0x55 outputs/Output/fbl_applvect.o
 .debug_abbrev  0x000000000000015c      0x177 outputs/Output/sblappl.a(BrsMainStartup.o)
 .debug_abbrev  0x00000000000002d3       0x9d outputs/Output/sblappl.a(BrsMain_Callout_Stubs.o)
 .debug_abbrev  0x0000000000000370      0x2cc outputs/Output/sblappl.a(BrsHw.o)
 .debug_abbrev  0x000000000000063c      0x20b outputs/Output/sblappl.a(BrsMain.o)
 .debug_abbrev  0x0000000000000847       0x3c outputs/Output/sblappl.a(BrsMain_Appl.o)
 .debug_abbrev  0x0000000000000883       0x9d outputs/Output/sblappl.a(EcuM.o)
 .debug_abbrev  0x0000000000000920      0x31e outputs/Output/sip.a(upd_main.o)
 .debug_abbrev  0x0000000000000c3e       0x55 outputs/Output/sip.a(FlashRom.o)
 .debug_abbrev  0x0000000000000c93       0xc1 outputs/Output/sip.a(fbl_wd.o)
 .debug_abbrev  0x0000000000000d54      0x33c outputs/Output/sip.a(fbl_flio.o)
 .debug_abbrev  0x0000000000001090      0x279 outputs/Output/sip.a(fbl_mio.o)
 .debug_abbrev  0x0000000000001309      0x2c4 outputs/Output/sip.a(fbl_hw.o)
 .debug_abbrev  0x00000000000015cd      0x2a3 outputs/Output/sip.a(fbl_lbt_access.o)
 .debug_abbrev  0x0000000000001870       0x92 outputs/Output/FblC_Array.a(fss_pbl.o)
 .debug_abbrev  0x0000000000001902       0xa6 outputs/Output/gendata.a(vBrs_Lcfg.o)
 .debug_abbrev  0x00000000000019a8       0xa2 outputs/Output/gendata.a(Fbl_Fbt.o)
 .debug_abbrev  0x0000000000001a4a       0x90 outputs/Output/gendata.a(Fbl_Lbt.o)
 .debug_abbrev  0x0000000000001ada       0xb0 outputs/Output/gendata.a(vLinkGen_Lcfg.o)
 .debug_abbrev  0x0000000000001b8a      0x2cb outputs/Output/sblappl.a(upd_ap.o)
 .debug_abbrev  0x0000000000001e55      0x103 outputs/Output/sblappl.a(upd_oem_ap.o)
 .debug_abbrev  0x0000000000001f58       0x7f outputs/Output/sblappl.a(fbl_apwd.o)
 .debug_abbrev  0x0000000000001fd7      0x1af outputs/Output/sip.a(fbl_ramio.o)
 .debug_abbrev  0x0000000000002186      0x20d outputs/Output/sip.a(fbl_nvpattern.o)

.debug_aranges  memory region -> *default*
                0x0000000000000000      0x770
 .debug_aranges
                0x0000000000000000       0x18 outputs/Output/BrsHwStartup.o
 .debug_aranges
                0x0000000000000018       0x18 outputs/Output/FblBmHdr_Lcfg.o
 .debug_aranges
                0x0000000000000030       0x18 outputs/Output/fbl_applvect.o
 .debug_aranges
                0x0000000000000048       0x30 outputs/Output/sblappl.a(BrsMainStartup.o)
 .debug_aranges
                0x0000000000000078       0x50 outputs/Output/sblappl.a(BrsMain_Callout_Stubs.o)
 .debug_aranges
                0x00000000000000c8       0xa8 outputs/Output/sblappl.a(BrsHw.o)
 .debug_aranges
                0x0000000000000170       0x38 outputs/Output/sblappl.a(BrsMain.o)
 .debug_aranges
                0x00000000000001a8       0x20 outputs/Output/sblappl.a(BrsMain_Appl.o)
 .debug_aranges
                0x00000000000001c8       0x58 outputs/Output/sblappl.a(EcuM.o)
 .debug_aranges
                0x0000000000000220       0x80 outputs/Output/sip.a(upd_main.o)
 .debug_aranges
                0x00000000000002a0       0x18 outputs/Output/sip.a(FlashRom.o)
 .debug_aranges
                0x00000000000002b8       0x30 outputs/Output/sip.a(fbl_wd.o)
 .debug_aranges
                0x00000000000002e8       0x68 outputs/Output/sip.a(fbl_flio.o)
 .debug_aranges
                0x0000000000000350       0x80 outputs/Output/sip.a(fbl_mio.o)
 .debug_aranges
                0x00000000000003d0       0x70 outputs/Output/sip.a(fbl_hw.o)
 .debug_aranges
                0x0000000000000440       0xf0 outputs/Output/sip.a(fbl_lbt_access.o)
 .debug_aranges
                0x0000000000000530       0x18 outputs/Output/FblC_Array.a(fss_pbl.o)
 .debug_aranges
                0x0000000000000548       0x18 outputs/Output/gendata.a(vBrs_Lcfg.o)
 .debug_aranges
                0x0000000000000560       0x18 outputs/Output/gendata.a(Fbl_Fbt.o)
 .debug_aranges
                0x0000000000000578       0x18 outputs/Output/gendata.a(Fbl_Lbt.o)
 .debug_aranges
                0x0000000000000590       0x18 outputs/Output/gendata.a(vLinkGen_Lcfg.o)
 .debug_aranges
                0x00000000000005a8       0xc0 outputs/Output/sblappl.a(upd_ap.o)
 .debug_aranges
                0x0000000000000668       0x20 outputs/Output/sblappl.a(upd_oem_ap.o)
 .debug_aranges
                0x0000000000000688       0x38 outputs/Output/sblappl.a(fbl_apwd.o)
 .debug_aranges
                0x00000000000006c0       0x40 outputs/Output/sip.a(fbl_ramio.o)
 .debug_aranges
                0x0000000000000700       0x70 outputs/Output/sip.a(fbl_nvpattern.o)

.debug_macro    memory region -> *default*
                0x0000000000000000    0x22aac
 .debug_macro   0x0000000000000000      0x2af outputs/Output/BrsHwStartup.o
 .debug_macro   0x00000000000002af     0x1d1c outputs/Output/BrsHwStartup.o
 .debug_macro   0x0000000000001fcb       0xbe outputs/Output/BrsHwStartup.o
 .debug_macro   0x0000000000002089       0xa3 outputs/Output/BrsHwStartup.o
 .debug_macro   0x000000000000212c      0x2a1 outputs/Output/BrsHwStartup.o
 .debug_macro   0x00000000000023cd     0x1b31 outputs/Output/BrsHwStartup.o
 .debug_macro   0x0000000000003efe      0x4d0 outputs/Output/BrsHwStartup.o
 .debug_macro   0x00000000000043ce      0x4ca outputs/Output/BrsHwStartup.o
 .debug_macro   0x0000000000004898      0x312 outputs/Output/BrsHwStartup.o
 .debug_macro   0x0000000000004baa      0x8bc outputs/Output/BrsHwStartup.o
 .debug_macro   0x0000000000005466      0x2b2 outputs/Output/BrsHwStartup.o
 .debug_macro   0x0000000000005718      0x5ec outputs/Output/BrsHwStartup.o
 .debug_macro   0x0000000000005d04       0xf5 outputs/Output/BrsHwStartup.o
 .debug_macro   0x0000000000005df9      0x2e6 outputs/Output/BrsHwStartup.o
 .debug_macro   0x00000000000060df       0x58 outputs/Output/BrsHwStartup.o
 .debug_macro   0x0000000000006137      0x359 outputs/Output/BrsHwStartup.o
 .debug_macro   0x0000000000006490      0x64d outputs/Output/BrsHwStartup.o
 .debug_macro   0x0000000000006add      0x2db outputs/Output/BrsHwStartup.o
 .debug_macro   0x0000000000006db8       0x48 outputs/Output/BrsHwStartup.o
 .debug_macro   0x0000000000006e00       0x47 outputs/Output/BrsHwStartup.o
 .debug_macro   0x0000000000006e47       0x4d outputs/Output/BrsHwStartup.o
 .debug_macro   0x0000000000006e94       0x4c outputs/Output/BrsHwStartup.o
 .debug_macro   0x0000000000006ee0       0x46 outputs/Output/BrsHwStartup.o
 .debug_macro   0x0000000000006f26       0x45 outputs/Output/BrsHwStartup.o
 .debug_macro   0x0000000000006f6b      0x1bb outputs/Output/BrsHwStartup.o
 .debug_macro   0x0000000000007126      0x3fc outputs/Output/BrsHwStartup.o
 .debug_macro   0x0000000000007522      0x89a outputs/Output/BrsHwStartup.o
 .debug_macro   0x0000000000007dbc      0x457 outputs/Output/FblBmHdr_Lcfg.o
 .debug_macro   0x0000000000008213      0x3c2 outputs/Output/FblBmHdr_Lcfg.o
 .debug_macro   0x00000000000085d5       0x51 outputs/Output/FblBmHdr_Lcfg.o
 .debug_macro   0x0000000000008626       0x50 outputs/Output/FblBmHdr_Lcfg.o
 .debug_macro   0x0000000000008676       0x48 outputs/Output/FblBmHdr_Lcfg.o
 .debug_macro   0x00000000000086be       0x47 outputs/Output/FblBmHdr_Lcfg.o
 .debug_macro   0x0000000000008705       0x47 outputs/Output/FblBmHdr_Lcfg.o
 .debug_macro   0x000000000000874c       0x46 outputs/Output/FblBmHdr_Lcfg.o
 .debug_macro   0x0000000000008792      0x321 outputs/Output/FblBmHdr_Lcfg.o
 .debug_macro   0x0000000000008ab3       0xe7 outputs/Output/fbl_applvect.o
 .debug_macro   0x0000000000008b9a       0x66 outputs/Output/fbl_applvect.o
 .debug_macro   0x0000000000008c00      0x3e1 outputs/Output/fbl_applvect.o
 .debug_macro   0x0000000000008fe1       0xe2 outputs/Output/fbl_applvect.o
 .debug_macro   0x00000000000090c3       0x4c outputs/Output/fbl_applvect.o
 .debug_macro   0x000000000000910f       0x4b outputs/Output/fbl_applvect.o
 .debug_macro   0x000000000000915a      0x375 outputs/Output/sblappl.a(BrsMainStartup.o)
 .debug_macro   0x00000000000094cf      0x2af outputs/Output/sblappl.a(BrsMainStartup.o)
 .debug_macro   0x000000000000977e       0x48 outputs/Output/sblappl.a(BrsMainStartup.o)
 .debug_macro   0x00000000000097c6       0x47 outputs/Output/sblappl.a(BrsMainStartup.o)
 .debug_macro   0x000000000000980d      0x289 outputs/Output/sblappl.a(BrsMain_Callout_Stubs.o)
 .debug_macro   0x0000000000009a96     0x10bf outputs/Output/sblappl.a(BrsHw.o)
 .debug_macro   0x000000000000ab55      0x125 outputs/Output/sblappl.a(BrsHw.o)
 .debug_macro   0x000000000000ac7a       0x47 outputs/Output/sblappl.a(BrsHw.o)
 .debug_macro   0x000000000000acc1       0x46 outputs/Output/sblappl.a(BrsHw.o)
 .debug_macro   0x000000000000ad07      0x32a outputs/Output/sblappl.a(BrsMain.o)
 .debug_macro   0x000000000000b031      0x2b1 outputs/Output/sblappl.a(BrsMain_Appl.o)
 .debug_macro   0x000000000000b2e2       0xd7 outputs/Output/sblappl.a(EcuM.o)
 .debug_macro   0x000000000000b3b9      0x33f outputs/Output/sblappl.a(EcuM.o)
 .debug_macro   0x000000000000b6f8     0x126d outputs/Output/sip.a(upd_main.o)
 .debug_macro   0x000000000000c965       0x49 outputs/Output/sip.a(upd_main.o)
 .debug_macro   0x000000000000c9ae      0x629 outputs/Output/sip.a(upd_main.o)
 .debug_macro   0x000000000000cfd7      0x429 outputs/Output/sip.a(upd_main.o)
 .debug_macro   0x000000000000d400      0x1a4 outputs/Output/sip.a(upd_main.o)
 .debug_macro   0x000000000000d5a4      0x149 outputs/Output/sip.a(upd_main.o)
 .debug_macro   0x000000000000d6ed      0x19b outputs/Output/sip.a(upd_main.o)
 .debug_macro   0x000000000000d888      0xc65 outputs/Output/sip.a(upd_main.o)
 .debug_macro   0x000000000000e4ed      0x51d outputs/Output/sip.a(upd_main.o)
 .debug_macro   0x000000000000ea0a       0x71 outputs/Output/sip.a(upd_main.o)
 .debug_macro   0x000000000000ea7b       0x45 outputs/Output/sip.a(upd_main.o)
 .debug_macro   0x000000000000eac0       0x44 outputs/Output/sip.a(upd_main.o)
 .debug_macro   0x000000000000eb04     0x11c5 outputs/Output/sip.a(upd_main.o)
 .debug_macro   0x000000000000fcc9       0x47 outputs/Output/sip.a(upd_main.o)
 .debug_macro   0x000000000000fd10       0x46 outputs/Output/sip.a(upd_main.o)
 .debug_macro   0x000000000000fd56      0x204 outputs/Output/sip.a(upd_main.o)
 .debug_macro   0x000000000000ff5a      0x18c outputs/Output/sip.a(upd_main.o)
 .debug_macro   0x00000000000100e6       0x43 outputs/Output/sip.a(upd_main.o)
 .debug_macro   0x0000000000010129       0x42 outputs/Output/sip.a(upd_main.o)
 .debug_macro   0x000000000001016b       0x49 outputs/Output/sip.a(upd_main.o)
 .debug_macro   0x00000000000101b4       0x48 outputs/Output/sip.a(upd_main.o)
 .debug_macro   0x00000000000101fc       0x4c outputs/Output/sip.a(upd_main.o)
 .debug_macro   0x0000000000010248       0x4b outputs/Output/sip.a(upd_main.o)
 .debug_macro   0x0000000000010293       0x3c outputs/Output/sip.a(upd_main.o)
 .debug_macro   0x00000000000102cf       0xdd outputs/Output/sip.a(upd_main.o)
 .debug_macro   0x00000000000103ac      0x579 outputs/Output/sip.a(upd_main.o)
 .debug_macro   0x0000000000010925       0x45 outputs/Output/sip.a(upd_main.o)
 .debug_macro   0x000000000001096a       0x44 outputs/Output/sip.a(upd_main.o)
 .debug_macro   0x00000000000109ae       0x44 outputs/Output/sip.a(upd_main.o)
 .debug_macro   0x00000000000109f2       0x43 outputs/Output/sip.a(upd_main.o)
 .debug_macro   0x0000000000010a35       0xae outputs/Output/sip.a(upd_main.o)
 .debug_macro   0x0000000000010ae3       0x46 outputs/Output/sip.a(upd_main.o)
 .debug_macro   0x0000000000010b29       0x45 outputs/Output/sip.a(upd_main.o)
 .debug_macro   0x0000000000010b6e       0x4f outputs/Output/sip.a(upd_main.o)
 .debug_macro   0x0000000000010bbd       0x4e outputs/Output/sip.a(upd_main.o)
 .debug_macro   0x0000000000010c0b     0x10f2 outputs/Output/sip.a(upd_main.o)
 .debug_macro   0x0000000000011cfd      0x704 outputs/Output/sip.a(upd_main.o)
 .debug_macro   0x0000000000012401       0xc6 outputs/Output/sip.a(upd_main.o)
 .debug_macro   0x00000000000124c7      0x52c outputs/Output/sip.a(upd_main.o)
 .debug_macro   0x00000000000129f3       0x59 outputs/Output/sip.a(upd_main.o)
 .debug_macro   0x0000000000012a4c      0xe13 outputs/Output/sip.a(upd_main.o)
 .debug_macro   0x000000000001385f       0x4c outputs/Output/sip.a(upd_main.o)
 .debug_macro   0x00000000000138ab       0x4b outputs/Output/sip.a(upd_main.o)
 .debug_macro   0x00000000000138f6       0x44 outputs/Output/sip.a(upd_main.o)
 .debug_macro   0x000000000001393a       0x43 outputs/Output/sip.a(upd_main.o)
 .debug_macro   0x000000000001397d       0x45 outputs/Output/sip.a(upd_main.o)
 .debug_macro   0x00000000000139c2       0x44 outputs/Output/sip.a(upd_main.o)
 .debug_macro   0x0000000000013a06       0x43 outputs/Output/sip.a(upd_main.o)
 .debug_macro   0x0000000000013a49       0x42 outputs/Output/sip.a(upd_main.o)
 .debug_macro   0x0000000000013a8b       0x66 outputs/Output/sip.a(upd_main.o)
 .debug_macro   0x0000000000013af1      0x12c outputs/Output/sip.a(upd_main.o)
 .debug_macro   0x0000000000013c1d       0x4c outputs/Output/sip.a(upd_main.o)
 .debug_macro   0x0000000000013c69       0x4b outputs/Output/sip.a(upd_main.o)
 .debug_macro   0x0000000000013cb4       0x54 outputs/Output/sip.a(upd_main.o)
 .debug_macro   0x0000000000013d08       0x4b outputs/Output/sip.a(upd_main.o)
 .debug_macro   0x0000000000013d53       0x4a outputs/Output/sip.a(upd_main.o)
 .debug_macro   0x0000000000013d9d       0xfe outputs/Output/sip.a(upd_main.o)
 .debug_macro   0x0000000000013e9b      0x272 outputs/Output/sip.a(upd_main.o)
 .debug_macro   0x000000000001410d       0x47 outputs/Output/sip.a(upd_main.o)
 .debug_macro   0x0000000000014154       0x46 outputs/Output/sip.a(upd_main.o)
 .debug_macro   0x000000000001419a       0x89 outputs/Output/sip.a(upd_main.o)
 .debug_macro   0x0000000000014223       0x6b outputs/Output/sip.a(upd_main.o)
 .debug_macro   0x000000000001428e       0x69 outputs/Output/sip.a(upd_main.o)
 .debug_macro   0x00000000000142f7       0xb3 outputs/Output/sip.a(upd_main.o)
 .debug_macro   0x00000000000143aa      0x3b0 outputs/Output/sip.a(upd_main.o)
 .debug_macro   0x000000000001475a      0xaaf outputs/Output/sip.a(upd_main.o)
 .debug_macro   0x0000000000015209       0x59 outputs/Output/sip.a(upd_main.o)
 .debug_macro   0x0000000000015262       0x58 outputs/Output/sip.a(upd_main.o)
 .debug_macro   0x00000000000152ba      0x1cc outputs/Output/sip.a(upd_main.o)
 .debug_macro   0x0000000000015486       0xa0 outputs/Output/sip.a(upd_main.o)
 .debug_macro   0x0000000000015526       0x69 outputs/Output/sip.a(upd_main.o)
 .debug_macro   0x000000000001558f       0x7f outputs/Output/sip.a(upd_main.o)
 .debug_macro   0x000000000001560e       0x4c outputs/Output/sip.a(upd_main.o)
 .debug_macro   0x000000000001565a       0x4b outputs/Output/sip.a(upd_main.o)
 .debug_macro   0x00000000000156a5       0x44 outputs/Output/sip.a(upd_main.o)
 .debug_macro   0x00000000000156e9       0x43 outputs/Output/sip.a(upd_main.o)
 .debug_macro   0x000000000001572c       0x4d outputs/Output/sip.a(upd_main.o)
 .debug_macro   0x0000000000015779       0x4c outputs/Output/sip.a(upd_main.o)
 .debug_macro   0x00000000000157c5       0x4e outputs/Output/sip.a(upd_main.o)
 .debug_macro   0x0000000000015813       0x4d outputs/Output/sip.a(upd_main.o)
 .debug_macro   0x0000000000015860       0xbf outputs/Output/sip.a(upd_main.o)
 .debug_macro   0x000000000001591f      0x116 outputs/Output/sip.a(upd_main.o)
 .debug_macro   0x0000000000015a35       0xc0 outputs/Output/sip.a(upd_main.o)
 .debug_macro   0x0000000000015af5      0x24d outputs/Output/sip.a(upd_main.o)
 .debug_macro   0x0000000000015d42       0x92 outputs/Output/sip.a(upd_main.o)
 .debug_macro   0x0000000000015dd4       0x6d outputs/Output/sip.a(upd_main.o)
 .debug_macro   0x0000000000015e41       0x93 outputs/Output/sip.a(upd_main.o)
 .debug_macro   0x0000000000015ed4       0x6b outputs/Output/sip.a(upd_main.o)
 .debug_macro   0x0000000000015f3f      0x119 outputs/Output/sip.a(upd_main.o)
 .debug_macro   0x0000000000016058       0xe8 outputs/Output/sip.a(upd_main.o)
 .debug_macro   0x0000000000016140       0xd7 outputs/Output/sip.a(upd_main.o)
 .debug_macro   0x0000000000016217       0xf7 outputs/Output/sip.a(upd_main.o)
 .debug_macro   0x000000000001630e       0x4a outputs/Output/sip.a(upd_main.o)
 .debug_macro   0x0000000000016358       0x49 outputs/Output/sip.a(upd_main.o)
 .debug_macro   0x00000000000163a1       0x55 outputs/Output/sip.a(upd_main.o)
 .debug_macro   0x00000000000163f6       0x51 outputs/Output/sip.a(upd_main.o)
 .debug_macro   0x0000000000016447       0x50 outputs/Output/sip.a(upd_main.o)
 .debug_macro   0x0000000000016497       0xbc outputs/Output/sip.a(upd_main.o)
 .debug_macro   0x0000000000016553      0x166 outputs/Output/sip.a(upd_main.o)
 .debug_macro   0x00000000000166b9       0x4a outputs/Output/sip.a(upd_main.o)
 .debug_macro   0x0000000000016703       0x49 outputs/Output/sip.a(upd_main.o)
 .debug_macro   0x000000000001674c       0x4b outputs/Output/sip.a(upd_main.o)
 .debug_macro   0x0000000000016797       0x4a outputs/Output/sip.a(upd_main.o)
 .debug_macro   0x00000000000167e1       0x4c outputs/Output/sip.a(upd_main.o)
 .debug_macro   0x000000000001682d       0x4b outputs/Output/sip.a(upd_main.o)
 .debug_macro   0x0000000000016878       0x4c outputs/Output/sip.a(upd_main.o)
 .debug_macro   0x00000000000168c4       0x4b outputs/Output/sip.a(upd_main.o)
 .debug_macro   0x000000000001690f      0xb67 outputs/Output/sip.a(FlashRom.o)
 .debug_macro   0x0000000000017476      0xd54 outputs/Output/sip.a(fbl_wd.o)
 .debug_macro   0x00000000000181ca     0x1606 outputs/Output/sip.a(fbl_flio.o)
 .debug_macro   0x00000000000197d0      0xb9c outputs/Output/sip.a(fbl_flio.o)
 .debug_macro   0x000000000001a36c       0x45 outputs/Output/sip.a(fbl_flio.o)
 .debug_macro   0x000000000001a3b1       0x44 outputs/Output/sip.a(fbl_flio.o)
 .debug_macro   0x000000000001a3f5       0x47 outputs/Output/sip.a(fbl_flio.o)
 .debug_macro   0x000000000001a43c       0x46 outputs/Output/sip.a(fbl_flio.o)
 .debug_macro   0x000000000001a482       0x4e outputs/Output/sip.a(fbl_flio.o)
 .debug_macro   0x000000000001a4d0       0x4d outputs/Output/sip.a(fbl_flio.o)
 .debug_macro   0x000000000001a51d      0xc21 outputs/Output/sip.a(fbl_mio.o)
 .debug_macro   0x000000000001b13e      0xd6b outputs/Output/sip.a(fbl_hw.o)
 .debug_macro   0x000000000001bea9       0x45 outputs/Output/sip.a(fbl_hw.o)
 .debug_macro   0x000000000001beee       0x44 outputs/Output/sip.a(fbl_hw.o)
 .debug_macro   0x000000000001bf32      0xc06 outputs/Output/sip.a(fbl_lbt_access.o)
 .debug_macro   0x000000000001cb38       0x44 outputs/Output/sip.a(fbl_lbt_access.o)
 .debug_macro   0x000000000001cb7c       0x43 outputs/Output/sip.a(fbl_lbt_access.o)
 .debug_macro   0x000000000001cbbf      0xbb6 outputs/Output/FblC_Array.a(fss_pbl.o)
 .debug_macro   0x000000000001d775      0x2a1 outputs/Output/gendata.a(vBrs_Lcfg.o)
 .debug_macro   0x000000000001da16      0xb67 outputs/Output/gendata.a(Fbl_Fbt.o)
 .debug_macro   0x000000000001e57d      0xb67 outputs/Output/gendata.a(Fbl_Lbt.o)
 .debug_macro   0x000000000001f0e4       0xae outputs/Output/gendata.a(vLinkGen_Lcfg.o)
 .debug_macro   0x000000000001f192      0xc39 outputs/Output/sblappl.a(upd_ap.o)
 .debug_macro   0x000000000001fdcb      0xbeb outputs/Output/sblappl.a(upd_oem_ap.o)
 .debug_macro   0x00000000000209b6       0xd9 outputs/Output/sblappl.a(upd_oem_ap.o)
 .debug_macro   0x0000000000020a8f      0xc7e outputs/Output/sblappl.a(fbl_apwd.o)
 .debug_macro   0x000000000002170d      0x3fd outputs/Output/sip.a(fbl_ramio.o)
 .debug_macro   0x0000000000021b0a       0xeb outputs/Output/sip.a(fbl_ramio.o)
 .debug_macro   0x0000000000021bf5      0xe24 outputs/Output/sip.a(fbl_nvpattern.o)
 .debug_macro   0x0000000000022a19       0x4a outputs/Output/sip.a(fbl_nvpattern.o)
 .debug_macro   0x0000000000022a63       0x49 outputs/Output/sip.a(fbl_nvpattern.o)

.debug_line     memory region -> *default*
                0x0000000000000000     0x70e0
 .debug_line    0x0000000000000000      0x236 outputs/Output/BrsHwStartup.o
 .debug_line    0x0000000000000236      0x248 outputs/Output/FblBmHdr_Lcfg.o
 .debug_line    0x000000000000047e       0xfe outputs/Output/fbl_applvect.o
 .debug_line    0x000000000000057c      0x2cf outputs/Output/sblappl.a(BrsMainStartup.o)
 .debug_line    0x000000000000084b      0x2b2 outputs/Output/sblappl.a(BrsMain_Callout_Stubs.o)
 .debug_line    0x0000000000000afd      0xab6 outputs/Output/sblappl.a(BrsHw.o)
 .debug_line    0x00000000000015b3      0x2c9 outputs/Output/sblappl.a(BrsMain.o)
 .debug_line    0x000000000000187c      0x258 outputs/Output/sblappl.a(BrsMain_Appl.o)
 .debug_line    0x0000000000001ad4      0x1c0 outputs/Output/sblappl.a(EcuM.o)
 .debug_line    0x0000000000001c94      0x6ee outputs/Output/sip.a(upd_main.o)
 .debug_line    0x0000000000002382      0x494 outputs/Output/sip.a(FlashRom.o)
 .debug_line    0x0000000000002816      0x4f7 outputs/Output/sip.a(fbl_wd.o)
 .debug_line    0x0000000000002d0d      0x730 outputs/Output/sip.a(fbl_flio.o)
 .debug_line    0x000000000000343d      0x637 outputs/Output/sip.a(fbl_mio.o)
 .debug_line    0x0000000000003a74      0x53d outputs/Output/sip.a(fbl_hw.o)
 .debug_line    0x0000000000003fb1      0x767 outputs/Output/sip.a(fbl_lbt_access.o)
 .debug_line    0x0000000000004718      0x493 outputs/Output/FblC_Array.a(fss_pbl.o)
 .debug_line    0x0000000000004bab      0x235 outputs/Output/gendata.a(vBrs_Lcfg.o)
 .debug_line    0x0000000000004de0      0x493 outputs/Output/gendata.a(Fbl_Fbt.o)
 .debug_line    0x0000000000005273      0x493 outputs/Output/gendata.a(Fbl_Lbt.o)
 .debug_line    0x0000000000005706      0x108 outputs/Output/gendata.a(vLinkGen_Lcfg.o)
 .debug_line    0x000000000000580e      0x62f outputs/Output/sblappl.a(upd_ap.o)
 .debug_line    0x0000000000005e3d      0x4b7 outputs/Output/sblappl.a(upd_oem_ap.o)
 .debug_line    0x00000000000062f4      0x4e3 outputs/Output/sblappl.a(fbl_apwd.o)
 .debug_line    0x00000000000067d7      0x298 outputs/Output/sip.a(fbl_ramio.o)
 .debug_line    0x0000000000006a6f      0x671 outputs/Output/sip.a(fbl_nvpattern.o)

.debug_str      memory region -> *default*
                0x0000000000000000      0x375
 .debug_str     0x0000000000000000        0x0 outputs/Output/BrsHwStartup.o
 .debug_str     0x0000000000000000        0x0 outputs/Output/FblBmHdr_Lcfg.o
 .debug_str     0x0000000000000000        0x0 outputs/Output/fbl_applvect.o
 .debug_str     0x0000000000000000        0xa outputs/Output/sblappl.a(BrsMainStartup.o)
 .debug_str     0x000000000000000a        0x7 outputs/Output/sblappl.a(BrsMain_Callout_Stubs.o)
 .debug_str     0x0000000000000011       0x29 outputs/Output/sblappl.a(BrsHw.o)
 .debug_str     0x000000000000003a        0x0 outputs/Output/sblappl.a(BrsMain.o)
 .debug_str     0x000000000000003a        0x0 outputs/Output/sblappl.a(BrsMain_Appl.o)
 .debug_str     0x000000000000003a       0x16 outputs/Output/sblappl.a(EcuM.o)
 .debug_str     0x0000000000000050       0x59 outputs/Output/sip.a(upd_main.o)
 .debug_str     0x00000000000000a9        0x0 outputs/Output/sip.a(FlashRom.o)
 .debug_str     0x00000000000000a9        0x0 outputs/Output/sip.a(fbl_wd.o)
 .debug_str     0x00000000000000a9       0x78 outputs/Output/sip.a(fbl_flio.o)
 .debug_str     0x0000000000000121       0x56 outputs/Output/sip.a(fbl_mio.o)
 .debug_str     0x0000000000000177       0x26 outputs/Output/sip.a(fbl_hw.o)
 .debug_str     0x000000000000019d       0xbc outputs/Output/sip.a(fbl_lbt_access.o)
 .debug_str     0x0000000000000259        0x0 outputs/Output/FblC_Array.a(fss_pbl.o)
 .debug_str     0x0000000000000259        0x0 outputs/Output/gendata.a(vBrs_Lcfg.o)
 .debug_str     0x0000000000000259        0x0 outputs/Output/gendata.a(Fbl_Fbt.o)
 .debug_str     0x0000000000000259        0x0 outputs/Output/gendata.a(Fbl_Lbt.o)
 .debug_str     0x0000000000000259        0xa outputs/Output/gendata.a(vLinkGen_Lcfg.o)
 .debug_str     0x0000000000000263       0x55 outputs/Output/sblappl.a(upd_ap.o)
 .debug_str     0x00000000000002b8        0x0 outputs/Output/sblappl.a(upd_oem_ap.o)
 .debug_str     0x00000000000002b8        0x0 outputs/Output/sblappl.a(fbl_apwd.o)
 .debug_str     0x00000000000002b8       0x16 outputs/Output/sip.a(fbl_ramio.o)
 .debug_str     0x00000000000002ce       0xa7 outputs/Output/sip.a(fbl_nvpattern.o)

.comment        memory region -> *default*
                0x0000000000000000       0x46
 .comment       0x0000000000000000       0x46 outputs/Output/BrsHwStartup.o
                                         0x47 (size before relaxing)
 .comment       0x0000000000000000       0x47 outputs/Output/FblBmHdr_Lcfg.o