Archive member included because of file (symbol)

outputs/Output/btxhappl.a(BrsHw.o)
                              outputs/Output/BrsHwStartup.o (BrsHw_ExceptionTable_Init)
outputs/Output/btxhappl.a(BrsMainStartup.o)
                              outputs/Output/BrsHwStartup.o (BrsMainExceptionStartup)
outputs/Output/btxhappl.a(BrsMain_Callout_Stubs.o)
                              outputs/Output/btxhappl.a(BrsMainStartup.o) (BrsMain_MemoryInit_StageZero_Hook)
outputs/Output/btxhappl.a(BrsMain.o)
                              outputs/Output/btxhappl.a(BrsMainStartup.o) (BrsMainExceptionHandler)
outputs/Output/btxhappl.a(BrsMain_Appl.o)
                              outputs/Output/btxhappl.a(BrsMain.o) (BrsMain_Appl_Init)
outputs/Output/btxhappl.a(EcuM.o)
                              outputs/Output/btxhappl.a(BrsMain.o) (EcuM_Init)
outputs/Output/gendata.a(vBrs_Lcfg.o)
                              outputs/Output/BrsHwStartup.o (BrsMain_CoreConfig)
outputs/Output/gendata.a(vLinkGen_Lcfg.o)
                              outputs/Output/btxhappl.a(BrsMainStartup.o) (vLinkGen_Init_One_GroupsSet)
outputs/Output/sip.a(bm_main.o)
                              outputs/Output/btxhappl.a(EcuM.o) (FblMain)
outputs/Output/sip.a(fbl_fsm.o)
                              outputs/Output/sip.a(bm_main.o) (FblFsmInitPowerOn)
outputs/Output/sip.a(fbl_wd.o)
                              outputs/Output/sip.a(bm_main.o) (FblInitWatchdog)
outputs/Output/sip.a(fbl_mio.o)
                              outputs/Output/sip.a(bm_main.o) (MemDriver_InitPowerOn)
outputs/Output/sip.a(fbl_hw.o)
                              outputs/Output/sip.a(bm_main.o) (FblTimerInit)
outputs/Output/sip.a(fbl_lbt_access.o)
                              outputs/Output/sip.a(bm_main.o) (FblLbtInitPowerOn)
outputs/Output/sip.a(bm_hdr.o)
                              outputs/Output/sip.a(bm_main.o) (FblBmHdrGetBmHeader)
outputs/Output/sip.a(bm_shared.o)
                              outputs/Output/sip.a(bm_main.o) (fblBmMagicFlag)
outputs/Output/btxhappl.a(fbl_apwd.o)
                              outputs/Output/sip.a(fbl_wd.o) (ApplFblWDInit)
outputs/Output/btxhappl.a(bm_ap.o)
                              outputs/Output/sip.a(bm_main.o) (ApplFblBmPowerOnPre)
outputs/Output/gendata.a(Fbl_Fbt.o)
                              outputs/Output/sip.a(fbl_mio.o) (kNrOfMemDrv)
outputs/Output/gendata.a(Fbl_Lbt.o)
                              outputs/Output/sip.a(fbl_lbt_access.o) (FblLogicalBlockTable)
outputs/Output/gendata.a(FblBm_Lcfg.o)
                              outputs/Output/sip.a(bm_main.o) (FblBm_BootTargetList)
outputs/Output/sip.a(fbl_flio.o)
                              outputs/Output/gendata.a(Fbl_Fbt.o) (FlashDriver_InitSync)
outputs/Output/sip.a(fbl_ramio.o)
                              outputs/Output/gendata.a(Fbl_Fbt.o) (RamDriver_InitSync)
outputs/Output/sip.a(fbl_nvpattern.o)
                              outputs/Output/btxhappl.a(bm_ap.o) (FblNvPatternGetByBlockDescriptor)

Discarded input sections

 wm4.0.631b9be3df10b1930a3e41e4026db129
                0x0000000000000000        0x8 outputs/Output/BrsHwStartup.o
 wm4.stdcpredef.h.28.a97e2c55a5d159ef4c22e41180407e32
                0x0000000000000000        0x8 outputs/Output/BrsHwStartup.o
 wm4.BrsHw.h.99.d0bc56251b578ffd5f00806b7b98ea20
                0x0000000000000000        0x8 outputs/Output/BrsHwStartup.o
 wm4.Platform_Types.h.43.98635a151538d8019294aae802bf63e0
                0x0000000000000000        0x8 outputs/Output/BrsHwStartup.o
 wm4.Compiler_Cfg.h.119.e2ee2623686650abd544b5b826fa49be
                0x0000000000000000        0x8 outputs/Output/BrsHwStartup.o
 wm4.Compiler.h.51.209d615a3afcdda69f733e7c44e7e3fa
                0x0000000000000000        0x8 outputs/Output/BrsHwStartup.o
 wm4.Std_Types.h.63.f45ea908c36ec2355154a46789b51615
                0x0000000000000000        0x8 outputs/Output/BrsHwStartup.o
 wm4.vBrsCfg.h.64.ec91b2cbb05119bbdb840a7974350633
                0x0000000000000000        0x8 outputs/Output/BrsHwStartup.o
 wm4.Fbl_Cfg.h.46.61712b7157a03f6ac6d6289212c9947d
                0x0000000000000000        0x8 outputs/Output/BrsHwStartup.o
 wm4.FblHal_Cfg.h.46.1a21f7c3e5f4d3fa7dbce403bc38f23c
                0x0000000000000000        0x8 outputs/Output/BrsHwStartup.o
 wm4.Fbl_Cfg.h.151.f77f4ca823f9862d4c599fe822b23a08
                0x0000000000000000        0x8 outputs/Output/BrsHwStartup.o
 wm4.BrsHw_Ports.h.144.5a6135973bcc8237d0f7f791cc466ead
                0x0000000000000000        0x8 outputs/Output/BrsHwStartup.o
 wm4.BrsHwStartup_TC2xx_TC3xx.h.37.d36e00b5a86f27bef7b454df132426b7
                0x0000000000000000        0x8 outputs/Output/BrsHwStartup.o
 wm4.BrsMain_Types.h.27.4b71bf362d839dba3f3cbc89f4354e64
                0x0000000000000000        0x8 outputs/Output/BrsHwStartup.o
 wm4.EcuM_Generated_Types.h.58.48a50433a8454f789a855b4eb55585d8
                0x0000000000000000        0x8 outputs/Output/BrsHwStartup.o
[...]
Memory Configuration

Name             Origin             Length             Used               Free               Attributes
RamDsprCpu2_FordAppl_Sdata 0x0000000050000000 0x0000000000003000         0x0000000000000000         0x0000000000003000
RamDsprCpu2_FordAppl_Bss_Data 0x0000000050003000 0x0000000000003800         0x0000000000000000         0x0000000000003800
RamDsprCpu2_FordAppl_Stack 0x0000000050006800 0x0000000000003000         0x0000000000000000         0x0000000000003000
RamDsprCpu2_FordAppl_IStack 0x0000000050009c00 0x0000000000003400         0x0000000000000000         0x0000000000003400
RamDsprCpu2_FordAppl_Csa 0x000000005000d000 0x000000000000b000         0x0000000000000000         0x000000000000b000
Pspr_Cpu2        0x0000000050100000 0x0000000000010000         0x0000000000000000         0x0000000000010000
RamDsprCpu1_FordAppl_Sdata 0x0000000060000000 0x000000000000f000         0x0000000000000000         0x000000000000f000
RamDsprCpu1_FordAppl_Bss_data 0x000000006000f000 0x000000000000f800         0x0000000000000000         0x000000000000f800
RamDsprCpu1_FordAppl_Stack 0x000000006001e800 0x0000000000007400         0x0000000000000000         0x0000000000007400
RamDsprCpu1_FordAppl_IStack 0x0000000060025c00 0x0000000000007400         0x0000000000000000         0x0000000000007400
RamDsprCpu1_FordAppl_Csa 0x000000006002d000 0x000000000000f000         0x0000000000000000         0x000000000000f000
Pspr_Cpu1        0x0000000060100000 0x0000000000010000         0x0000000000000000         0x0000000000010000
RamDsprCpu0_FlashDrvArea 0x0000000070000000 0x0000000000000c00         0x0000000000000c00         0x0000000000000000
RamDsprCpu0_XH_Buffer 0x0000000070000c00 0x0000000000001400         0x0000000000000000         0x0000000000001400
RamDsprCpu0_Sys_KAM 0x0000000070002000 0x0000000000000040         0x0000000000000000         0x0000000000000040
RamDsprCpu0_KernelErLog_MR 0x0000000070002040 0x0000000000000740         0x0000000000000000         0x0000000000000740
RamDsprCpu0_CalibShadow_Tbl 0x0000000070002780 0x0000000000001000         0x0000000000000000         0x0000000000001000
RamDsprCpu0_FDAppl_DataShadow 0x0000000070012780 0x0000000000000400         0x0000000000000000         0x0000000000000400
RamDsprCpu0_NVRamSdata_Sbss 0x0000000070014780 0x0000000000000400         0x0000000000000000         0x0000000000000400
RamDsprCpu0_IPC  0x0000000070016780 0x0000000000000400         0x0000000000000000         0x0000000000000400
RamDsprCpu0_IPC_ResetSafe 0x000000007001e740 0x0000000000000040         0x0000000000000000         0x0000000000000040
RamDsprCpu0_LLDAppl_Data_Bss 0x000000007001e780 0x0000000000016480         0x00000000000011d0         0x00000000000152b0
RamDsprCpu0_LLDAppl_RamConstSection 0x0000000070034c00 0x0000000000001000         0x0000000000000000         0x0000000000001000
RamDsprCpu0_LLDAppl_Stack 0x0000000070035c00 0x0000000000001400         0x0000000000001400         0x0000000000000000
RamDsprCpu0_LLDAppl_IStack 0x0000000070037000 0x0000000000000800         0x0000000000000000         0x0000000000000800
RamDsprCpu0_LLDAppl_RAMCODE 0x0000000070037800 0x0000000000000800         0x0000000000000000         0x0000000000000800
RamDsprCpu0_LLDAppl_Csa 0x0000000070038000 0x0000000000003bf0         0x0000000000000000         0x0000000000003bf0
RamDsprCpu0_Var_Eep_DummyArea 0x000000007003bbf0 0x0000000000000400         0x0000000000000000         0x0000000000000400
RamDsprCpu0_MagicFlagArea 0x000000007003bff0 0x0000000000000010         0x0000000000000008         0x0000000000000008
BmRom_Startup    0x0000000080000000 0x0000000000000300         0x0000000000000110         0x00000000000001f0
BmRomArea        0x0000000080000300 0x0000000000007cde         0x0000000000003a50         0x000000000000428e
BmHeader         0x0000000080007fe0 0x0000000000000020         0x000000000000001c         0x0000000000000004
ApplRom_ApplVect 0x0000000080290000 0x0000000000000020         0x0000000000000000         0x0000000000000020
ApplRom_Startup  0x0000000080290020 0x0000000000000800         0x0000000000000000         0x0000000000000800
ApplRomArea      0x0000000080290820 0x0000000000054000         0x0000000000000000         0x0000000000054000
ApplBmHdrHeader  0x00000000802e4820 0x0000000000000100         0x0000000000000000         0x0000000000000100
Os_IntVect       0x00000000802e4920 0x0000000000008000         0x0000000000000000         0x0000000000008000
Region_etk_pageswitch_mbox 0x00000000802ec920 0x0000000000000200         0x0000000000000000         0x0000000000000200
Region_etkDisTab_MemClass 0x00000000802ecb20 0x0000000000000200         0x0000000000000000         0x0000000000000200
RegionBlock_BMHD0 0x00000000802ecd20 0x0000000000000200         0x0000000000000000         0x0000000000000200
SwIDBlock_HPCM   0x00000000802ecf20 0x0000000000000200         0x0000000000000000         0x0000000000000200
Rom_PresencePattern1 0x00000000802fff80 0x0000000000000040         0x0000000000000000         0x0000000000000040
Rom_PresencePattern2 0x00000000802fffc0 0x0000000000000040         0x0000000000000000         0x0000000000000040
FblHeader        0x00000000805a0000 0x0000000000000020         0x0000000000000000         0x0000000000000020
FblBmHdrHeader   0x00000000805a0020 0x0000000000000020         0x0000000000000000         0x0000000000000020
FblRomArea       0x00000000805a0040 0x000000000004eb80         0x0000000000000000         0x000000000004eb80
FblRomStartup    0x00000000805eebc0 0x0000000000000400         0x0000000000000000         0x0000000000000400
FblReserved      0x00000000805eefc0 0x0000000000000fc0         0x0000000000000000         0x0000000000000fc0
FblBlockValPresencePattern 0x00000000805eff80 0x0000000000000080         0x0000000000000000         0x0000000000000080
Rom_BM_NC_BMHD0  0x00000000af400000 0x0000000000000200         0x0000000000000200         0x0000000000000000
*default*        0x0000000000000000 0xffffffffffffffff         0x0000000000000046         0xffffffffffffffb9

Linker script and memory map


.BmHeaderSectionGroup memory region -> BmHeader
                0x0000000080007fe0       0x1c
                0x0000000080007fe0                _BmHeaderSectionGroup_START = ABSOLUTE (.)
 *(*.BmHeaderSection)
 .BmHeaderSection
                0x0000000080007fe0       0x1c outputs/Output/sip.a(bm_main.o)
                0x0000000080007fe0                FblBmHeader
                0x0000000080007ffb                _BmHeaderSectionGroup_END = ABSOLUTE ((. - 0x1))
                0x0000000080007ffc                _BmHeaderSectionGroup_LIMIT = ABSOLUTE (.)
                0x0000000080007fe0                _Bm_BmHeader_ALL_START = _BmHeaderSectionGroup_START
                0x0000000080007ffb                _Bm_BmHeader_ALL_END = _BmHeaderSectionGroup_END
                0x0000000080007ffc                _Bm_BmHeader_ALL_LIMIT = _BmHeaderSectionGroup_LIMIT

.RamConstSection memory region -> RamDsprCpu0_LLDAppl_Data_Bss
                0x000000007001e780        0x0 load address 0x0000000080000300
                0x000000007001e780                _RamConstSection_START = ABSOLUTE (.)
 *(*.RamConstSection)
                0x000000007001e780                . = ALIGN (0x4)
                0x000000007001e77f                _RamConstSection_END = ABSOLUTE ((. - 0x1))
                0x000000007001e780                _RamConstSection_LIMIT = ABSOLUTE (.)
                0x0000000080000300                _RamConstSection_ROM_START = LOADADDR (.RamConstSection)
                0x0000000080000300                _RamConstSection_ROM_LIMIT = (LOADADDR (.RamConstSection) + SIZEOF (.RamConstSection))
                0x000000007001e780                _FblRamConst_ALL_START = _RamConstSection_START
                0x000000007001e77f                _FblRamConst_ALL_END = _RamConstSection_END
                0x000000007001e780                _FblRamConst_ALL_LIMIT = _RamConstSection_LIMIT

.Brs_Startup_Code memory region -> BmRom_Startup
                0x0000000080000000       0xc6
                0x0000000080000000                _Brs_Startup_Code_START = ABSOLUTE (.)
                0x0000000080000000                . = ALIGN (0x8)
 *(*.brsStartup)
 .brsStartup    0x0000000080000000       0x40 outputs/Output/BrsHwStartup.o
                0x0000000080000000                brsStartupEntry
 .brsStartup    0x0000000080000040       0x86 outputs/Output/btxhappl.a(BrsMainStartup.o)
                0x0000000080000040                Brs_ApplicationEntry
                0x00000000800000c5                _Brs_Startup_Code_END = ABSOLUTE ((. - 0x1))
                0x00000000800000c6                _Brs_Startup_Code_LIMIT = ABSOLUTE (.)

.BrsMain_Startup_Code memory region -> BmRom_Startup
                0x00000000800000c6       0x38
                0x00000000800000c6                _BrsMain_Startup_Code_START = ABSOLUTE (.)
 *(*.brsMainStartup)
 .text.brsMainStartup
                0x00000000800000c6       0x10 outputs/Output/btxhappl.a(BrsHw.o)
                0x00000000800000c6                BrsHwGetResetReasonStartup
 .text.brsMainStartup
                0x00000000800000d6       0x28 outputs/Output/btxhappl.a(BrsMainStartup.o)
                0x00000000800000d6                BrsMainExceptionStartup
                0x00000000800000e2                Brs_PreMainStartup
                0x00000000800000fd                _BrsMain_Startup_Code_END = ABSOLUTE ((. - 0x1))
                0x00000000800000fe                _BrsMain_Startup_Code_LIMIT = ABSOLUTE (.)
                0x0000000080000000                _Brs_Startup_Code_ALL_START = _Brs_Startup_Code_START
                0x00000000800000fd                _Brs_Startup_Code_ALL_END = _BrsMain_Startup_Code_END
                0x00000000800000fe                _Brs_Startup_Code_ALL_LIMIT = _BrsMain_Startup_Code_LIMIT

.RamCodeSection memory region -> RamDsprCpu0_LLDAppl_Data_Bss
                0x000000007001e780      0xfe8 load address 0x0000000080000300
                0x000000007001e780                _RamCodeSection_START = ABSOLUTE (.)
 *(*.RamCodeCoreSection)
 .RamCodeCoreSection
                0x000000007001e780       0xb6 outputs/Output/sip.a(fbl_wd.o)
                0x000000007001e780                FblLookForWatchdog
                0x000000007001e830                FblLookForWatchdogVoid
 .RamCodeCoreSection
                0x000000007001e836      0x5ae outputs/Output/sip.a(fbl_mio.o)
                0x000000007001e836                MemDriver_InitPowerOn
                0x000000007001e884                FblMemSegmentNrGet
                0x000000007001e9b0                FblMemGetDeviceByAddr
                0x000000007001e9d4                FblMemGetDeviceByRange
                0x000000007001ea6a                MemDriver_Begin
                0x000000007001ea7c                MemDriver_End
                0x000000007001ea92                MemDriver_InitSync
                0x000000007001eaf8                MemDriver_DeinitSync
                0x000000007001eb60                MemDriver_RReadSync
                0x000000007001ebc4                FblReadPromExt
                0x000000007001ed0c                FblReadProm
                0x000000007001ed1c                MemDriver_RWriteSync
                0x000000007001ed80                MemDriver_REraseSync
 .RamCodeCoreSection
                0x000000007001ede4      0x1b8 outputs/Output/sip.a(fbl_hw.o)
                0x000000007001ee94                FblTimerInit
                0x000000007001eeae                FblGetTimerValue
                0x000000007001eec0                FblHwRegisterUnlock
                0x000000007001eed2                FblHwRegisterLock
                0x000000007001eee4                FblHwRegisterModify
                0x000000007001ef10                FblOwnMemcpy
                0x000000007001ef88                FblReadByte
                0x000000007001ef8e                FblReadBlock
 .RamCodeCoreSection
                0x000000007001ef9c        0x2 outputs/Output/btxhappl.a(fbl_apwd.o)
                0x000000007001ef9c                ApplFblWDTrigger
 .RamCodeCoreSection
                0x000000007001ef9e      0x7c8 outputs/Output/sip.a(fbl_flio.o)
                0x000000007001f05a                FlashDriver_InitSync
                0x000000007001f0ec                FlashDriver_DeinitSync
                0x000000007001f152                FlashDriver_RWriteSync
                0x000000007001f26e                FlashDriver_REraseSync
                0x000000007001f48a                FlashDriver_RReadSync
                0x000000007001f632                FlashDriver_GetVersionOfDriver
                0x000000007001f67e                FlashDriver_ResumeProtection
                0x000000007001f690                FlashDriver_DisableProtection
                0x000000007001f768                . = ALIGN (0x4)
 *fill*         0x000000007001f766        0x2 00
                0x000000007001f767                _RamCodeSection_END = ABSOLUTE ((. - 0x1))
                0x000000007001f768                _RamCodeSection_LIMIT = ABSOLUTE (.)
                0x0000000080000300                _RamCodeSection_ROM_START = LOADADDR (.RamCodeSection)
                0x00000000800012e8                _RamCodeSection_ROM_LIMIT = (LOADADDR (.RamCodeSection) + SIZEOF (.RamCodeSection))
                0x000000007001e780                _FblRamCode_ALL_START = _RamCodeSection_START
                0x000000007001f767                _FblRamCode_ALL_END = _RamCodeSection_END
                0x000000007001f768                _FblRamCode_ALL_LIMIT = _RamCodeSection_LIMIT

.Brs_ExcVect    memory region -> BmRom_Startup
                0x0000000080000100       0x10
                0x0000000080000100                _Brs_ExcVect_START = ABSOLUTE (.)
 *(*.brsExcVect)
 *(*.brsExcVectConst)
                0x0000000080000100                . = ALIGN (0x8)
                0x00000000800000ff                _Brs_ExcVect_END = ABSOLUTE ((. - 0x1))
                0x0000000080000100                _Brs_ExcVect_LIMIT = ABSOLUTE (.)
                0x0000000080000110                . = (. + 0x10)
 *fill*         0x0000000080000100       0x10 00
                0x0000000080001300                _Brs_ExcVect_ALL_START = _Brs_ExcVect_START
                0x00000000800000ff                _Brs_ExcVect_ALL_END = _Brs_ExcVect_END
                0x0000000080000100                _Brs_ExcVect_ALL_LIMIT = _Brs_ExcVect_LIMIT
                0x0000000080000040                RESETVECT = Brs_ApplicationEntry
                0x0000000080000040                _start = Brs_ApplicationEntry

.BMHD0          memory region -> Rom_BM_NC_BMHD0
                0x00000000af400000      0x200
                0x00000000af400000                _BMHD0_START = ABSOLUTE (.)
                0x00000000af400000                . = ALIGN (0x20)
 *(*.BMHD0)
 .BMHD0         0x00000000af400000      0x200 outputs/Output/btxhappl.a(BrsHw.o)
                0x00000000af400000                bmiField0
                0x00000000af4001ff                _BMHD0_END = ABSOLUTE ((. - 0x1))
                0x00000000af400200                _BMHD0_LIMIT = ABSOLUTE (.)
                0x00000000af400000                _BMHD0_ALL_START = _BMHD0_START
                0x00000000af4001ff                _BMHD0_ALL_END = _BMHD0_END
                0x00000000af400200                _BMHD0_ALL_LIMIT = _BMHD0_LIMIT
                0x0000000080001300                _Brs_ExcVect_START = _Brs_ExcVectRam_ROM_START

.Brs_ExcVectRam memory region -> RamDsprCpu0_LLDAppl_Data_Bss
                0x000000007001f800       0x10 load address 0x0000000080001300
                0x000000007001f800                _Brs_ExcVectRam_START = ABSOLUTE (.)
 *(*.brsExcVectRam)
                0x000000007001f800                . = ALIGN (0x8)
                0x000000007001f7ff                _Brs_ExcVectRam_END = ABSOLUTE ((. - 0x1))
                0x000000007001f800                _Brs_ExcVectRam_LIMIT = ABSOLUTE (.)
                0x000000007001f810                . = (. + 0x10)
 *fill*         0x000000007001f800       0x10 00
                0x0000000080001300                _Brs_ExcVectRam_ROM_START = LOADADDR (.Brs_ExcVectRam)
                0x0000000080001300                _Brs_ExcVectRam_ROM_LIMIT = ((LOADADDR (.Brs_ExcVectRam) + SIZEOF (.Brs_ExcVectRam)) - 0x10)
                0x000000007001f800                _Brs_ExcVectRam_ALL_START = _Brs_ExcVectRam_START
                0x000000007001f7ff                _Brs_ExcVectRam_ALL_END = _Brs_ExcVectRam_END
                0x000000007001f800                _Brs_ExcVectRam_ALL_LIMIT = _Brs_ExcVectRam_LIMIT

.Brs_Shared_Const memory region -> BmRomArea
                0x00000000800012e8        0x0
                0x00000000800012e8                _Brs_Shared_Const_START = ABSOLUTE (.)
 *(*.brsSharedConst)
                0x00000000800012e7                _Brs_Shared_Const_END = ABSOLUTE ((. - 0x1))
                0x00000000800012e8                _Brs_Shared_Const_LIMIT = ABSOLUTE (.)
                0x00000000800012e8                _Brs_Shared_Const_ALL_START = _Brs_Shared_Const_START
                0x00000000800012e7                _Brs_Shared_Const_ALL_END = _Brs_Shared_Const_END
                0x00000000800012e8                _Brs_Shared_Const_ALL_LIMIT = _Brs_Shared_Const_LIMIT

.Brs_Shared_Var memory region -> RamDsprCpu0_LLDAppl_Data_Bss
                0x000000007001f810        0x8
                0x000000007001f810                _Brs_Shared_Var_START = ABSOLUTE (.)
 *(*.brsSharedVar)
 .bss.brsSharedVar
                0x000000007001f810        0x8 outputs/Output/btxhappl.a(BrsMainStartup.o)
                0x000000007001f810                brsMain_ResetReason
                0x000000007001f817                _Brs_Shared_Var_END = ABSOLUTE ((. - 0x1))
                0x000000007001f818                _Brs_Shared_Var_LIMIT = ABSOLUTE (.)
                0x000000007001f810                _Brs_Shared_Var_ALL_START = _Brs_Shared_Var_START
                0x000000007001f817                _Brs_Shared_Var_ALL_END = _Brs_Shared_Var_END
                0x000000007001f818                _Brs_Shared_Var_ALL_LIMIT = _Brs_Shared_Var_LIMIT

.EepDummyVarGroup memory region -> RamDsprCpu0_Var_Eep_DummyArea
                0x000000007003bbf0        0x0
                0x000000007003bbf0                _EepDummyVarGroup_START = ABSOLUTE (.)
 *(*.EepDummySection)
                0x000000007003bbf0                . = ALIGN (0x4)
                0x000000007003bbef                _EepDummyVarGroup_END = ABSOLUTE ((. - 0x1))
                0x000000007003bbf0                _EepDummyVarGroup_LIMIT = ABSOLUTE (.)
                0x000000007003bbf0                _EepDummyVarGroup_ALL_START = _EepDummyVarGroup_START
                0x000000007003bbef                _EepDummyVarGroup_ALL_END = _EepDummyVarGroup_END
                0x000000007003bbf0                _EepDummyVarGroup_ALL_LIMIT = _EepDummyVarGroup_LIMIT

.FlashDrvSectionGroup memory region -> RamDsprCpu0_FlashDrvArea
                0x0000000070000000      0xc00
                0x0000000070000000                _FlashDrvSectionGroup_START = ABSOLUTE (.)
 *(*.FblFlashDrvSection)
 .FblFlashDrvSection
                0x0000000070000000      0xc00 outputs/Output/sip.a(fbl_flio.o)
                0x0000000070000000                flashCode
                0x0000000070000bff                _FlashDrvSectionGroup_END = ABSOLUTE ((. - 0x1))
                0x0000000070000c00                _FlashDrvSectionGroup_LIMIT = ABSOLUTE (.)
                0x0000000070000000                _FlashDrvSectionGroup_ALL_START = _FlashDrvSectionGroup_START
                0x0000000070000bff                _FlashDrvSectionGroup_ALL_END = _FlashDrvSectionGroup_END
                0x0000000070000c00                _FlashDrvSectionGroup_ALL_LIMIT = _FlashDrvSectionGroup_LIMIT
                0x0000000000000008                __HEAP = 0x8
                0x0000000000000008                __HEAP_END = 0x8

.MagicFlagGroup memory region -> RamDsprCpu0_MagicFlagArea
                0x000000007003bff0        0x8
                0x000000007003bff0                _MagicFlagGroup_START = ABSOLUTE (.)
 *(*.MagicFlagSection)
 .MagicFlagSection
                0x000000007003bff0        0x8 outputs/Output/sip.a(bm_shared.o)
                0x000000007003bff0                fblBmMagicFlag
                0x000000007003bff8                . = ALIGN (0x4)
                0x000000007003bff7                _MagicFlagGroup_END = ABSOLUTE ((. - 0x1))
                0x000000007003bff8                _MagicFlagGroup_LIMIT = ABSOLUTE (.)
                0x000000007003bff0                _MagicFlagGroup_ALL_START = _MagicFlagGroup_START
                0x000000007003bff7                _MagicFlagGroup_ALL_END = _MagicFlagGroup_END
                0x000000007003bff8                _MagicFlagGroup_ALL_LIMIT = _MagicFlagGroup_LIMIT

.STACK_C0       memory region -> RamDsprCpu0_LLDAppl_Stack
                0x0000000070035c00     0x1400
                0x0000000070035c00                _STACK_C0_START = ABSOLUTE (.)
                0x0000000070037000                . = (. + 0x1400)
 *fill*         0x0000000070035c00     0x1400 00
                0x0000000070037000                . = ALIGN (0x4)
                0x0000000070036fff                _STACK_C0_END = ABSOLUTE ((. - 0x1))
                0x0000000070037000                _STACK_C0_LIMIT = ABSOLUTE (.)
                0x0000000070035c00                _STACK_C0_ALL_START = _STACK_C0_START
                0x0000000070036fff                _STACK_C0_ALL_END = _STACK_C0_END
                0x0000000070037000                _STACK_C0_ALL_LIMIT = _STACK_C0_LIMIT
                0x0000000080000040                StartupEntry = Brs_ApplicationEntry
                0x0000000080000040                _start_tc0 = Brs_ApplicationEntry
                0x0000000080000040                _start_tc1 = Brs_ApplicationEntry
                0x0000000080000040                _start_tc2 = Brs_ApplicationEntry
                0x0000000080000040                _start_tc3 = Brs_ApplicationEntry
                0x0000000080000040                _start_tc4 = Brs_ApplicationEntry
                0x0000000080000040                _start_tc5 = Brs_ApplicationEntry

.MSR_CODE       memory region -> BmRomArea
                0x00000000800012e8        0x0
                0x00000000800012e8                _MSR_CODE_START = ABSOLUTE (.)
 *(*.MSR_CODE)
                0x00000000800012e7                _MSR_CODE_END = ABSOLUTE ((. - 0x1))
                0x00000000800012e8                _MSR_CODE_LIMIT = ABSOLUTE (.)
                0x00000000800012e8                _MSR_CODE_ALL_START = _MSR_CODE_START
                0x00000000800012e7                _MSR_CODE_ALL_END = _MSR_CODE_END
                0x00000000800012e8                _MSR_CODE_ALL_LIMIT = _MSR_CODE_LIMIT

.MSR_CONST      memory region -> BmRomArea
                0x00000000800012e8        0x0
                0x00000000800012e8                _MSR_CONST_START = ABSOLUTE (.)
 *(*.MSR_CONST)
 *(*.MSR_CONST_FAST)
                0x00000000800012e7                _MSR_CONST_END = ABSOLUTE ((. - 0x1))
                0x00000000800012e8                _MSR_CONST_LIMIT = ABSOLUTE (.)
                0x00000000800012e8                _MSR_CONST_ALL_START = _MSR_CONST_START
                0x00000000800012e7                _MSR_CONST_ALL_END = _MSR_CONST_END
                0x00000000800012e8                _MSR_CONST_ALL_LIMIT = _MSR_CONST_LIMIT

.MSR_PBCFG_CONST memory region -> BmRomArea
                0x00000000800012e8        0x0
                0x00000000800012e8                _MSR_PBCFG_CONST_START = ABSOLUTE (.)
 *(*.MSR_PBCFG_CONST)
 *(*.MSR_PBCFG_CONST_FAST)
                0x00000000800012e7                _MSR_PBCFG_CONST_END = ABSOLUTE ((. - 0x1))
                0x00000000800012e8                _MSR_PBCFG_CONST_LIMIT = ABSOLUTE (.)
                0x00000000800012e8                _MSR_PBCFG_CONST_ALL_START = _MSR_PBCFG_CONST_START
                0x00000000800012e7                _MSR_PBCFG_CONST_ALL_END = _MSR_PBCFG_CONST_END
                0x00000000800012e8                _MSR_PBCFG_CONST_ALL_LIMIT = _MSR_PBCFG_CONST_LIMIT

.rodata         memory region -> BmRomArea
                0x00000000800012e8      0xcf0
                0x00000000800012e8                _rodata_START = ABSOLUTE (.)
 *(*.rodata)
 .rodata        0x00000000800012e8        0x4 outputs/Output/BrsHwStartup.o
                0x00000000800012e8                Brs_SizeOfbrsMain_CoreType
 .rodata        0x00000000800012ec       0x48 outputs/Output/btxhappl.a(BrsHw.o)
                0x00000000800012ec                kBrsWdtCon0Addresses_ROM
                0x000000008000132c                kBrsHwBugfixVersion
                0x000000008000132d                kBrsHwSubVersion
                0x000000008000132e                kBrsHwMainVersion
                0x000000008000132f                BRSHW_PORT_CONF_SHARPEDGE
                0x0000000080001330                BRSHW_PORT_CONF_ETHERNET
                0x0000000080001331                BRSHW_PORT_CONF_CAN
 .rodata        0x0000000080001334       0x20 outputs/Output/gendata.a(vBrs_Lcfg.o)
                0x0000000080001334                BrsMain_CoreConfig
                0x0000000080001350                BrsMain_CoreConfig_Size
 .rodata        0x0000000080001354      0x268 outputs/Output/gendata.a(vLinkGen_Lcfg.o)
                0x0000000080001354                vLinkGen_Init_HardReset_GroupsSet
                0x000000008000135c                vLinkGen_Init_Three_GroupsSet
                0x0000000080001364                vLinkGen_Init_Two_GroupsSet
                0x000000008000136c                vLinkGen_Init_One_GroupsSet
                0x0000000080001374                vLinkGen_Init_Zero_GroupsSet
                0x000000008000137c                vLinkGen_ZeroInit_HardReset_GroupsSet
                0x0000000080001384                vLinkGen_ZeroInit_Three_GroupsSet
                0x000000008000138c                vLinkGen_ZeroInit_Two_GroupsSet
                0x0000000080001394                vLinkGen_ZeroInit_One_GroupsSet
                0x000000008000139c                vLinkGen_ZeroInit_Zero_GroupsSet
                0x00000000800013a4                vLinkGen_ZeroInit_Early_GroupsSet
                0x00000000800013ac                vLinkGen_ZeroInit_HardReset_BlocksSet
                0x00000000800013b4                vLinkGen_ZeroInit_One_BlocksSet
                0x00000000800013bc                vLinkGen_ZeroInit_Early_BlocksSet
                0x00000000800013c4                vLinkGen_Init_HardReset_Groups
                0x00000000800013dc                vLinkGen_Init_Three_Groups
                0x00000000800013f4                vLinkGen_Init_Two_Groups
                0x000000008000140c                vLinkGen_Init_One_Groups
                0x00000000800014b4                vLinkGen_Init_Zero_Groups
                0x00000000800014cc                vLinkGen_ZeroInit_HardReset_Groups
                0x00000000800014fc                vLinkGen_ZeroInit_Three_Groups
                0x000000008000150c                vLinkGen_ZeroInit_Two_Groups
                0x000000008000151c                vLinkGen_ZeroInit_One_Groups
                0x000000008000155c                vLinkGen_ZeroInit_Zero_Groups
                0x000000008000156c                vLinkGen_ZeroInit_Early_Groups
                0x000000008000157c                vLinkGen_ZeroInit_HardReset_Blocks
                0x000000008000158c                vLinkGen_ZeroInit_One_Blocks
                0x00000000800015ac                vLinkGen_ZeroInit_Early_Blocks
 .rodata        0x00000000800015bc      0x258 outputs/Output/sip.a(bm_main.o)
 .rodata        0x0000000080001814       0x38 outputs/Output/sip.a(fbl_hw.o)
 .rodata        0x000000008000184c       0xf4 outputs/Output/gendata.a(Fbl_Fbt.o)
                0x000000008000184c                kNrOfMemDrv
                0x0000000080001850                memDrvLst
                0x0000000080001888                kNrOfFlashBlock
                0x000000008000188c                FlashBlock
 .rodata        0x0000000080001940       0x48 outputs/Output/gendata.a(Fbl_Lbt.o)
                0x0000000080001940                FblLogicalBlockTable
 .rodata        0x0000000080001988       0x18 outputs/Output/gendata.a(FblBm_Lcfg.o)
                0x0000000080001988                FblBm_BootTargetList
 .rodata        0x00000000800019a0      0x630 outputs/Output/sip.a(fbl_flio.o)
 .rodata        0x0000000080001fd0        0x8 outputs/Output/sip.a(fbl_nvpattern.o)
 *(.rodata.*)
                0x0000000080001fd7                _rodata_END = ABSOLUTE ((. - 0x1))
                0x0000000080001fd8                _rodata_LIMIT = ABSOLUTE (.)

.sdata2         memory region -> BmRomArea
                0x0000000080001fd8        0x0
                0x0000000080001fd8                _sdata2_START = ABSOLUTE (.)
 *(*.sdata2)
 *(.sdata2.*)
                0x0000000080001fd7                _sdata2_END = ABSOLUTE ((. - 0x1))
                0x0000000080001fd8                _sdata2_LIMIT = ABSOLUTE (.)

.srodata        memory region -> BmRomArea
                0x0000000080001fd8        0x0
                0x0000000080001fd8                _srodata_START = ABSOLUTE (.)
 *(*.srodata)
 *(.srodata.*)
                0x0000000080001fd7                _srodata_END = ABSOLUTE ((. - 0x1))
                0x0000000080001fd8                _srodata_LIMIT = ABSOLUTE (.)

.text           memory region -> BmRomArea
                0x0000000080001fd8     0x1d76
                0x0000000080001fd8                _text_START = ABSOLUTE (.)
 *(*.text)
 *(.text.*)
 .text.brsStartupEntry_C
                0x0000000080001fd8      0x104 outputs/Output/BrsHwStartup.o
                0x0000000080001fd8                brsStartupEntry_C
 .text.BrsHwWatchdogInitPowerOn
                0x00000000800020dc      0x15e outputs/Output/btxhappl.a(BrsHw.o)
                0x00000000800020dc                BrsHwWatchdogInitPowerOn
 .text.BrsHwPllInitPowerOn
                0x000000008000223a      0x8e8 outputs/Output/btxhappl.a(BrsHw.o)
                0x000000008000223a                BrsHwPllInitPowerOn
 .text.BrsHwPortInitPowerOn
                0x0000000080002b22        0x2 outputs/Output/btxhappl.a(BrsHw.o)
                0x0000000080002b22                BrsHwPortInitPowerOn
 .text.BrsHwDisableInterruptAtPowerOn
                0x0000000080002b24        0x2 outputs/Output/btxhappl.a(BrsHw.o)
                0x0000000080002b24                BrsHwDisableInterruptAtPowerOn
 .text.BrsHw_ExceptionTable_Init
                0x0000000080002b26      0x106 outputs/Output/btxhappl.a(BrsHw.o)
                0x0000000080002b26                BrsHw_ExceptionTable_Init
 .text.BrsHwSoftwareResetECU
                0x0000000080002c2c      0x14e outputs/Output/btxhappl.a(BrsHw.o)
                0x0000000080002c2c                BrsHwSoftwareResetECU
 .text.BrsHw_GetCore
                0x0000000080002d7a        0x6 outputs/Output/btxhappl.a(BrsHw.o)
                0x0000000080002d7a                BrsHw_GetCore
 .text.BrsHwDisableEccErrorReporting
                0x0000000080002d80       0xe0 outputs/Output/btxhappl.a(BrsHw.o)
                0x0000000080002d80                BrsHwDisableEccErrorReporting
 .text.Brs_MemoryZeroInit
                0x0000000080002e60       0x44 outputs/Output/btxhappl.a(BrsMainStartup.o)
                0x0000000080002e60                Brs_MemoryZeroInit
 .text.Brs_MemoryInit
                0x0000000080002ea4       0x7e outputs/Output/btxhappl.a(BrsMainStartup.o)
                0x0000000080002ea4                Brs_MemoryInit
 .text.BrsMain_MemoryInit_StageZero_Hook
                0x0000000080002f22        0x2 outputs/Output/btxhappl.a(BrsMain_Callout_Stubs.o)
                0x0000000080002f22                BrsMain_MemoryInit_StageZero_Hook
 .text.BrsMain_MemoryInit_StageHardReset_Hook
                0x0000000080002f24        0xc outputs/Output/btxhappl.a(BrsMain_Callout_Stubs.o)
                0x0000000080002f24                BrsMain_MemoryInit_StageHardReset_Hook
 .text.BrsMain_MemoryInit_StageOne_Hook
                0x0000000080002f30        0x2 outputs/Output/btxhappl.a(BrsMain_Callout_Stubs.o)
                0x0000000080002f30                BrsMain_MemoryInit_StageOne_Hook
 .text.BrsMain_MemoryInit_StageTwo_Hook
                0x0000000080002f32        0x2 outputs/Output/btxhappl.a(BrsMain_Callout_Stubs.o)
                0x0000000080002f32                BrsMain_MemoryInit_StageTwo_Hook
 .text.BrsMain_MemoryInit_StageThree_Hook
                0x0000000080002f34        0x2 outputs/Output/btxhappl.a(BrsMain_Callout_Stubs.o)
                0x0000000080002f34                BrsMain_MemoryInit_StageThree_Hook
 .text.BrsMain_PreMainHook
                0x0000000080002f36        0x2 outputs/Output/btxhappl.a(BrsMain_Callout_Stubs.o)
                0x0000000080002f36                BrsMain_PreMainHook
 .text.BrsMain_SoftwareResetECU_Hook
                0x0000000080002f38        0x2 outputs/Output/btxhappl.a(BrsMain_Callout_Stubs.o)
                0x0000000080002f38                BrsMain_SoftwareResetECU_Hook
 .text.BrsMainInit
                0x0000000080002f3a        0xe outputs/Output/btxhappl.a(BrsMain.o)
                0x0000000080002f3a                BrsMainInit
 .text.RamCodeSection
                0x0000000080002f48        0xc outputs/Output/btxhappl.a(BrsMain.o)
                0x0000000080002f48                BrsMainExceptionHandler
 .text.main     0x0000000080002f54       0x22 outputs/Output/btxhappl.a(BrsMain.o)
                0x0000000080002f54                main
 .text.BrsMain_Appl_Init
                0x0000000080002f76        0x2 outputs/Output/btxhappl.a(BrsMain_Appl.o)
                0x0000000080002f76                BrsMain_Appl_Init
 .text.EcuM_Init
                0x0000000080002f78        0x6 outputs/Output/btxhappl.a(EcuM.o)
                0x0000000080002f78                EcuM_Init
 .text.EcuM_StartupTwo
                0x0000000080002f7e        0x2 outputs/Output/btxhappl.a(EcuM.o)
                0x0000000080002f7e                EcuM_StartupTwo
 .text.FblBmState_CheckKeyAvailability
                0x0000000080002f80        0x4 outputs/Output/sip.a(bm_main.o)
 .text.FblBmState_CheckApplStartFlag
                0x0000000080002f84       0x96 outputs/Output/sip.a(bm_main.o)
 .text.FblBmState_TargetListInit
                0x000000008000301a        0xe outputs/Output/sip.a(bm_main.o)
 .text.FblBmState_TargetListNext
                0x0000000080003028       0x14 outputs/Output/sip.a(bm_main.o)
 .text.FblBmState_CheckFblVerification
                0x000000008000303c        0x4 outputs/Output/sip.a(bm_main.o)
 .text.FblBmState_Fail_Entry
                0x0000000080003040       0x10 outputs/Output/sip.a(bm_main.o)
 .text.FblBmState_CallFblStayInBoot_Entry
                0x0000000080003050       0x48 outputs/Output/sip.a(bm_main.o)
 .text.FblBmState_TargetCheck
                0x0000000080003098       0xd0 outputs/Output/sip.a(bm_main.o)
 .text.FblBmState_CheckReprogFlag
                0x0000000080003168        0xa outputs/Output/sip.a(bm_main.o)
 .text.FblBmState_CheckFblLbt
                0x0000000080003172       0x2c outputs/Output/sip.a(bm_main.o)
 .text.FblBmState_CheckFblValidity
                0x000000008000319e       0xba outputs/Output/sip.a(bm_main.o)
 .text.FblBmState_Init_Entry
                0x0000000080003258       0x18 outputs/Output/sip.a(bm_main.o)
 .text.FblBmState_PowerOn_Entry
                0x0000000080003270       0x48 outputs/Output/sip.a(bm_main.o)
 .text.FblStart
                0x00000000800032b8       0x36 outputs/Output/sip.a(bm_main.o)
                0x00000000800032b8                FblStart
 .text.ApplStart
                0x00000000800032ee       0x32 outputs/Output/sip.a(bm_main.o)
                0x00000000800032ee                ApplStart
 .text.FblBmState_CallTarget_Entry
                0x0000000080003320       0x1a outputs/Output/sip.a(bm_main.o)
 .text.FblBmState_CallFbl_Entry
                0x000000008000333a       0x1a outputs/Output/sip.a(bm_main.o)
 .text.FblMain  0x0000000080003354       0x58 outputs/Output/sip.a(bm_main.o)
                0x0000000080003354                FblMain
 .text.FblFsmHandleEvent
                0x00000000800033ac       0xa0 outputs/Output/sip.a(fbl_fsm.o)
 .text.FblFsmInitPowerOn
                0x000000008000344c        0x2 outputs/Output/sip.a(fbl_fsm.o)
                0x000000008000344c                FblFsmInitPowerOn
 .text.FblFsmStateTask
                0x000000008000344e      0x184 outputs/Output/sip.a(fbl_fsm.o)
                0x000000008000344e                FblFsmStateTask
 .text.FblFsmInit
                0x00000000800035d2       0x12 outputs/Output/sip.a(fbl_fsm.o)
                0x00000000800035d2                FblFsmInit
 .text.FblFsmTriggerEvent
                0x00000000800035e4        0x6 outputs/Output/sip.a(fbl_fsm.o)
                0x00000000800035e4                FblFsmTriggerEvent
 .text.FblFsmEventHandlerDefault
                0x00000000800035ea        0x4 outputs/Output/sip.a(fbl_fsm.o)
                0x00000000800035ea                FblFsmEventHandlerDefault
 .text.FblInitWatchdog
                0x00000000800035ee       0x1a outputs/Output/sip.a(fbl_wd.o)
                0x00000000800035ee                FblInitWatchdog
 .text.FblLbtInitPowerOn
                0x0000000080003608       0x12 outputs/Output/sip.a(fbl_lbt_access.o)
                0x0000000080003608                FblLbtInitPowerOn
 .text.FblLbtBlockFilterInit
                0x000000008000361a        0x8 outputs/Output/sip.a(fbl_lbt_access.o)
                0x000000008000361a                FblLbtBlockFilterInit
 .text.FblLbtBlockNext
                0x0000000080003622       0xc6 outputs/Output/sip.a(fbl_lbt_access.o)
                0x0000000080003622                FblLbtBlockNext
 .text.FblLbtBlockFirst
                0x00000000800036e8       0x32 outputs/Output/sip.a(fbl_lbt_access.o)
                0x00000000800036e8                FblLbtBlockFirst
 .text.FblLbtBlockDone
                0x000000008000371a        0xa outputs/Output/sip.a(fbl_lbt_access.o)
                0x000000008000371a                FblLbtBlockDone
 .text.FblLbtGetBlockCount
                0x0000000080003724        0xc outputs/Output/sip.a(fbl_lbt_access.o)
                0x0000000080003724                FblLbtGetBlockCount
 .text.FblLbtGetBlockDescriptorByNr
                0x0000000080003730       0x2c outputs/Output/sip.a(fbl_lbt_access.o)
                0x0000000080003730                FblLbtGetBlockDescriptorByNr
 .text.FblLbtActivateLbtBlockByAddress
                0x000000008000375c        0xa outputs/Output/sip.a(fbl_lbt_access.o)
                0x000000008000375c                FblLbtActivateLbtBlockByAddress
 .text.FblBmHdrGetBmHeader
                0x0000000080003766       0x38 outputs/Output/sip.a(bm_hdr.o)
                0x0000000080003766                FblBmHdrGetBmHeader
 .text.FblBmHdrFindValidHeader
                0x000000008000379e       0x72 outputs/Output/sip.a(bm_hdr.o)
                0x000000008000379e                FblBmHdrFindValidHeader
 .text.ApplFblWDInit
                0x0000000080003810        0xc outputs/Output/btxhappl.a(fbl_apwd.o)
                0x0000000080003810                ApplFblWDInit
 .text.ApplFblWDLong
                0x000000008000381c        0x2 outputs/Output/btxhappl.a(fbl_apwd.o)
                0x000000008000381c                ApplFblWDLong
 .text.ApplFblBmPowerOnPre
                0x000000008000381e        0x2 outputs/Output/btxhappl.a(bm_ap.o)
                0x000000008000381e                ApplFblBmPowerOnPre
 .text.ApplFblBmPowerOnPost
                0x0000000080003820        0x2 outputs/Output/btxhappl.a(bm_ap.o)
                0x0000000080003820                ApplFblBmPowerOnPost
 .text.ApplFblBmInitPre
                0x0000000080003822        0x2 outputs/Output/btxhappl.a(bm_ap.o)
                0x0000000080003822                ApplFblBmInitPre
 .text.ApplFblBmInitPost
                0x0000000080003824        0x2 outputs/Output/btxhappl.a(bm_ap.o)
                0x0000000080003824                ApplFblBmInitPost
 .text.ApplFblBmReset
                0x0000000080003826        0x6 outputs/Output/btxhappl.a(bm_ap.o)
                0x0000000080003826                ApplFblBmReset
 .text.ApplFblBmCheckTargetValidity
                0x000000008000382c       0x58 outputs/Output/btxhappl.a(bm_ap.o)
                0x000000008000382c                ApplFblBmCheckTargetValidity
 .text.ApplFblBmIsValidBlock
                0x0000000080003884       0x2e outputs/Output/btxhappl.a(bm_ap.o)
                0x0000000080003884                ApplFblBmIsValidBlock
 .text.ApplFblBmIsOptionalBlock
                0x00000000800038b2        0x2 outputs/Output/btxhappl.a(bm_ap.o)
                0x00000000800038b2                ApplFblBmIsOptionalBlock
 .text.ApplFblBmStartSoftware
                0x00000000800038b4        0x8 outputs/Output/btxhappl.a(bm_ap.o)
                0x00000000800038b4                ApplFblBmStartSoftware
 .text.ApplFblBmCheckReprogFlag
                0x00000000800038bc       0x7c outputs/Output/btxhappl.a(bm_ap.o)
                0x00000000800038bc                ApplFblBmCheckReprogFlag
 .text.ApplFblBmFatalError
                0x0000000080003938        0x2 outputs/Output/btxhappl.a(bm_ap.o)
                0x0000000080003938                ApplFblBmFatalError
 .text.ApplFblFatalError
                0x000000008000393a       0x14 outputs/Output/btxhappl.a(bm_ap.o)
                0x000000008000393a                ApplFblFatalError
 .text.RamDriver_InitSync
                0x000000008000394e        0x4 outputs/Output/sip.a(fbl_ramio.o)
                0x000000008000394e                RamDriver_InitSync
 .text.RamDriver_DeinitSync
                0x0000000080003952        0x4 outputs/Output/sip.a(fbl_ramio.o)
                0x0000000080003952                RamDriver_DeinitSync
 .text.RamDriver_RWriteSync
                0x0000000080003956       0x5e outputs/Output/sip.a(fbl_ramio.o)
                0x0000000080003956                RamDriver_RWriteSync
 .text.RamDriver_REraseSync
                0x00000000800039b4       0x58 outputs/Output/sip.a(fbl_ramio.o)
                0x00000000800039b4                RamDriver_REraseSync
 .text.RamDriver_RReadSync
                0x0000000080003a0c       0x5e outputs/Output/sip.a(fbl_ramio.o)
                0x0000000080003a0c                RamDriver_RReadSync
 .text.FblNvPatternGetPatternItemState
                0x0000000080003a6a       0xf8 outputs/Output/sip.a(fbl_nvpattern.o)
 .text.FblNvPatternGetBaseAddrByBlockDescriptor
                0x0000000080003b62       0xf6 outputs/Output/sip.a(fbl_nvpattern.o)
                0x0000000080003b62                FblNvPatternGetBaseAddrByBlockDescriptor
 .text.FblNvPatternGetPatternState
                0x0000000080003c58       0xc2 outputs/Output/sip.a(fbl_nvpattern.o)
                0x0000000080003c58                FblNvPatternGetPatternState
 .text.FblNvPatternGetByBlockDescriptor
                0x0000000080003d1a       0x1c outputs/Output/sip.a(fbl_nvpattern.o)
                0x0000000080003d1a                FblNvPatternGetByBlockDescriptor
 .text.FblNvPatternGet
                0x0000000080003d36       0x18 outputs/Output/sip.a(fbl_nvpattern.o)
                0x0000000080003d36                FblNvPatternGet
                0x0000000080003d4d                _text_END = ABSOLUTE ((. - 0x1))
                0x0000000080003d4e                _text_LIMIT = ABSOLUTE (.)

.text_vle       memory region -> BmRomArea
                0x0000000080003d4e        0x0
                0x0000000080003d4e                _text_vle_START = ABSOLUTE (.)
 *(*.text_vle)
 *(.text_vle.*)
                0x0000000080003d4d                _text_vle_END = ABSOLUTE ((. - 0x1))
                0x0000000080003d4e                _text_vle_LIMIT = ABSOLUTE (.)

.zrodata        memory region -> BmRomArea
                0x0000000080003d4e        0x0
                0x0000000080003d4e                _zrodata_START = ABSOLUTE (.)
 *(*.zrodata)
 *(.zrodata.*)
                0x0000000080003d4d                _zrodata_END = ABSOLUTE ((. - 0x1))
                0x0000000080003d4e                _zrodata_LIMIT = ABSOLUTE (.)
                0x00000000800012e8                _Const_Default_ALL_START = _rodata_START
                0x0000000080003d4d                _Const_Default_ALL_END = _zrodata_END
                0x0000000080003d4e                _Const_Default_ALL_LIMIT = _zrodata_LIMIT

.bss            memory region -> RamDsprCpu0_LLDAppl_Data_Bss
                0x000000007001f820      0x130
                0x000000007001f820                _bss_START = ABSOLUTE (.)
 *(*.bss)
 .bss           0x000000007001f820       0x80 outputs/Output/sip.a(bm_main.o)
 .bss           0x000000007001f8a0        0x8 outputs/Output/sip.a(fbl_wd.o)
                0x000000007001f8a0                WDTimer
                0x000000007001f8a1                WDInitFlag
                0x000000007001f8a2                P2Timer
 .bss           0x000000007001f8a8       0x18 outputs/Output/sip.a(fbl_mio.o)
                0x000000007001f8ba                memSegment
                0x000000007001f8bc                memDrvFunctionActive
                0x000000007001f8bd                memDrvDeviceActive
 .bss           0x000000007001f8c0        0x8 outputs/Output/sip.a(fbl_hw.o)
                0x000000007001f8c0                fblCurrentCmpValue
                0x000000007001f8c4                fblCurrentTimer
 .bss           0x000000007001f8c8       0x18 outputs/Output/sip.a(fbl_lbt_access.o)
 .bss           0x000000007001f8e0       0x48 outputs/Output/sip.a(fbl_flio.o)
 .bss           0x000000007001f928       0x28 outputs/Output/sip.a(fbl_nvpattern.o)
 *(.bss.*)
 *(COMMON)
                0x000000007001f950                . = ALIGN (0x4)
                0x000000007001f94f                _bss_END = ABSOLUTE ((. - 0x1))
                0x000000007001f950                _bss_LIMIT = ABSOLUTE (.)

.data           memory region -> RamDsprCpu0_LLDAppl_Data_Bss
                0x000000007001f950        0x0 load address 0x0000000080003d50
                0x000000007001f950                _data_START = ABSOLUTE (.)
 *(*.data)
 *(.data.*)
                0x000000007001f950                . = ALIGN (0x4)
                0x000000007001f94f                _data_END = ABSOLUTE ((. - 0x1))
                0x000000007001f950                _data_LIMIT = ABSOLUTE (.)
                0x0000000080003d50                _data_ROM_START = LOADADDR (.data)
                0x0000000080003d50                _data_ROM_LIMIT = (LOADADDR (.data) + SIZEOF (.data))

.sbss           memory region -> RamDsprCpu0_LLDAppl_Data_Bss
                0x000000007001f950        0x0 load address 0x0000000080003d50
                0x000000007001f950                _sbss_START = ABSOLUTE (.)
 *(*.sbss)
 *(.sbss.*)
                0x000000007001f950                . = ALIGN (0x4)
                0x000000007001f94f                _sbss_END = ABSOLUTE ((. - 0x1))
                0x000000007001f950                _sbss_LIMIT = ABSOLUTE (.)

.sdata          memory region -> RamDsprCpu0_LLDAppl_Data_Bss
                0x000000007001f950        0x0 load address 0x0000000080003d50
                0x000000007001f950                _sdata_START = ABSOLUTE (.)
 *(*.sdata)
 *(.sdata.*)
                0x000000007001f950                . = ALIGN (0x4)
                0x000000007001f94f                _sdata_END = ABSOLUTE ((. - 0x1))
                0x000000007001f950                _sdata_LIMIT = ABSOLUTE (.)
                0x0000000080003d50                _sdata_ROM_START = LOADADDR (.sdata)
                0x0000000080003d50                _sdata_ROM_LIMIT = (LOADADDR (.sdata) + SIZEOF (.sdata))

.zbss           memory region -> RamDsprCpu0_LLDAppl_Data_Bss
                0x000000007001f950        0x0 load address 0x0000000080003d50
                0x000000007001f950                _zbss_START = ABSOLUTE (.)
 *(*.zbss)
 *(.zbss.*)
                0x000000007001f950                . = ALIGN (0x4)
                0x000000007001f94f                _zbss_END = ABSOLUTE ((. - 0x1))
                0x000000007001f950                _zbss_LIMIT = ABSOLUTE (.)

.zdata          memory region -> RamDsprCpu0_LLDAppl_Data_Bss
                0x000000007001f950        0x0 load address 0x0000000080003d50
                0x000000007001f950                _zdata_START = ABSOLUTE (.)
 *(*.zdata)
 *(.zdata.*)
                0x000000007001f950                . = ALIGN (0x4)
                0x000000007001f94f                _zdata_END = ABSOLUTE ((. - 0x1))
                0x000000007001f950                _zdata_LIMIT = ABSOLUTE (.)
                0x0000000080003d50                _zdata_ROM_START = LOADADDR (.zdata)
                0x0000000080003d50                _zdata_ROM_LIMIT = (LOADADDR (.zdata) + SIZEOF (.zdata))
                0x000000007001f820                _Data_Default_ALL_START = _bss_START
                0x000000007001f94f                _Data_Default_ALL_END = _zdata_END
                0x000000007001f950                _Data_Default_ALL_LIMIT = _zdata_LIMIT
LOAD outputs/Output/BrsHwStartup.o
LOAD outputs/Output/software_version.o
START GROUP
LOAD outputs/Output/sip.a
LOAD outputs/Output/btxhappl.a
LOAD outputs/Output/gendata.a
LOAD outputs/Output/mcal.a
LOAD bsw/SecMod/libSecMod.a
LOAD /home/user/ToolChain/gnutri_v4.9.4.1-11fcedf-lin64/lib/gcc/tricore/4.9.4/tc162/libgcc.a
END GROUP
OUTPUT(outputs/Output/fss_btxh.elf elf32-tricore)

.debug_frame    memory region -> *default*
                0x0000000000000000      0xd50
 .debug_frame   0x0000000000000000       0x20 outputs/Output/BrsHwStartup.o
 .debug_frame   0x0000000000000020      0x198 outputs/Output/btxhappl.a(BrsHw.o)
 .debug_frame   0x00000000000001b8       0x68 outputs/Output/btxhappl.a(BrsMainStartup.o)
 .debug_frame   0x0000000000000220       0x80 outputs/Output/btxhappl.a(BrsMain_Callout_Stubs.o)
 .debug_frame   0x00000000000002a0       0x60 outputs/Output/btxhappl.a(BrsMain.o)
 .debug_frame   0x0000000000000300       0x20 outputs/Output/btxhappl.a(BrsMain_Appl.o)
 .debug_frame   0x0000000000000320       0x90 outputs/Output/btxhappl.a(EcuM.o)
 .debug_frame   0x00000000000003b0      0x158 outputs/Output/sip.a(bm_main.o)
 .debug_frame   0x0000000000000508       0x88 outputs/Output/sip.a(fbl_fsm.o)
 .debug_frame   0x0000000000000590       0x40 outputs/Output/sip.a(fbl_wd.o)
 .debug_frame   0x00000000000005d0       0xe8 outputs/Output/sip.a(fbl_mio.o)
 .debug_frame   0x00000000000006b8       0xc8 outputs/Output/sip.a(fbl_hw.o)
 .debug_frame   0x0000000000000780      0x230 outputs/Output/sip.a(fbl_lbt_access.o)
 .debug_frame   0x00000000000009b0       0x48 outputs/Output/sip.a(bm_hdr.o)
 .debug_frame   0x00000000000009f8       0x50 outputs/Output/btxhappl.a(fbl_apwd.o)
 .debug_frame   0x0000000000000a48       0xe8 outputs/Output/btxhappl.a(bm_ap.o)
 .debug_frame   0x0000000000000b30       0xc0 outputs/Output/sip.a(fbl_flio.o)
 .debug_frame   0x0000000000000bf0       0x60 outputs/Output/sip.a(fbl_ramio.o)
 .debug_frame   0x0000000000000c50      0x100 outputs/Output/sip.a(fbl_nvpattern.o)

.debug_info     memory region -> *default*
                0x0000000000000000    0x12693
 .debug_info    0x0000000000000000      0x85f outputs/Output/BrsHwStartup.o
 .debug_info    0x000000000000085f      0x1e2 outputs/Output/software_version.o
 .debug_info    0x0000000000000a41     0x2a5a outputs/Output/btxhappl.a(BrsHw.o)
 .debug_info    0x000000000000349b      0x98c outputs/Output/btxhappl.a(BrsMainStartup.o)
 .debug_info    0x0000000000003e27      0x42c outputs/Output/btxhappl.a(BrsMain_Callout_Stubs.o)
 .debug_info    0x0000000000004253      0x4f3 outputs/Output/btxhappl.a(BrsMain.o)
 .debug_info    0x0000000000004746      0x22c outputs/Output/btxhappl.a(BrsMain_Appl.o)
 .debug_info    0x0000000000004972      0x3fe outputs/Output/btxhappl.a(EcuM.o)
 .debug_info    0x0000000000004d70      0x39c outputs/Output/gendata.a(vBrs_Lcfg.o)
 .debug_info    0x000000000000510c      0xc5e outputs/Output/gendata.a(vLinkGen_Lcfg.o)
 .debug_info    0x0000000000005d6a     0x2c66 outputs/Output/sip.a(bm_main.o)
 .debug_info    0x00000000000089d0      0x9db outputs/Output/sip.a(fbl_fsm.o)
 .debug_info    0x00000000000093ab      0x3ba outputs/Output/sip.a(fbl_wd.o)
 .debug_info    0x0000000000009765      0xf46 outputs/Output/sip.a(fbl_mio.o)
 .debug_info    0x000000000000a6ab      0x9e6 outputs/Output/sip.a(fbl_hw.o)
 .debug_info    0x000000000000b091     0x1407 outputs/Output/sip.a(fbl_lbt_access.o)
 .debug_info    0x000000000000c498      0xa88 outputs/Output/sip.a(bm_hdr.o)
 .debug_info    0x000000000000cf20      0x263 outputs/Output/sip.a(bm_shared.o)
 .debug_info    0x000000000000d183      0x2de outputs/Output/btxhappl.a(fbl_apwd.o)
 .debug_info    0x000000000000d461     0x1184 outputs/Output/btxhappl.a(bm_ap.o)
 .debug_info    0x000000000000e5e5      0x579 outputs/Output/gendata.a(Fbl_Fbt.o)
 .debug_info    0x000000000000eb5e      0x52b outputs/Output/gendata.a(Fbl_Lbt.o)
 .debug_info    0x000000000000f089      0x3f4 outputs/Output/gendata.a(FblBm_Lcfg.o)
 .debug_info    0x000000000000f47d     0x1692 outputs/Output/sip.a(fbl_flio.o)
 .debug_info    0x0000000000010b0f      0x6ba outputs/Output/sip.a(fbl_ramio.o)
 .debug_info    0x00000000000111c9     0x14ca outputs/Output/sip.a(fbl_nvpattern.o)

.debug_abbrev   memory region -> *default*
                0x0000000000000000     0x2684
 .debug_abbrev  0x0000000000000000      0x223 outputs/Output/BrsHwStartup.o
 .debug_abbrev  0x0000000000000223       0x48 outputs/Output/software_version.o
 .debug_abbrev  0x000000000000026b      0x2cc outputs/Output/btxhappl.a(BrsHw.o)
 .debug_abbrev  0x0000000000000537      0x186 outputs/Output/btxhappl.a(BrsMainStartup.o)
 .debug_abbrev  0x00000000000006bd       0x9d outputs/Output/btxhappl.a(BrsMain_Callout_Stubs.o)
 .debug_abbrev  0x000000000000075a      0x17b outputs/Output/btxhappl.a(BrsMain.o)
 .debug_abbrev  0x00000000000008d5       0x3c outputs/Output/btxhappl.a(BrsMain_Appl.o)
 .debug_abbrev  0x0000000000000911       0x9d outputs/Output/btxhappl.a(EcuM.o)
 .debug_abbrev  0x00000000000009ae       0xa6 outputs/Output/gendata.a(vBrs_Lcfg.o)
 .debug_abbrev  0x0000000000000a54       0xb0 outputs/Output/gendata.a(vLinkGen_Lcfg.o)
 .debug_abbrev  0x0000000000000b04      0x29a outputs/Output/sip.a(bm_main.o)
 .debug_abbrev  0x0000000000000d9e      0x272 outputs/Output/sip.a(fbl_fsm.o)
 .debug_abbrev  0x0000000000001010       0xc1 outputs/Output/sip.a(fbl_wd.o)
 .debug_abbrev  0x00000000000010d1      0x279 outputs/Output/sip.a(fbl_mio.o)
 .debug_abbrev  0x000000000000134a      0x2c4 outputs/Output/sip.a(fbl_hw.o)
 .debug_abbrev  0x000000000000160e      0x2a3 outputs/Output/sip.a(fbl_lbt_access.o)
 .debug_abbrev  0x00000000000018b1      0x1d0 outputs/Output/sip.a(bm_hdr.o)
 .debug_abbrev  0x0000000000001a81       0x55 outputs/Output/sip.a(bm_shared.o)
 .debug_abbrev  0x0000000000001ad6       0x7f outputs/Output/btxhappl.a(fbl_apwd.o)
 .debug_abbrev  0x0000000000001b55      0x266 outputs/Output/btxhappl.a(bm_ap.o)
 .debug_abbrev  0x0000000000001dbb       0xa2 outputs/Output/gendata.a(Fbl_Fbt.o)
 .debug_abbrev  0x0000000000001e5d       0x90 outputs/Output/gendata.a(Fbl_Lbt.o)
 .debug_abbrev  0x0000000000001eed       0x9d outputs/Output/gendata.a(FblBm_Lcfg.o)
 .debug_abbrev  0x0000000000001f8a      0x33e outputs/Output/sip.a(fbl_flio.o)
 .debug_abbrev  0x00000000000022c8      0x1af outputs/Output/sip.a(fbl_ramio.o)
 .debug_abbrev  0x0000000000002477      0x20d outputs/Output/sip.a(fbl_nvpattern.o)

.debug_loc      memory region -> *default*
                0x0000000000000000     0x47f0
 .debug_loc     0x0000000000000000      0x2d9 outputs/Output/BrsHwStartup.o
 .debug_loc     0x00000000000002d9      0x37f outputs/Output/btxhappl.a(BrsHw.o)
 .debug_loc     0x0000000000000658      0x10e outputs/Output/btxhappl.a(BrsMainStartup.o)
 .debug_loc     0x0000000000000766       0x21 outputs/Output/btxhappl.a(BrsMain_Callout_Stubs.o)
 .debug_loc     0x0000000000000787       0x1e outputs/Output/btxhappl.a(BrsMain.o)
 .debug_loc     0x00000000000007a5      0x64c outputs/Output/sip.a(bm_main.o)
 .debug_loc     0x0000000000000df1      0x4ca outputs/Output/sip.a(fbl_fsm.o)
 .debug_loc     0x00000000000012bb       0x38 outputs/Output/sip.a(fbl_wd.o)
 .debug_loc     0x00000000000012f3      0x93f outputs/Output/sip.a(fbl_mio.o)
 .debug_loc     0x0000000000001c32      0x4db outputs/Output/sip.a(fbl_hw.o)
 .debug_loc     0x000000000000210d      0x9dd outputs/Output/sip.a(fbl_lbt_access.o)
 .debug_loc     0x0000000000002aea       0xd4 outputs/Output/sip.a(bm_hdr.o)
 .debug_loc     0x0000000000002bbe      0x14f outputs/Output/btxhappl.a(bm_ap.o)
 .debug_loc     0x0000000000002d0d      0xf30 outputs/Output/sip.a(fbl_flio.o)
 .debug_loc     0x0000000000003c3d      0x360 outputs/Output/sip.a(fbl_ramio.o)
 .debug_loc     0x0000000000003f9d      0x853 outputs/Output/sip.a(fbl_nvpattern.o)

.debug_aranges  memory region -> *default*
                0x0000000000000000      0x7c8
 .debug_aranges
                0x0000000000000000       0x20 outputs/Output/BrsHwStartup.o
 .debug_aranges
                0x0000000000000020       0x18 outputs/Output/software_version.o
 .debug_aranges
                0x0000000000000038       0xb0 outputs/Output/btxhappl.a(BrsHw.o)
 .debug_aranges
                0x00000000000000e8       0x40 outputs/Output/btxhappl.a(BrsMainStartup.o)
 .debug_aranges
                0x0000000000000128       0x50 outputs/Output/btxhappl.a(BrsMain_Callout_Stubs.o)
 .debug_aranges
                0x0000000000000178       0x38 outputs/Output/btxhappl.a(BrsMain.o)
 .debug_aranges
                0x00000000000001b0       0x20 outputs/Output/btxhappl.a(BrsMain_Appl.o)
 .debug_aranges
                0x00000000000001d0       0x58 outputs/Output/btxhappl.a(EcuM.o)
 .debug_aranges
                0x0000000000000228       0x18 outputs/Output/gendata.a(vBrs_Lcfg.o)
 .debug_aranges
                0x0000000000000240       0x18 outputs/Output/gendata.a(vLinkGen_Lcfg.o)
 .debug_aranges
                0x0000000000000258       0xb8 outputs/Output/sip.a(bm_main.o)
 .debug_aranges
                0x0000000000000310       0x50 outputs/Output/sip.a(fbl_fsm.o)
 .debug_aranges
                0x0000000000000360       0x30 outputs/Output/sip.a(fbl_wd.o)
 .debug_aranges
                0x0000000000000390       0x80 outputs/Output/sip.a(fbl_mio.o)
 .debug_aranges
                0x0000000000000410       0x70 outputs/Output/sip.a(fbl_hw.o)
 .debug_aranges
                0x0000000000000480       0xf0 outputs/Output/sip.a(fbl_lbt_access.o)
 .debug_aranges
                0x0000000000000570       0x30 outputs/Output/sip.a(bm_hdr.o)
 .debug_aranges
                0x00000000000005a0       0x18 outputs/Output/sip.a(bm_shared.o)
 .debug_aranges
                0x00000000000005b8       0x38 outputs/Output/btxhappl.a(fbl_apwd.o)
 .debug_aranges
                0x00000000000005f0       0x78 outputs/Output/btxhappl.a(bm_ap.o)
 .debug_aranges
                0x0000000000000668       0x18 outputs/Output/gendata.a(Fbl_Fbt.o)
 .debug_aranges
                0x0000000000000680       0x18 outputs/Output/gendata.a(Fbl_Lbt.o)
 .debug_aranges
                0x0000000000000698       0x18 outputs/Output/gendata.a(FblBm_Lcfg.o)
 .debug_aranges
                0x00000000000006b0       0x68 outputs/Output/sip.a(fbl_flio.o)
 .debug_aranges
                0x0000000000000718       0x40 outputs/Output/sip.a(fbl_ramio.o)
 .debug_aranges
                0x0000000000000758       0x70 outputs/Output/sip.a(fbl_nvpattern.o)

.debug_ranges   memory region -> *default*
                0x0000000000000000      0x770
 .debug_ranges  0x0000000000000000       0x10 outputs/Output/BrsHwStartup.o
 .debug_ranges  0x0000000000000010       0xa0 outputs/Output/btxhappl.a(BrsHw.o)
 .debug_ranges  0x00000000000000b0       0x30 outputs/Output/btxhappl.a(BrsMainStartup.o)
 .debug_ranges  0x00000000000000e0       0x40 outputs/Output/btxhappl.a(BrsMain_Callout_Stubs.o)
 .debug_ranges  0x0000000000000120       0x28 outputs/Output/btxhappl.a(BrsMain.o)
 .debug_ranges  0x0000000000000148       0x10 outputs/Output/btxhappl.a(BrsMain_Appl.o)
 .debug_ranges  0x0000000000000158       0x48 outputs/Output/btxhappl.a(EcuM.o)
 .debug_ranges  0x00000000000001a0       0xa8 outputs/Output/sip.a(bm_main.o)
 .debug_ranges  0x0000000000000248       0x58 outputs/Output/sip.a(fbl_fsm.o)
 .debug_ranges  0x00000000000002a0       0x20 outputs/Output/sip.a(fbl_wd.o)
 .debug_ranges  0x00000000000002c0       0xd0 outputs/Output/sip.a(fbl_mio.o)
 .debug_ranges  0x0000000000000390       0x60 outputs/Output/sip.a(fbl_hw.o)
 .debug_ranges  0x00000000000003f0      0x148 outputs/Output/sip.a(fbl_lbt_access.o)
 .debug_ranges  0x0000000000000538       0x20 outputs/Output/sip.a(bm_hdr.o)
 .debug_ranges  0x0000000000000558       0x28 outputs/Output/btxhappl.a(fbl_apwd.o)
 .debug_ranges  0x0000000000000580       0x68 outputs/Output/btxhappl.a(bm_ap.o)
 .debug_ranges  0x00000000000005e8       0x98 outputs/Output/sip.a(fbl_flio.o)
 .debug_ranges  0x0000000000000680       0x90 outputs/Output/sip.a(fbl_ramio.o)
 .debug_ranges  0x0000000000000710       0x60 outputs/Output/sip.a(fbl_nvpattern.o)

.debug_macro    memory region -> *default*
                0x0000000000000000    0x20dfd
 .debug_macro   0x0000000000000000      0x313 outputs/Output/BrsHwStartup.o
 .debug_macro   0x0000000000000313     0x1d1c outputs/Output/BrsHwStartup.o
 .debug_macro   0x000000000000202f       0xbe outputs/Output/BrsHwStartup.o
 .debug_macro   0x00000000000020ed       0xa3 outputs/Output/BrsHwStartup.o
 .debug_macro   0x0000000000002190      0x2a1 outputs/Output/BrsHwStartup.o
 .debug_macro   0x0000000000002431     0x1b31 outputs/Output/BrsHwStartup.o
 .debug_macro   0x0000000000003f62      0x4cf outputs/Output/BrsHwStartup.o
 .debug_macro   0x0000000000004431      0x4ca outputs/Output/BrsHwStartup.o
 .debug_macro   0x00000000000048fb      0x30c outputs/Output/BrsHwStartup.o
 .debug_macro   0x0000000000004c07      0x8c0 outputs/Output/BrsHwStartup.o
 .debug_macro   0x00000000000054c7      0x2b2 outputs/Output/BrsHwStartup.o
 .debug_macro   0x0000000000005779      0x5ab outputs/Output/BrsHwStartup.o
 .debug_macro   0x0000000000005d24       0xf5 outputs/Output/BrsHwStartup.o
 .debug_macro   0x0000000000005e19      0x2e6 outputs/Output/BrsHwStartup.o
 .debug_macro   0x00000000000060ff       0x58 outputs/Output/BrsHwStartup.o
 .debug_macro   0x0000000000006157      0x359 outputs/Output/BrsHwStartup.o
 .debug_macro   0x00000000000064b0      0x2db outputs/Output/BrsHwStartup.o
 .debug_macro   0x000000000000678b       0x48 outputs/Output/BrsHwStartup.o
 .debug_macro   0x00000000000067d3       0x47 outputs/Output/BrsHwStartup.o
 .debug_macro   0x000000000000681a       0x46 outputs/Output/BrsHwStartup.o
 .debug_macro   0x0000000000006860       0x45 outputs/Output/BrsHwStartup.o
 .debug_macro   0x00000000000068a5      0x1bb outputs/Output/BrsHwStartup.o
 .debug_macro   0x0000000000006a60      0x3fc outputs/Output/BrsHwStartup.o
 .debug_macro   0x0000000000006e5c      0x89a outputs/Output/BrsHwStartup.o
 .debug_macro   0x00000000000076f6       0x55 outputs/Output/BrsHwStartup.o
 .debug_macro   0x000000000000774b      0x2a4 outputs/Output/BrsHwStartup.o
 .debug_macro   0x00000000000079ef       0x1a outputs/Output/software_version.o
 .debug_macro   0x0000000000007a09     0x1105 outputs/Output/btxhappl.a(BrsHw.o)
 .debug_macro   0x0000000000008b0e      0x125 outputs/Output/btxhappl.a(BrsHw.o)
 .debug_macro   0x0000000000008c33       0x47 outputs/Output/btxhappl.a(BrsHw.o)
 .debug_macro   0x0000000000008c7a       0x46 outputs/Output/btxhappl.a(BrsHw.o)
 .debug_macro   0x0000000000008cc0      0x3af outputs/Output/btxhappl.a(BrsMainStartup.o)
 .debug_macro   0x000000000000906f       0x48 outputs/Output/btxhappl.a(BrsMainStartup.o)
 .debug_macro   0x00000000000090b7       0x47 outputs/Output/btxhappl.a(BrsMainStartup.o)
 .debug_macro   0x00000000000090fe      0x27e outputs/Output/btxhappl.a(BrsMain_Callout_Stubs.o)
 .debug_macro   0x000000000000937c      0x306 outputs/Output/btxhappl.a(BrsMain.o)
 .debug_macro   0x0000000000009682      0x2a6 outputs/Output/btxhappl.a(BrsMain_Appl.o)
 .debug_macro   0x0000000000009928       0xa0 outputs/Output/btxhappl.a(EcuM.o)
 .debug_macro   0x00000000000099c8      0x33f outputs/Output/btxhappl.a(EcuM.o)
 .debug_macro   0x0000000000009d07      0x296 outputs/Output/gendata.a(vBrs_Lcfg.o)
 .debug_macro   0x0000000000009f9d      0x31b outputs/Output/gendata.a(vBrs_Lcfg.o)
 .debug_macro   0x000000000000a2b8       0xae outputs/Output/gendata.a(vLinkGen_Lcfg.o)
 .debug_macro   0x000000000000a366      0xce6 outputs/Output/sip.a(bm_main.o)
 .debug_macro   0x000000000000b04c       0x49 outputs/Output/sip.a(bm_main.o)
 .debug_macro   0x000000000000b095      0x629 outputs/Output/sip.a(bm_main.o)
 .debug_macro   0x000000000000b6be       0x66 outputs/Output/sip.a(bm_main.o)
 .debug_macro   0x000000000000b724      0x42c outputs/Output/sip.a(bm_main.o)
 .debug_macro   0x000000000000bb50      0x3e1 outputs/Output/sip.a(bm_main.o)
 .debug_macro   0x000000000000bf31      0x1a4 outputs/Output/sip.a(bm_main.o)
 .debug_macro   0x000000000000c0d5      0x149 outputs/Output/sip.a(bm_main.o)
 .debug_macro   0x000000000000c21e      0x19b outputs/Output/sip.a(bm_main.o)
 .debug_macro   0x000000000000c3b9      0xc65 outputs/Output/sip.a(bm_main.o)
 .debug_macro   0x000000000000d01e      0x45f outputs/Output/sip.a(bm_main.o)
 .debug_macro   0x000000000000d47d       0x71 outputs/Output/sip.a(bm_main.o)
 .debug_macro   0x000000000000d4ee       0x45 outputs/Output/sip.a(bm_main.o)
 .debug_macro   0x000000000000d533       0x44 outputs/Output/sip.a(bm_main.o)
 .debug_macro   0x000000000000d577     0x11c5 outputs/Output/sip.a(bm_main.o)
 .debug_macro   0x000000000000e73c       0x47 outputs/Output/sip.a(bm_main.o)
 .debug_macro   0x000000000000e783       0x46 outputs/Output/sip.a(bm_main.o)
 .debug_macro   0x000000000000e7c9      0x204 outputs/Output/sip.a(bm_main.o)
 .debug_macro   0x000000000000e9cd      0x18c outputs/Output/sip.a(bm_main.o)
 .debug_macro   0x000000000000eb59       0x43 outputs/Output/sip.a(bm_main.o)
 .debug_macro   0x000000000000eb9c       0x42 outputs/Output/sip.a(bm_main.o)
 .debug_macro   0x000000000000ebde       0x49 outputs/Output/sip.a(bm_main.o)
 .debug_macro   0x000000000000ec27       0x48 outputs/Output/sip.a(bm_main.o)
 .debug_macro   0x000000000000ec6f       0x4c outputs/Output/sip.a(bm_main.o)
 .debug_macro   0x000000000000ecbb       0x4b outputs/Output/sip.a(bm_main.o)
 .debug_macro   0x000000000000ed06       0x3c outputs/Output/sip.a(bm_main.o)
 .debug_macro   0x000000000000ed42       0xdd outputs/Output/sip.a(bm_main.o)
 .debug_macro   0x000000000000ee1f      0x579 outputs/Output/sip.a(bm_main.o)
 .debug_macro   0x000000000000f398       0x45 outputs/Output/sip.a(bm_main.o)
 .debug_macro   0x000000000000f3dd       0x44 outputs/Output/sip.a(bm_main.o)
 .debug_macro   0x000000000000f421       0x44 outputs/Output/sip.a(bm_main.o)
 .debug_macro   0x000000000000f465       0x43 outputs/Output/sip.a(bm_main.o)
 .debug_macro   0x000000000000f4a8       0xae outputs/Output/sip.a(bm_main.o)
 .debug_macro   0x000000000000f556       0x46 outputs/Output/sip.a(bm_main.o)
 .debug_macro   0x000000000000f59c       0x45 outputs/Output/sip.a(bm_main.o)
 .debug_macro   0x000000000000f5e1       0x4f outputs/Output/sip.a(bm_main.o)
 .debug_macro   0x000000000000f630       0x4e outputs/Output/sip.a(bm_main.o)
 .debug_macro   0x000000000000f67e       0xe2 outputs/Output/sip.a(bm_main.o)
 .debug_macro   0x000000000000f760       0x4c outputs/Output/sip.a(bm_main.o)
 .debug_macro   0x000000000000f7ac       0x4b outputs/Output/sip.a(bm_main.o)
 .debug_macro   0x000000000000f7f7     0x10f2 outputs/Output/sip.a(bm_main.o)
 .debug_macro   0x00000000000108e9      0x704 outputs/Output/sip.a(bm_main.o)
 .debug_macro   0x0000000000010fed       0xc6 outputs/Output/sip.a(bm_main.o)
 .debug_macro   0x00000000000110b3      0x52c outputs/Output/sip.a(bm_main.o)
 .debug_macro   0x00000000000115df       0x59 outputs/Output/sip.a(bm_main.o)
 .debug_macro   0x0000000000011638      0xe13 outputs/Output/sip.a(bm_main.o)
 .debug_macro   0x000000000001244b       0x4c outputs/Output/sip.a(bm_main.o)
 .debug_macro   0x0000000000012497       0x4b outputs/Output/sip.a(bm_main.o)
 .debug_macro   0x00000000000124e2       0x44 outputs/Output/sip.a(bm_main.o)
 .debug_macro   0x0000000000012526       0x43 outputs/Output/sip.a(bm_main.o)
 .debug_macro   0x0000000000012569       0x45 outputs/Output/sip.a(bm_main.o)
 .debug_macro   0x00000000000125ae       0x44 outputs/Output/sip.a(bm_main.o)
 .debug_macro   0x00000000000125f2       0x43 outputs/Output/sip.a(bm_main.o)
 .debug_macro   0x0000000000012635       0x42 outputs/Output/sip.a(bm_main.o)
 .debug_macro   0x0000000000012677       0x66 outputs/Output/sip.a(bm_main.o)
 .debug_macro   0x00000000000126dd      0x12c outputs/Output/sip.a(bm_main.o)
 .debug_macro   0x0000000000012809       0x4c outputs/Output/sip.a(bm_main.o)
 .debug_macro   0x0000000000012855       0x4b outputs/Output/sip.a(bm_main.o)
 .debug_macro   0x00000000000128a0       0x54 outputs/Output/sip.a(bm_main.o)
 .debug_macro   0x00000000000128f4       0x4b outputs/Output/sip.a(bm_main.o)
 .debug_macro   0x000000000001293f       0x4a outputs/Output/sip.a(bm_main.o)
 .debug_macro   0x0000000000012989       0xfe outputs/Output/sip.a(bm_main.o)
 .debug_macro   0x0000000000012a87      0x272 outputs/Output/sip.a(bm_main.o)
 .debug_macro   0x0000000000012cf9       0x47 outputs/Output/sip.a(bm_main.o)
 .debug_macro   0x0000000000012d40       0x46 outputs/Output/sip.a(bm_main.o)
 .debug_macro   0x0000000000012d86       0x89 outputs/Output/sip.a(bm_main.o)
 .debug_macro   0x0000000000012e0f       0x6b outputs/Output/sip.a(bm_main.o)
 .debug_macro   0x0000000000012e7a       0x69 outputs/Output/sip.a(bm_main.o)
 .debug_macro   0x0000000000012ee3       0xb3 outputs/Output/sip.a(bm_main.o)
 .debug_macro   0x0000000000012f96      0x3b0 outputs/Output/sip.a(bm_main.o)
 .debug_macro   0x0000000000013346       0x51 outputs/Output/sip.a(bm_main.o)
 .debug_macro   0x0000000000013397       0x50 outputs/Output/sip.a(bm_main.o)
 .debug_macro   0x00000000000133e7       0x48 outputs/Output/sip.a(bm_main.o)
 .debug_macro   0x000000000001342f       0x47 outputs/Output/sip.a(bm_main.o)
 .debug_macro   0x0000000000013476       0x47 outputs/Output/sip.a(bm_main.o)
 .debug_macro   0x00000000000134bd       0x46 outputs/Output/sip.a(bm_main.o)
 .debug_macro   0x0000000000013503       0x45 outputs/Output/sip.a(bm_main.o)
 .debug_macro   0x0000000000013548       0x44 outputs/Output/sip.a(bm_main.o)
 .debug_macro   0x000000000001358c      0x855 outputs/Output/sip.a(bm_main.o)
 .debug_macro   0x0000000000013de1      0xaaf outputs/Output/sip.a(bm_main.o)
 .debug_macro   0x0000000000014890       0x59 outputs/Output/sip.a(bm_main.o)
 .debug_macro   0x00000000000148e9       0x58 outputs/Output/sip.a(bm_main.o)
 .debug_macro   0x0000000000014941      0x1cc outputs/Output/sip.a(bm_main.o)
 .debug_macro   0x0000000000014b0d       0xa0 outputs/Output/sip.a(bm_main.o)
 .debug_macro   0x0000000000014bad       0xb6 outputs/Output/sip.a(bm_main.o)
 .debug_macro   0x0000000000014c63       0x69 outputs/Output/sip.a(bm_main.o)
 .debug_macro   0x0000000000014ccc       0x4a outputs/Output/sip.a(bm_main.o)
 .debug_macro   0x0000000000014d16       0x46 outputs/Output/sip.a(bm_main.o)
 .debug_macro   0x0000000000014d5c       0x45 outputs/Output/sip.a(bm_main.o)
 .debug_macro   0x0000000000014da1      0x17e outputs/Output/sip.a(bm_main.o)
 .debug_macro   0x0000000000014f1f       0x4c outputs/Output/sip.a(bm_main.o)
 .debug_macro   0x0000000000014f6b       0x4b outputs/Output/sip.a(bm_main.o)
 .debug_macro   0x0000000000014fb6       0x44 outputs/Output/sip.a(bm_main.o)
 .debug_macro   0x0000000000014ffa       0x43 outputs/Output/sip.a(bm_main.o)
 .debug_macro   0x000000000001503d       0x4d outputs/Output/sip.a(bm_main.o)
 .debug_macro   0x000000000001508a       0x4c outputs/Output/sip.a(bm_main.o)
 .debug_macro   0x00000000000150d6       0x4e outputs/Output/sip.a(bm_main.o)
 .debug_macro   0x0000000000015124       0x4d outputs/Output/sip.a(bm_main.o)
 .debug_macro   0x0000000000015171      0x12a outputs/Output/sip.a(bm_main.o)
 .debug_macro   0x000000000001529b      0x48a outputs/Output/sip.a(bm_main.o)
 .debug_macro   0x0000000000015725       0x43 outputs/Output/sip.a(bm_main.o)
 .debug_macro   0x0000000000015768       0x42 outputs/Output/sip.a(bm_main.o)
 .debug_macro   0x00000000000157aa       0xb9 outputs/Output/sip.a(fbl_fsm.o)
 .debug_macro   0x0000000000015863      0x110 outputs/Output/sip.a(fbl_fsm.o)
 .debug_macro   0x0000000000015973      0xc28 outputs/Output/sip.a(fbl_wd.o)
 .debug_macro   0x000000000001659b      0xaf5 outputs/Output/sip.a(fbl_mio.o)
 .debug_macro   0x0000000000017090      0xc3f outputs/Output/sip.a(fbl_hw.o)
 .debug_macro   0x0000000000017ccf       0x45 outputs/Output/sip.a(fbl_hw.o)
 .debug_macro   0x0000000000017d14       0x44 outputs/Output/sip.a(fbl_hw.o)
 .debug_macro   0x0000000000017d58      0xada outputs/Output/sip.a(fbl_lbt_access.o)
 .debug_macro   0x0000000000018832       0x44 outputs/Output/sip.a(fbl_lbt_access.o)
 .debug_macro   0x0000000000018876       0x43 outputs/Output/sip.a(fbl_lbt_access.o)
 .debug_macro   0x00000000000188b9      0xa95 outputs/Output/sip.a(bm_hdr.o)
 .debug_macro   0x000000000001934e      0xaba outputs/Output/sip.a(bm_shared.o)
 .debug_macro   0x0000000000019e08      0xb52 outputs/Output/btxhappl.a(fbl_apwd.o)
 .debug_macro   0x000000000001a95a      0xd32 outputs/Output/btxhappl.a(bm_ap.o)
 .debug_macro   0x000000000001b68c      0x108 outputs/Output/btxhappl.a(bm_ap.o)
 .debug_macro   0x000000000001b794      0xa51 outputs/Output/btxhappl.a(bm_ap.o)
 .debug_macro   0x000000000001c1e5       0x45 outputs/Output/btxhappl.a(bm_ap.o)
 .debug_macro   0x000000000001c22a       0x44 outputs/Output/btxhappl.a(bm_ap.o)
 .debug_macro   0x000000000001c26e      0xa3b outputs/Output/gendata.a(Fbl_Fbt.o)
 .debug_macro   0x000000000001cca9      0xa3b outputs/Output/gendata.a(Fbl_Lbt.o)
 .debug_macro   0x000000000001d6e4      0x27f outputs/Output/gendata.a(FblBm_Lcfg.o)
 .debug_macro   0x000000000001d963     0x14da outputs/Output/sip.a(fbl_flio.o)
 .debug_macro   0x000000000001ee3d      0xb9c outputs/Output/sip.a(fbl_flio.o)
 .debug_macro   0x000000000001f9d9       0x45 outputs/Output/sip.a(fbl_flio.o)
 .debug_macro   0x000000000001fa1e       0x44 outputs/Output/sip.a(fbl_flio.o)
 .debug_macro   0x000000000001fa62       0x47 outputs/Output/sip.a(fbl_flio.o)
 .debug_macro   0x000000000001faa9       0x46 outputs/Output/sip.a(fbl_flio.o)
 .debug_macro   0x000000000001faef       0x4e outputs/Output/sip.a(fbl_flio.o)
 .debug_macro   0x000000000001fb3d       0x4d outputs/Output/sip.a(fbl_flio.o)
 .debug_macro   0x000000000001fb8a      0x3fd outputs/Output/sip.a(fbl_ramio.o)
 .debug_macro   0x000000000001ff87       0xeb outputs/Output/sip.a(fbl_ramio.o)
 .debug_macro   0x0000000000020072      0xcf8 outputs/Output/sip.a(fbl_nvpattern.o)
 .debug_macro   0x0000000000020d6a       0x4a outputs/Output/sip.a(fbl_nvpattern.o)
 .debug_macro   0x0000000000020db4       0x49 outputs/Output/sip.a(fbl_nvpattern.o)

.debug_line     memory region -> *default*
                0x0000000000000000     0x656a
 .debug_line    0x0000000000000000      0x2df outputs/Output/BrsHwStartup.o
 .debug_line    0x00000000000002df       0x95 outputs/Output/software_version.o
 .debug_line    0x0000000000000374      0xaa4 outputs/Output/btxhappl.a(BrsHw.o)
 .debug_line    0x0000000000000e18      0x2ca outputs/Output/btxhappl.a(BrsMainStartup.o)
 .debug_line    0x00000000000010e2      0x28e outputs/Output/btxhappl.a(BrsMain_Callout_Stubs.o)
 .debug_line    0x0000000000001370      0x291 outputs/Output/btxhappl.a(BrsMain.o)
 .debug_line    0x0000000000001601      0x234 outputs/Output/btxhappl.a(BrsMain_Appl.o)
 .debug_line    0x0000000000001835      0x194 outputs/Output/btxhappl.a(EcuM.o)
 .debug_line    0x00000000000019c9      0x210 outputs/Output/gendata.a(vBrs_Lcfg.o)
 .debug_line    0x0000000000001bd9      0x108 outputs/Output/gendata.a(vLinkGen_Lcfg.o)
 .debug_line    0x0000000000001ce1      0x68b outputs/Output/sip.a(bm_main.o)
 .debug_line    0x000000000000236c      0x274 outputs/Output/sip.a(fbl_fsm.o)
 .debug_line    0x00000000000025e0      0x447 outputs/Output/sip.a(fbl_wd.o)
 .debug_line    0x0000000000002a27      0x587 outputs/Output/sip.a(fbl_mio.o)
 .debug_line    0x0000000000002fae      0x48d outputs/Output/sip.a(fbl_hw.o)
 .debug_line    0x000000000000343b      0x6b7 outputs/Output/sip.a(fbl_lbt_access.o)
 .debug_line    0x0000000000003af2      0x442 outputs/Output/sip.a(bm_hdr.o)
 .debug_line    0x0000000000003f34      0x3e5 outputs/Output/sip.a(bm_shared.o)
 .debug_line    0x0000000000004319      0x434 outputs/Output/btxhappl.a(fbl_apwd.o)
 .debug_line    0x000000000000474d      0x5d2 outputs/Output/btxhappl.a(bm_ap.o)
 .debug_line    0x0000000000004d1f      0x3e3 outputs/Output/gendata.a(Fbl_Fbt.o)
 .debug_line    0x0000000000005102      0x3e3 outputs/Output/gendata.a(Fbl_Lbt.o)
 .debug_line    0x00000000000054e5      0x1ab outputs/Output/gendata.a(FblBm_Lcfg.o)
 .debug_line    0x0000000000005690      0x680 outputs/Output/sip.a(fbl_flio.o)
 .debug_line    0x0000000000005d10      0x299 outputs/Output/sip.a(fbl_ramio.o)
 .debug_line    0x0000000000005fa9      0x5c1 outputs/Output/sip.a(fbl_nvpattern.o)

.debug_str      memory region -> *default*
                0x0000000000000000      0x3aa
 .debug_str     0x0000000000000000        0xa outputs/Output/BrsHwStartup.o
 .debug_str     0x000000000000000a        0x0 outputs/Output/software_version.o
 .debug_str     0x000000000000000a       0x29 outputs/Output/btxhappl.a(BrsHw.o)
 .debug_str     0x0000000000000033        0xa outputs/Output/btxhappl.a(BrsMainStartup.o)
 .debug_str     0x000000000000003d        0x7 outputs/Output/btxhappl.a(BrsMain_Callout_Stubs.o)
 .debug_str     0x0000000000000044        0x0 outputs/Output/btxhappl.a(BrsMain.o)
 .debug_str     0x0000000000000044        0x0 outputs/Output/btxhappl.a(BrsMain_Appl.o)
 .debug_str     0x0000000000000044       0x16 outputs/Output/btxhappl.a(EcuM.o)
 .debug_str     0x000000000000005a        0x0 outputs/Output/gendata.a(vBrs_Lcfg.o)
 .debug_str     0x000000000000005a        0xa outputs/Output/gendata.a(vLinkGen_Lcfg.o)
 .debug_str     0x0000000000000064       0x40 outputs/Output/sip.a(bm_main.o)
 .debug_str     0x00000000000000a4       0x32 outputs/Output/sip.a(fbl_fsm.o)
 .debug_str     0x00000000000000d6        0x0 outputs/Output/sip.a(fbl_wd.o)
 .debug_str     0x00000000000000d6       0x56 outputs/Output/sip.a(fbl_mio.o)
 .debug_str     0x000000000000012c       0x26 outputs/Output/sip.a(fbl_hw.o)
 .debug_str     0x0000000000000152       0xbc outputs/Output/sip.a(fbl_lbt_access.o)
 .debug_str     0x000000000000020e       0x45 outputs/Output/sip.a(bm_hdr.o)
 .debug_str     0x0000000000000253        0x0 outputs/Output/sip.a(bm_shared.o)
 .debug_str     0x0000000000000253        0x0 outputs/Output/btxhappl.a(fbl_apwd.o)
 .debug_str     0x0000000000000253       0x22 outputs/Output/btxhappl.a(bm_ap.o)
 .debug_str     0x0000000000000275        0x0 outputs/Output/gendata.a(Fbl_Fbt.o)
 .debug_str     0x0000000000000275        0x0 outputs/Output/gendata.a(Fbl_Lbt.o)
 .debug_str     0x0000000000000275        0x0 outputs/Output/gendata.a(FblBm_Lcfg.o)
 .debug_str     0x0000000000000275       0x78 outputs/Output/sip.a(fbl_flio.o)
 .debug_str     0x00000000000002ed       0x16 outputs/Output/sip.a(fbl_ramio.o)
 .debug_str     0x0000000000000303       0xa7 outputs/Output/sip.a(fbl_nvpattern.o)

.comment        memory region -> *default*
                0x0000000000000000       0x46
 .comment       0x0000000000000000       0x46 outputs/Output/BrsHwStartup.o
                                         0x47 (size before relaxing)
 .comment       0x0000000000000000       0x47 outputs/Output/software_version.o
 .comment       0x0000000000000000       0x47 outputs/Output/btxhappl.a(BrsHw.o)
 .comment       0x0000000000000000       0x47 outputs/Output/btxhappl.a(BrsMainStartup.o)
 .comment       0x0000000000000000       0x47 outputs/Output/btxhappl.a(BrsMain_Callout_Stubs.o)
 .comment       0x0000000000000000       0x47 outputs/Output/btxhappl.a(BrsMain.o)
 .comment       0x0000000000000000       0x47 outputs/Output/btxhappl.a(BrsMain_Appl.o)
 .comment       0x0000000000000000       0x47 outputs/Output/btxhappl.a(EcuM.o)
 .comment       0x0000000000000000       0x47 outputs/Output/gendata.a(vBrs_Lcfg.o)
 .comment       0x0000000000000000       0x47 outputs/Output/gendata.a(vLinkGen_Lcfg.o)
 .comment       0x0000000000000000       0x47 outputs/Output/sip.a(bm_main.o)
 .comment       0x0000000000000000       0x47 outputs/Output/sip.a(fbl_fsm.o)
 .comment       0x0000000000000000       0x47 outputs/Output/sip.a(fbl_wd.o)
 .comment       0x0000000000000000       0x47 outputs/Output/sip.a(fbl_mio.o)
 .comment       0x0000000000000000       0x47 outputs/Output/sip.a(fbl_hw.o)
 .comment       0x0000000000000000       0x47 outputs/Output/sip.a(fbl_lbt_access.o)
 .comment       0x0000000000000000       0x47 outputs/Output/sip.a(bm_hdr.o)
 .comment       0x0000000000000000       0x47 outputs/Output/sip.a(bm_shared.o)
 .comment       0x0000000000000000       0x47 outputs/Output/btxhappl.a(fbl_apwd.o)
 .comment       0x0000000000000000       0x47 outputs/Output/btxhappl.a(bm_ap.o)
 .comment       0x0000000000000000       0x47 outputs/Output/gendata.a(Fbl_Fbt.o)
 .comment       0x0000000000000000       0x47 outputs/Output/gendata.a(Fbl_Lbt.o)
 .comment       0x0000000000000000       0x47 outputs/Output/gendata.a(FblBm_Lcfg.o)
 .comment       0x0000000000000000       0x47 outputs/Output/sip.a(fbl_flio.o)
 .comment       0x0000000000000000       0x47 outputs/Output/sip.a(fbl_ramio.o)
 .comment       0x0000000000000000       0x47 outputs/Output/sip.a(fbl_nvpattern.o)

Cross Reference Table

Symbol                                            File
ApplFblBmCheckReprogFlag                          outputs/Output/btxhappl.a(bm_ap.o)
                                                  outputs/Output/sip.a(bm_main.o)
ApplFblBmCheckTargetValidity                      outputs/Output/btxhappl.a(bm_ap.o)
                                                  outputs/Output/sip.a(bm_main.o)
ApplFblBmFatalError                               outputs/Output/btxhappl.a(bm_ap.o)
                                                  outputs/Output/sip.a(bm_main.o)
ApplFblBmInitPost                                 outputs/Output/btxhappl.a(bm_ap.o)
                                                  outputs/Output/sip.a(bm_main.o)
ApplFblBmInitPre                                  outputs/Output/btxhappl.a(bm_ap.o)
                                                  outputs/Output/sip.a(bm_main.o)
ApplFblBmIsOptionalBlock                          outputs/Output/btxhappl.a(bm_ap.o)
                                                  outputs/Output/sip.a(bm_main.o)
ApplFblBmIsValidBlock                             outputs/Output/btxhappl.a(bm_ap.o)
                                                  outputs/Output/sip.a(bm_hdr.o)
                                                  outputs/Output/sip.a(bm_main.o)
ApplFblBmPowerOnPost                              outputs/Output/btxhappl.a(bm_ap.o)
                                                  outputs/Output/sip.a(bm_main.o)
ApplFblBmPowerOnPre                               outputs/Output/btxhappl.a(bm_ap.o)
                                                  outputs/Output/sip.a(bm_main.o)
ApplFblBmReset                                    outputs/Output/btxhappl.a(bm_ap.o)
                                                  outputs/Output/sip.a(bm_main.o)
ApplFblBmStartSoftware                            outputs/Output/btxhappl.a(bm_ap.o)
                                                  outputs/Output/sip.a(bm_main.o)
ApplFblFatalError                                 outputs/Output/btxhappl.a(bm_ap.o)
                                                  outputs/Output/sip.a(fbl_nvpattern.o)
                                                  outputs/Output/sip.a(fbl_flio.o)
                                                  outputs/Output/sip.a(fbl_hw.o)
                                                  outputs/Output/sip.a(bm_main.o)
ApplFblWDInit                                     outputs/Output/btxhappl.a(fbl_apwd.o)
                                                  outputs/Output/sip.a(fbl_wd.o)
ApplFblWDLong                                     outputs/Output/btxhappl.a(fbl_apwd.o)
                                                  outputs/Output/sip.a(bm_main.o)
ApplFblWDShort                                    outputs/Output/btxhappl.a(fbl_apwd.o)
ApplFblWDTrigger                                  outputs/Output/btxhappl.a(fbl_apwd.o)
                                                  outputs/Output/sip.a(fbl_wd.o)
ApplStart                                         outputs/Output/sip.a(bm_main.o)
BRSHW_PORT_CONF_CAN                               outputs/Output/btxhappl.a(BrsHw.o)
BRSHW_PORT_CONF_ETHERNET                          outputs/Output/btxhappl.a(BrsHw.o)
BRSHW_PORT_CONF_SHARPEDGE                         outputs/Output/btxhappl.a(BrsHw.o)
BrsHwDisableEccErrorReporting                     outputs/Output/btxhappl.a(BrsHw.o)
                                                  outputs/Output/btxhappl.a(BrsMain.o)
BrsHwDisableInterruptAtPowerOn                    outputs/Output/btxhappl.a(BrsHw.o)
                                                  outputs/Output/btxhappl.a(BrsMain.o)
BrsHwGetResetReasonStartup                        outputs/Output/btxhappl.a(BrsHw.o)
                                                  outputs/Output/btxhappl.a(BrsMainStartup.o)
BrsHwInitPortConfig                               outputs/Output/btxhappl.a(BrsHw.o)
BrsHwInitPortInput                                outputs/Output/btxhappl.a(BrsHw.o)
BrsHwInitPortInputOutput                          outputs/Output/btxhappl.a(BrsHw.o)
BrsHwInitPortOutput                               outputs/Output/btxhappl.a(BrsHw.o)
BrsHwPllInitPowerOn                               outputs/Output/btxhappl.a(BrsHw.o)
                                                  outputs/Output/btxhappl.a(BrsMain_Callout_Stubs.o)
BrsHwPortInitPowerOn                              outputs/Output/btxhappl.a(BrsHw.o)
                                                  outputs/Output/btxhappl.a(BrsMain.o)
BrsHwPort_GetLevel                                outputs/Output/btxhappl.a(BrsHw.o)
BrsHwPort_SetLevel                                outputs/Output/btxhappl.a(BrsHw.o)
BrsHwSoftwareResetECU                             outputs/Output/btxhappl.a(BrsHw.o)
                                                  outputs/Output/btxhappl.a(bm_ap.o)
BrsHwTime100NOP                                   outputs/Output/btxhappl.a(BrsHw.o)
BrsHwWatchdogInitPowerOn                          outputs/Output/btxhappl.a(BrsHw.o)
                                                  outputs/Output/btxhappl.a(BrsMain_Callout_Stubs.o)
BrsHw_DisableInterrupt                            outputs/Output/btxhappl.a(BrsHw.o)
BrsHw_EnableInterrupt                             outputs/Output/btxhappl.a(BrsHw.o)
BrsHw_ExceptionTable_Init                         outputs/Output/btxhappl.a(BrsHw.o)
                                                  outputs/Output/BrsHwStartup.o
BrsHw_GetCore                                     outputs/Output/btxhappl.a(BrsHw.o)
                                                  outputs/Output/btxhappl.a(BrsMain.o)
                                                  outputs/Output/btxhappl.a(BrsMainStartup.o)
BrsHw_TriggerSoftwareInterrupt                    outputs/Output/btxhappl.a(BrsHw.o)
BrsMainExceptionHandler                           outputs/Output/btxhappl.a(BrsMain.o)
                                                  outputs/Output/btxhappl.a(BrsMainStartup.o)
BrsMainExceptionStartup                           outputs/Output/btxhappl.a(BrsMainStartup.o)
                                                  outputs/Output/BrsHwStartup.o
BrsMainGetResetReason                             outputs/Output/btxhappl.a(BrsMain.o)
BrsMainInit                                       outputs/Output/btxhappl.a(BrsMain.o)
BrsMain_Appl_Init                                 outputs/Output/btxhappl.a(BrsMain_Appl.o)
                                                  outputs/Output/btxhappl.a(BrsMain.o)
BrsMain_CoreConfig                                outputs/Output/gendata.a(vBrs_Lcfg.o)
                                                  outputs/Output/BrsHwStartup.o
BrsMain_CoreConfig_Size                           outputs/Output/gendata.a(vBrs_Lcfg.o)
                                                  outputs/Output/BrsHwStartup.o
BrsMain_MemoryInit_StageHardReset_Hook            outputs/Output/btxhappl.a(BrsMain_Callout_Stubs.o)
                                                  outputs/Output/btxhappl.a(BrsMainStartup.o)
BrsMain_MemoryInit_StageOne_Hook                  outputs/Output/btxhappl.a(BrsMain_Callout_Stubs.o)
                                                  outputs/Output/btxhappl.a(BrsMainStartup.o)
BrsMain_MemoryInit_StageThree_Hook                outputs/Output/btxhappl.a(BrsMain_Callout_Stubs.o)
                                                  outputs/Output/btxhappl.a(BrsMainStartup.o)
BrsMain_MemoryInit_StageTwo_Hook                  outputs/Output/btxhappl.a(BrsMain_Callout_Stubs.o)
                                                  outputs/Output/btxhappl.a(BrsMainStartup.o)
BrsMain_MemoryInit_StageZero_Hook                 outputs/Output/btxhappl.a(BrsMain_Callout_Stubs.o)
                                                  outputs/Output/btxhappl.a(BrsMainStartup.o)
BrsMain_PreMainHook                               outputs/Output/btxhappl.a(BrsMain_Callout_Stubs.o)
                                                  outputs/Output/btxhappl.a(BrsMainStartup.o)
BrsMain_SoftwareResetECU_Hook                     outputs/Output/btxhappl.a(BrsMain_Callout_Stubs.o)
                                                  outputs/Output/btxhappl.a(BrsHw.o)
Brs_ApplicationEntry                              outputs/Output/btxhappl.a(BrsMainStartup.o)
Brs_MemoryInit                                    outputs/Output/btxhappl.a(BrsMainStartup.o)
Brs_MemoryZeroInit                                outputs/Output/btxhappl.a(BrsMainStartup.o)
Brs_PreMainStartup                                outputs/Output/btxhappl.a(BrsMainStartup.o)
                                                  outputs/Output/BrsHwStartup.o
Brs_SizeOfbrsMain_CoreType                        outputs/Output/BrsHwStartup.o
EcuM_BswErrorHook                                 outputs/Output/btxhappl.a(EcuM.o)
EcuM_CheckWakeup                                  outputs/Output/btxhappl.a(EcuM.o)
EcuM_GeneratorCompatibilityError                  outputs/Output/btxhappl.a(EcuM.o)
EcuM_Init                                         outputs/Output/btxhappl.a(EcuM.o)
                                                  outputs/Output/btxhappl.a(BrsMain.o)
EcuM_SetWakeupEvent                               outputs/Output/btxhappl.a(EcuM.o)
EcuM_Shutdown                                     outputs/Output/btxhappl.a(EcuM.o)
EcuM_StartupTwo                                   outputs/Output/btxhappl.a(EcuM.o)
                                                  outputs/Output/sip.a(bm_main.o)
EcuM_ValidationWakeupEvent                        outputs/Output/btxhappl.a(EcuM.o)
FblBmHdrCheckConsistency                          outputs/Output/sip.a(bm_hdr.o)
FblBmHdrFindValidHeader                           outputs/Output/sip.a(bm_hdr.o)
                                                  outputs/Output/sip.a(bm_main.o)
FblBmHdrGetBmHeader                               outputs/Output/sip.a(bm_hdr.o)
                                                  outputs/Output/sip.a(bm_main.o)
FblBmHeader                                       outputs/Output/sip.a(bm_main.o)
FblBm_BootTargetList                              outputs/Output/gendata.a(FblBm_Lcfg.o)
                                                  outputs/Output/sip.a(bm_main.o)
FblFsmDeinit                                      outputs/Output/sip.a(fbl_fsm.o)
FblFsmEventHandlerDefault                         outputs/Output/sip.a(fbl_fsm.o)
                                                  outputs/Output/sip.a(bm_main.o)
FblFsmInit                                        outputs/Output/sip.a(fbl_fsm.o)
                                                  outputs/Output/sip.a(bm_main.o)
FblFsmInitPowerOn                                 outputs/Output/sip.a(fbl_fsm.o)
                                                  outputs/Output/sip.a(bm_main.o)
FblFsmStateTask                                   outputs/Output/sip.a(fbl_fsm.o)
                                                  outputs/Output/sip.a(bm_main.o)
FblFsmTriggerEvent                                outputs/Output/sip.a(fbl_fsm.o)
                                                  outputs/Output/sip.a(bm_main.o)
FblGetTimerValue                                  outputs/Output/sip.a(fbl_hw.o)
FblHwRegisterLock                                 outputs/Output/sip.a(fbl_hw.o)
                                                  outputs/Output/sip.a(fbl_flio.o)
FblHwRegisterModify                               outputs/Output/sip.a(fbl_hw.o)
FblHwRegisterUnlock                               outputs/Output/sip.a(fbl_hw.o)
                                                  outputs/Output/sip.a(fbl_flio.o)
FblInitWatchdog                                   outputs/Output/sip.a(fbl_wd.o)
                                                  outputs/Output/sip.a(bm_main.o)
FblLbtActivateLbtBlockByAddress                   outputs/Output/sip.a(fbl_lbt_access.o)
                                                  outputs/Output/sip.a(bm_main.o)
FblLbtBlockDone                                   outputs/Output/sip.a(fbl_lbt_access.o)
                                                  outputs/Output/sip.a(bm_hdr.o)
FblLbtBlockFilterInit                             outputs/Output/sip.a(fbl_lbt_access.o)